Archive member included to satisfy reference by file (symbol)

/opt/wonderful/thirdparty/blocksds/core/libs/libnds/lib/libnds9.a(mpu_setup.s.o)
                              /opt/wonderful/thirdparty/blocksds/core/sys/crts/ds_arm9_crt0.o (__libnds_mpu_setup)
/opt/wonderful/thirdparty/blocksds/core/libs/libnds/lib/libnds9.a(cp15.s.o)
                              /opt/wonderful/thirdparty/blocksds/core/sys/crts/ds_arm9_crt0.o (CP15_FlushICache)
/opt/wonderful/thirdparty/blocksds/core/libs/libnds/lib/libnds9.a(memcpy.s.o)
                              build/EcuaTrials/source/deck.c.o (memcpy)
/opt/wonderful/thirdparty/blocksds/core/libs/libnds/lib/libnds9.a(memset.s.o)
                              build/EcuaTrials/source/combat.c.o (memset)
/opt/wonderful/thirdparty/blocksds/core/libs/libnds/lib/libnds9.a(memmove.s.o)
                              build/EcuaTrials/source/combat.c.o (memmove)
/opt/wonderful/thirdparty/blocksds/core/libs/libnds/lib/libnds9.a(dma.s.o)
                              build/EcuaTrials/source/graphics.c.o (dmaSetParams)
/opt/wonderful/thirdparty/blocksds/core/libs/libnds/lib/libnds9.a(crt0_argv.c.o)
                              /opt/wonderful/thirdparty/blocksds/core/sys/crts/ds_arm9_crt0.o (build_argv)
/opt/wonderful/thirdparty/blocksds/core/libs/libnds/lib/libnds9.a(sprite.c.o)
                              build/EcuaTrials/source/main.c.o (oamInit)
/opt/wonderful/thirdparty/blocksds/core/libs/libnds/lib/libnds9.a(sprite_alloc.c.o)
                              /opt/wonderful/thirdparty/blocksds/core/libs/libnds/lib/libnds9.a(sprite.c.o) (oamAllocReset)
/opt/wonderful/thirdparty/blocksds/core/libs/libnds/lib/libnds9.a(background.c.o)
                              build/EcuaTrials/source/graphics.c.o (bgInit)
/opt/wonderful/thirdparty/blocksds/core/libs/libnds/lib/libnds9.a(trig.c.o)
                              /opt/wonderful/thirdparty/blocksds/core/libs/libnds/lib/libnds9.a(sprite.c.o) (sinLerp)
/opt/wonderful/thirdparty/blocksds/core/libs/libnds/lib/libnds9.a(dlmalloc.c.o)
                              /opt/wonderful/thirdparty/blocksds/core/libs/libnds/lib/libnds9.a(sprite_alloc.c.o) (malloc)
/opt/wonderful/thirdparty/blocksds/core/libs/libnds/lib/libnds9.a(initSystem.c.o)
                              /opt/wonderful/thirdparty/blocksds/core/sys/crts/ds_arm9_crt0.o (__debugger_unit)
/opt/wonderful/thirdparty/blocksds/core/libs/libnds/lib/libnds9.a(exceptions.c.o)
                              /opt/wonderful/thirdparty/blocksds/core/libs/libnds/lib/libnds9.a(initSystem.c.o) (releaseExceptionHandler)
/opt/wonderful/thirdparty/blocksds/core/libs/libnds/lib/libnds9.a(system.c.o)
                              /opt/wonderful/thirdparty/blocksds/core/libs/libnds/lib/libnds9.a(initSystem.c.o) (systemValueHandler)
/opt/wonderful/thirdparty/blocksds/core/libs/libnds/lib/libnds9.a(cache.c.o)
                              /opt/wonderful/thirdparty/blocksds/core/libs/libnds/lib/libnds9.a(sprite.c.o) (CP15_CleanAndFlushDCacheRange)
/opt/wonderful/thirdparty/blocksds/core/libs/libnds/lib/libnds9.a(keys.c.o)
                              build/EcuaTrials/source/main.c.o (scanKeys)
/opt/wonderful/thirdparty/blocksds/core/libs/libnds/lib/libnds9.a(securearea.c.o)
                              /opt/wonderful/thirdparty/blocksds/core/sys/crts/ds_arm9_crt0.o (__secure_area__)
/opt/wonderful/thirdparty/blocksds/core/libs/libnds/lib/libnds9.a(console.c.o)
                              build/EcuaTrials/source/graphics.c.o (consoleInit)
/opt/wonderful/thirdparty/blocksds/core/libs/libnds/lib/libnds9.a(sassert.c.o)
                              /opt/wonderful/thirdparty/blocksds/core/libs/libnds/lib/libnds9.a(system.c.o) (__sassert)
/opt/wonderful/thirdparty/blocksds/core/libs/libnds/lib/libnds9.a(exit.c.o)
                              /opt/wonderful/thirdparty/blocksds/core/sys/crts/ds_arm9_crt0.o (__libnds_exit)
/opt/wonderful/thirdparty/blocksds/core/libs/libnds/lib/libnds9.a(heapfuncs.c.o)
                              /opt/wonderful/thirdparty/blocksds/core/libs/libnds/lib/libnds9.a(initSystem.c.o) (reduceHeapSize)
/opt/wonderful/thirdparty/blocksds/core/libs/libnds/lib/libnds9.a(sbrk.c.o)
                              /opt/wonderful/thirdparty/blocksds/core/libs/libnds/lib/libnds9.a(dlmalloc.c.o) (sbrk)
/opt/wonderful/thirdparty/blocksds/core/libs/libnds/lib/libnds9.a(exceptions.c.o)
                              /opt/wonderful/thirdparty/blocksds/core/libs/libnds/lib/libnds9.a(exceptions.c.o) (setExceptionHandler)
/opt/wonderful/thirdparty/blocksds/core/libs/libnds/lib/libnds9.a(swiIntrWait.c.o)
                              /opt/wonderful/thirdparty/blocksds/core/libs/libnds/lib/libnds9.a(system.c.o) (swiIntrWait)
/opt/wonderful/thirdparty/blocksds/core/libs/libnds/lib/libnds9.a(interrupts.c.o)
                              /opt/wonderful/thirdparty/blocksds/core/libs/libnds/lib/libnds9.a(initSystem.c.o) (irqInit)
[...]
Memory Configuration

Name             Origin             Length             Attributes
ewram            0x02000000         0x00380000
dtcm             0x02ff4000         0x00004000
itcm             0x01000000         0x00008000
*default*        0x00000000         0xffffffff

Linker script and memory map

                0x00000000                        PROVIDE (__dtcm_data_size = 0x0)
                0x00000001                        ASSERT (((__dtcm_data_size & 0x3) == 0x0), __dtcm_data_size must be a multiple of 4)
                0x00004000                        PROVIDE (__dldi_size = 0x4000)
                0x00000040                        PROVIDE (__dtcm_reserved_size = 0x40)
                0x00000001                        ASSERT (((__dtcm_reserved_size & 0x3) == 0x0), __dtcm_reserved_size must be a multiple of 4)
                0x00000100                        PROVIDE (__svc_stack_size = 0x100)
                0x00000001                        ASSERT (((__svc_stack_size & 0x3) == 0x0), __svc_stack_size must be a multiple of 4)
                0x00000100                        PROVIDE (__irq_stack_size = 0x100)
                0x00000001                        ASSERT (((__irq_stack_size & 0x3) == 0x0), __irq_stack_size must be a multiple of 4)
                0x00000000                        PROVIDE (__usr_stack_size = 0x0)
                0x00000001                        ASSERT (((__usr_stack_size & 0x3) == 0x0), __usr_stack_size must be a multiple of 4)
                0x02380000                        __ewram_end = (ORIGIN (ewram) + LENGTH (ewram))
                0x02380000                        __eheap_end = (ORIGIN (ewram) + LENGTH (ewram))
                0x02ff4000                        __dtcm_start = ORIGIN (dtcm)
                0x02ff8000                        __dtcm_top = (ORIGIN (dtcm) + LENGTH (dtcm))
                0x02ff7ff8                        __irq_flags = (__dtcm_top - 0x8)
                0x02ff7ffc                        __irq_vector = (__dtcm_top - 0x4)
                0x02ff7fc0                        __sp_svc = (__dtcm_top - __dtcm_reserved_size)
                0x02ff7ec0                        __sp_irq = (__sp_svc - __svc_stack_size)
                0x02ff7dc0                        __sp_usr = ((__sp_irq - __irq_stack_size) - __dtcm_data_size)
                0x02ff4000                        __dtcm_data_start = (__dtcm_data_size > 0x0)?__sp_usr:ORIGIN (dtcm)
                0x02ff7dc0                        __dtcm_data_top = (__dtcm_data_size > 0x0)?(__sp_irq - __irq_stack_size):(__sp_usr - __usr_stack_size)
                0x0000000e                        __dldi_log2_size = (LOG2CEIL ((__dldi_size + 0x1)) - 0x1)

.secure         0x02000000      0x800
 *(.secure)
 .secure        0x02000000      0x800 /opt/wonderful/thirdparty/blocksds/core/libs/libnds/lib/libnds9.a(securearea.c.o)
                0x02000000                __secure_area__

.crt0           0x02000800      0x2e4
                0x02000800                        __text_start = .
 *(.crt0)
 .crt0          0x02000800      0x2e4 /opt/wonderful/thirdparty/blocksds/core/sys/crts/ds_arm9_crt0.o
                0x02000800                _start
                0x02000ae4                        . = ALIGN (0x4)

.dldi           0x02000ae4        0x0
                0x02000ae4                        __dldi_start = .
 *(.dldi)
                0x02000ae4                        . = ALIGN (0x4)
                0x02000ae4                        __dldi_data_end = .
                0x02000ae4                        __dldi_end = (__dldi_data_end > __dldi_start)?(__dldi_start + __dldi_size):__dldi_start
                0x02000ae4                        . = __dldi_end
                0x02000ae4                        . = ALIGN (0x4)

.plt
 *(.plt)

.init           0x02000ae4        0x8
 *(SORT_NONE(.init))
 .init          0x02000ae4        0x8 /opt/wonderful/toolchain/gcc-arm-none-eabi/lib/gcc/arm-none-eabi/16.2.0/thumb/arm946e-s/crtn.o

.text           0x02000af0     0x9888
 *(EXCLUDE_FILE(*.twl* *.itcm*) .text)
 .text          0x02000af0        0xe /opt/wonderful/toolchain/gcc-arm-none-eabi/lib/gcc/arm-none-eabi/16.2.0/../../../../arm-none-eabi/lib/thumb/arm946e-s/libc.a(strlen.S.o)
                0x02000af0                strlen
 *fill*         0x02000afe        0x2 ff
 .text          0x02000b00       0x14 /opt/wonderful/toolchain/gcc-arm-none-eabi/lib/gcc/arm-none-eabi/16.2.0/thumb/arm946e-s/libgcc.a(_thumb1_case_uqi.o)
                0x02000b00                __gnu_thumb1_case_uqi
 .text          0x02000b14       0x14 /opt/wonderful/toolchain/gcc-arm-none-eabi/lib/gcc/arm-none-eabi/16.2.0/thumb/arm946e-s/libgcc.a(_thumb1_case_uhi.o)
                0x02000b14                __gnu_thumb1_case_uhi
 .text          0x02000b28      0x214 /opt/wonderful/toolchain/gcc-arm-none-eabi/lib/gcc/arm-none-eabi/16.2.0/thumb/arm946e-s/libgcc.a(_udivsi3.o)
                0x02000b28                __udivsi3
                0x02000b28                __aeabi_uidiv
                0x02000d1c                __aeabi_uidivmod
 .text          0x02000d3c      0x248 /opt/wonderful/toolchain/gcc-arm-none-eabi/lib/gcc/arm-none-eabi/16.2.0/thumb/arm946e-s/libgcc.a(_divsi3.o)
                0x02000d3c                __aeabi_idiv
                0x02000d3c                __divsi3
                0x02000f64                __aeabi_idivmod
 .text          0x02000f84        0x4 /opt/wonderful/toolchain/gcc-arm-none-eabi/lib/gcc/arm-none-eabi/16.2.0/thumb/arm946e-s/libgcc.a(_dvmd_tls.o)
                0x02000f84                __aeabi_ldiv0
                0x02000f84                __aeabi_idiv0
 .text          0x02000f88       0x18 /opt/wonderful/toolchain/gcc-arm-none-eabi/lib/gcc/arm-none-eabi/16.2.0/thumb/arm946e-s/libgcc.a(_lshrdi3.o)
                0x02000f88                __aeabi_llsr
                0x02000f88                __lshrdi3
 .text          0x02000fa0       0x1c /opt/wonderful/toolchain/gcc-arm-none-eabi/lib/gcc/arm-none-eabi/16.2.0/thumb/arm946e-s/libgcc.a(_ashrdi3.o)
                0x02000fa0                __ashrdi3
                0x02000fa0                __aeabi_lasr
 .text          0x02000fbc       0x18 /opt/wonderful/toolchain/gcc-arm-none-eabi/lib/gcc/arm-none-eabi/16.2.0/thumb/arm946e-s/libgcc.a(_ashldi3.o)
                0x02000fbc                __ashldi3
                0x02000fbc                __aeabi_llsl
 .text          0x02000fd4        0x8 /opt/wonderful/toolchain/gcc-arm-none-eabi/lib/gcc/arm-none-eabi/16.2.0/thumb/arm946e-s/libgcc.a(_clzsi2.o)
                0x02000fd4                __clzsi2
 .text          0x02000fdc       0x14 /opt/wonderful/toolchain/gcc-arm-none-eabi/lib/gcc/arm-none-eabi/16.2.0/thumb/arm946e-s/libgcc.a(_clzdi2.o)
                0x02000fdc                __clzdi2
 .text          0x02000ff0       0x3c /opt/wonderful/toolchain/gcc-arm-none-eabi/lib/gcc/arm-none-eabi/16.2.0/thumb/arm946e-s/libgcc.a(_aeabi_uldivmod.o)
                0x02000ff0                __aeabi_uldivmod
 .text          0x0200102c      0x190 /opt/wonderful/toolchain/gcc-arm-none-eabi/lib/gcc/arm-none-eabi/16.2.0/thumb/arm946e-s/libgcc.a(_udivmoddi4.o)
                0x0200102c                __udivmoddi4
 .text          0x020011bc       0x14 /opt/wonderful/toolchain/gcc-arm-none-eabi/lib/gcc/arm-none-eabi/16.2.0/thumb/arm946e-s/libgcc.a(muldi3.o)
                0x020011bc                __aeabi_lmul
                0x020011bc                __muldi3
 *(EXCLUDE_FILE(*.twl* *.itcm*) .stub)
 *(EXCLUDE_FILE(*.twl* *.itcm*) .text.*)
 .text.combat_log
                0x020011d0       0x68 build/EcuaTrials/source/combat.c.o
                0x020011d0                combat_log
 .text.combat_init
                0x02001238       0xe8 build/EcuaTrials/source/combat.c.o
                0x02001238                combat_init
 .text.combat_resolve_card
                0x02001320      0x2fc build/EcuaTrials/source/combat.c.o
                0x02001320                combat_resolve_card
 .text.combat_apply_auras
                0x0200161c      0x108 build/EcuaTrials/source/combat.c.o
                0x0200161c                combat_apply_auras
 .text.combat_ai_turn
                0x02001724      0x188 build/EcuaTrials/source/combat.c.o
                0x02001724                combat_ai_turn
 .text.combat_update
                0x020018ac      0x48c build/EcuaTrials/source/combat.c.o
                0x020018ac                combat_update
 .text.deck_rng_next
                0x02001d38       0x20 build/EcuaTrials/source/deck.c.o
                0x02001d38                deck_rng_next
 .text.deck_shuffle
                0x02001d58       0x70 build/EcuaTrials/source/deck.c.o
                0x02001d58                deck_shuffle
 .text.deck_init
                0x02001dc8       0x5c build/EcuaTrials/source/deck.c.o
                0x02001dc8                deck_init
 .text.deck_draw
                0x02001e24       0x88 build/EcuaTrials/source/deck.c.o
                0x02001e24                deck_draw
 .text.deck_play_from_hand
                0x02001eac       0x58 build/EcuaTrials/source/deck.c.o
                0x02001eac                deck_play_from_hand
 .text.deck_add_shield
                0x02001f04       0x3c build/EcuaTrials/source/deck.c.o
                0x02001f04                deck_add_shield
 .text.deck_damage_shields
                0x02001f40       0x54 build/EcuaTrials/source/deck.c.o
                0x02001f40                deck_damage_shields
 .text.deck_add_to_hand
                0x02001f94       0x40 build/EcuaTrials/source/deck.c.o
                0x02001f94                deck_add_to_hand
 .text.deck_steal_top_from_deck
                0x02001fd4       0x6c build/EcuaTrials/source/deck.c.o
                0x02001fd4                deck_steal_top_from_deck
 .text.deck_steal_random_from_discard
                0x02002040       0x60 build/EcuaTrials/source/deck.c.o
                0x02002040                deck_steal_random_from_discard
 .text.deck_get_total_shield
                0x020020a0       0x20 build/EcuaTrials/source/deck.c.o
                0x020020a0                deck_get_total_shield
 .text.get_deck_size_for_char
                0x020020c0       0x88 build/EcuaTrials/source/game.c.o
 .text.game_init
                0x02002148        0xc build/EcuaTrials/source/game.c.o
                0x02002148                game_init
 .text.game_update
                0x02002154      0x1bc build/EcuaTrials/source/game.c.o
                0x02002154                game_update
 .text.game_draw_top
                0x02002310      0x208 build/EcuaTrials/source/game.c.o
                0x02002310                game_draw_top
 .text.game_draw_bottom
                0x02002518      0xb18 build/EcuaTrials/source/game.c.o
                0x02002518                game_draw_bottom
 .text.gfx_init
                0x02003030      0x29c build/EcuaTrials/source/graphics.c.o
                0x02003030                gfx_init
 .text.init_hardware
                0x020032cc       0x68 build/EcuaTrials/source/main.c.o
                0x020032cc                init_hardware
 .text.startup.main
                0x02003334       0x58 build/EcuaTrials/source/main.c.o
                0x02003334                main
 .text.__libnds_mpu_setup
                0x0200338c      0x1c4 /opt/wonderful/thirdparty/blocksds/core/libs/libnds/lib/libnds9.a(mpu_setup.s.o)
                0x0200338c                __libnds_mpu_setup
 .text.CP15_MPUDisable
                0x02003550       0x3c /opt/wonderful/thirdparty/blocksds/core/libs/libnds/lib/libnds9.a(mpu_setup.s.o)
                0x02003550                CP15_MPUDisable
 .text.__libnds_mpu_jump_past_dtcm
                0x0200358c       0x4c /opt/wonderful/thirdparty/blocksds/core/libs/libnds/lib/libnds9.a(mpu_setup.s.o)
                0x0200358c                __libnds_mpu_jump_past_dtcm
 .text.memUncached
                0x020035d8       0x20 /opt/wonderful/thirdparty/blocksds/core/libs/libnds/lib/libnds9.a(mpu_setup.s.o)
                0x020035d8                memUncached
 .text.CP15_FlushICache
                0x020035f8        0xc /opt/wonderful/thirdparty/blocksds/core/libs/libnds/lib/libnds9.a(cp15.s.o)
                0x020035f8                CP15_FlushICache
 .text.CP15_FlushDCache
                0x02003604        0xc /opt/wonderful/thirdparty/blocksds/core/libs/libnds/lib/libnds9.a(cp15.s.o)
                0x02003604                CP15_FlushDCache
 .text.CP15_CleanAndFlushDCache
                0x02003610       0x34 /opt/wonderful/thirdparty/blocksds/core/libs/libnds/lib/libnds9.a(cp15.s.o)
                0x02003610                CP15_CleanAndFlushDCache
 .text.__aeabi_memcpy
                0x02003644       0xc8 /opt/wonderful/thirdparty/blocksds/core/libs/libnds/lib/libnds9.a(memcpy.s.o)
                0x02003644                __aeabi_memcpy
                0x0200367c                __aeabi_memcpy4
                0x0200367c                __aeabi_memcpy8
                0x020036e8                __ndsabi_memcpy2
 .text.__ndsabi_memcpy1
                0x0200370c       0x14 /opt/wonderful/thirdparty/blocksds/core/libs/libnds/lib/libnds9.a(memcpy.s.o)
                0x0200370c                __ndsabi_memcpy1
 .text.memcpy   0x02003720       0x10 /opt/wonderful/thirdparty/blocksds/core/libs/libnds/lib/libnds9.a(memcpy.s.o)
                0x02003720                memcpy
 .text.__aeabi_memset
                0x02003730       0x9c /opt/wonderful/thirdparty/blocksds/core/libs/libnds/lib/libnds9.a(memset.s.o)
                0x02003730                __aeabi_memset
                0x02003754                __aeabi_memset8
                0x02003754                __aeabi_memset4
                0x02003760                __ndsabi_wordset4
                0x02003764                __ndsabi_lwordset4
 .text.__ndsabi_memset1
                0x020037cc       0x10 /opt/wonderful/thirdparty/blocksds/core/libs/libnds/lib/libnds9.a(memset.s.o)
                0x020037cc                __ndsabi_memset1
 .text.memset   0x020037dc       0x1c /opt/wonderful/thirdparty/blocksds/core/libs/libnds/lib/libnds9.a(memset.s.o)
                0x020037dc                memset
 .text.__aeabi_memmove
                0x020037f8        0xc /opt/wonderful/thirdparty/blocksds/core/libs/libnds/lib/libnds9.a(memmove.s.o)
                0x020037f8                __aeabi_memmove
 .text.memmove  0x02003804       0x10 /opt/wonderful/thirdparty/blocksds/core/libs/libnds/lib/libnds9.a(memmove.s.o)
                0x02003804                memmove
 .text.dmaSetParams
                0x02003814       0x1c /opt/wonderful/thirdparty/blocksds/core/libs/libnds/lib/libnds9.a(dma.s.o)
                0x02003814                dmaSetParams
 .text.dmaStopSafe
                0x02003830       0x44 /opt/wonderful/thirdparty/blocksds/core/libs/libnds/lib/libnds9.a(dma.s.o)
                0x02003830                dmaStopSafe
 .text.build_argv
                0x02003874       0x58 /opt/wonderful/thirdparty/blocksds/core/libs/libnds/lib/libnds9.a(crt0_argv.c.o)
                0x02003874                build_argv
 .text.oamInit  0x020038cc      0x100 /opt/wonderful/thirdparty/blocksds/core/libs/libnds/lib/libnds9.a(sprite.c.o)
                0x020038cc                oamInit
 .text.oamGetGfxPtr
                0x020039cc       0x34 /opt/wonderful/thirdparty/blocksds/core/libs/libnds/lib/libnds9.a(sprite.c.o)
                0x020039cc                oamGetGfxPtr
 .text.oamClear
                0x02003a00       0x24 /opt/wonderful/thirdparty/blocksds/core/libs/libnds/lib/libnds9.a(sprite.c.o)
                0x02003a00                oamClear
 .text.oamSet   0x02003a24      0x15c /opt/wonderful/thirdparty/blocksds/core/libs/libnds/lib/libnds9.a(sprite.c.o)
                0x02003a24                oamSet
 .text.oamUpdate
                0x02003b80       0x50 /opt/wonderful/thirdparty/blocksds/core/libs/libnds/lib/libnds9.a(sprite.c.o)
                0x02003b80                oamUpdate
 .text.oamAllocReset
                0x02003bd0       0x1c /opt/wonderful/thirdparty/blocksds/core/libs/libnds/lib/libnds9.a(sprite_alloc.c.o)
                0x02003bd0                oamAllocReset
 .text.oamAllocateGfx
                0x02003bec      0x54c /opt/wonderful/thirdparty/blocksds/core/libs/libnds/lib/libnds9.a(sprite_alloc.c.o)
                0x02003bec                oamAllocateGfx
 .text.checkIfText
                0x02004138       0x6c /opt/wonderful/thirdparty/blocksds/core/libs/libnds/lib/libnds9.a(background.c.o)
                0x02004138                checkIfText
 .text.bgUpdate
                0x020041a4       0xe8 /opt/wonderful/thirdparty/blocksds/core/libs/libnds/lib/libnds9.a(background.c.o)
                0x020041a4                bgUpdate
 .text.bgInitHidden
                0x0200428c       0xa4 /opt/wonderful/thirdparty/blocksds/core/libs/libnds/lib/libnds9.a(background.c.o)
                0x0200428c                bgInitHidden
 .text.bgInit   0x02004330       0x48 /opt/wonderful/thirdparty/blocksds/core/libs/libnds/lib/libnds9.a(background.c.o)
                0x02004330                bgInit
 .text.bgInitHiddenSub
                0x02004378       0xa4 /opt/wonderful/thirdparty/blocksds/core/libs/libnds/lib/libnds9.a(background.c.o)
                0x02004378                bgInitHiddenSub
 .text.bgInitSub
                0x0200441c       0x48 /opt/wonderful/thirdparty/blocksds/core/libs/libnds/lib/libnds9.a(background.c.o)
                0x0200441c                bgInitSub
 .text.bgSetPriority
                0x02004464       0x1c /opt/wonderful/thirdparty/blocksds/core/libs/libnds/lib/libnds9.a(background.c.o)
                0x02004464                bgSetPriority
 .text.bgGetMapPtr
                0x02004480       0x40 /opt/wonderful/thirdparty/blocksds/core/libs/libnds/lib/libnds9.a(background.c.o)
                0x02004480                bgGetMapPtr
 .text.bgGetGfxPtr
                0x020044c0       0x74 /opt/wonderful/thirdparty/blocksds/core/libs/libnds/lib/libnds9.a(background.c.o)
                0x020044c0                bgGetGfxPtr
 .text.sinLutLookup
                0x02004534       0x50 /opt/wonderful/thirdparty/blocksds/core/libs/libnds/lib/libnds9.a(trig.c.o)
                0x02004534                sinLutLookup
 .text.sinLerp  0x02004584       0x38 /opt/wonderful/thirdparty/blocksds/core/libs/libnds/lib/libnds9.a(trig.c.o)
                0x02004584                sinLerp
 .text.cosLerp  0x020045bc       0x40 /opt/wonderful/thirdparty/blocksds/core/libs/libnds/lib/libnds9.a(trig.c.o)
                0x020045bc                cosLerp
 .text.comutex_acquire
                0x020045fc       0x28 /opt/wonderful/thirdparty/blocksds/core/libs/libnds/lib/libnds9.a(dlmalloc.c.o)
 .text.dispose_chunk.constprop.0
                0x02004624      0x2f0 /opt/wonderful/thirdparty/blocksds/core/libs/libnds/lib/libnds9.a(dlmalloc.c.o)
 .text.init_top.constprop.0
                0x02004914       0x3c /opt/wonderful/thirdparty/blocksds/core/libs/libnds/lib/libnds9.a(dlmalloc.c.o)
 .text.segment_holding.constprop.0
                0x02004950       0x20 /opt/wonderful/thirdparty/blocksds/core/libs/libnds/lib/libnds9.a(dlmalloc.c.o)
 .text.comutex_release.constprop.0
                0x02004970       0x20 /opt/wonderful/thirdparty/blocksds/core/libs/libnds/lib/libnds9.a(dlmalloc.c.o)
 .text.try_realloc_chunk.constprop.0.isra.0
                0x02004990      0x234 /opt/wonderful/thirdparty/blocksds/core/libs/libnds/lib/libnds9.a(dlmalloc.c.o)
 .text.init_mparams.isra.0
                0x02004bc4       0x64 /opt/wonderful/thirdparty/blocksds/core/libs/libnds/lib/libnds9.a(dlmalloc.c.o)
 .text.sys_trim.constprop.0
                0x02004c28      0x104 /opt/wonderful/thirdparty/blocksds/core/libs/libnds/lib/libnds9.a(dlmalloc.c.o)
 .text.malloc   0x02004d2c      0xccc /opt/wonderful/thirdparty/blocksds/core/libs/libnds/lib/libnds9.a(dlmalloc.c.o)
                0x02004d2c                malloc
                0x02004d2c                __malloc_malloc
 .text.free     0x020059f8      0x360 /opt/wonderful/thirdparty/blocksds/core/libs/libnds/lib/libnds9.a(dlmalloc.c.o)
                0x020059f8                __malloc_free
                0x020059f8                cfree
                0x020059f8                free
 .text.realloc  0x02005d58       0xbc /opt/wonderful/thirdparty/blocksds/core/libs/libnds/lib/libnds9.a(dlmalloc.c.o)
                0x02005d58                realloc
 .text.initSystem
                0x02005e14      0x13c /opt/wonderful/thirdparty/blocksds/core/libs/libnds/lib/libnds9.a(initSystem.c.o)
                0x02005e14                initSystem
 .text.releaseCrashHandler
                0x02005f50       0x7c /opt/wonderful/thirdparty/blocksds/core/libs/libnds/lib/libnds9.a(exceptions.c.o)
 .text.exceptionStatePrint
                0x02005fcc      0x2f8 /opt/wonderful/thirdparty/blocksds/core/libs/libnds/lib/libnds9.a(exceptions.c.o)
                0x02005fcc                exceptionStatePrint
 .text.releaseExceptionHandler
                0x020062c4       0x10 /opt/wonderful/thirdparty/blocksds/core/libs/libnds/lib/libnds9.a(exceptions.c.o)
                0x020062c4                releaseExceptionHandler
 .text.systemValueHandler
                0x020062d4       0xc4 /opt/wonderful/thirdparty/blocksds/core/libs/libnds/lib/libnds9.a(system.c.o)
                0x020062d4                systemValueHandler
 .text.systemMsgHandler
                0x02006398       0x2c /opt/wonderful/thirdparty/blocksds/core/libs/libnds/lib/libnds9.a(system.c.o)
                0x02006398                systemMsgHandler
 .text.scanKeys
                0x020063c4       0xcc /opt/wonderful/thirdparty/blocksds/core/libs/libnds/lib/libnds9.a(keys.c.o)
                0x020063c4                scanKeys
 .text.keysHeld
                0x02006490        0xc /opt/wonderful/thirdparty/blocksds/core/libs/libnds/lib/libnds9.a(keys.c.o)
                0x02006490                keysHeld
 .text.keysDown
                0x0200649c        0xc /opt/wonderful/thirdparty/blocksds/core/libs/libnds/lib/libnds9.a(keys.c.o)
                0x0200649c                keysDown
 .text.keysUp   0x020064a8        0xc /opt/wonderful/thirdparty/blocksds/core/libs/libnds/lib/libnds9.a(keys.c.o)
                0x020064a8                keysUp
 .text.touchRead
                0x020064b4       0x24 /opt/wonderful/thirdparty/blocksds/core/libs/libnds/lib/libnds9.a(keys.c.o)
                0x020064b4                touchRead
 .text.setTransferInputData
                0x020064d8       0x1c /opt/wonderful/thirdparty/blocksds/core/libs/libnds/lib/libnds9.a(keys.c.o)
                0x020064d8                setTransferInputData
 .text.console_handle_sgr
                0x020064f4      0x1bc /opt/wonderful/thirdparty/blocksds/core/libs/libnds/lib/libnds9.a(console.c.o)
 .text.newRow   0x020066b0       0x84 /opt/wonderful/thirdparty/blocksds/core/libs/libnds/lib/libnds9.a(console.c.o)
 .text.consolePrintChar.part.0
                0x02006734      0x118 /opt/wonderful/thirdparty/blocksds/core/libs/libnds/lib/libnds9.a(console.c.o)
 .text.con_write
                0x0200684c      0x46c /opt/wonderful/thirdparty/blocksds/core/libs/libnds/lib/libnds9.a(console.c.o)
 .text.consoleLoadFont
                0x02006cb8      0x244 /opt/wonderful/thirdparty/blocksds/core/libs/libnds/lib/libnds9.a(console.c.o)
                0x02006cb8                consoleLoadFont
 .text.consoleInitEx
                0x02006efc      0x148 /opt/wonderful/thirdparty/blocksds/core/libs/libnds/lib/libnds9.a(console.c.o)
                0x02006efc                consoleInitEx
 .text.consoleInit
                0x02007044       0x2c /opt/wonderful/thirdparty/blocksds/core/libs/libnds/lib/libnds9.a(console.c.o)
                0x02007044                consoleInit
 .text.consoleSelect
                0x02007070       0x10 /opt/wonderful/thirdparty/blocksds/core/libs/libnds/lib/libnds9.a(console.c.o)
                0x02007070                consoleSelect
 .text.consoleDemoInit
                0x02007080       0x48 /opt/wonderful/thirdparty/blocksds/core/libs/libnds/lib/libnds9.a(console.c.o)
                0x02007080                consoleDemoInit
 .text.consolePrintChar
                0x020070c8       0x24 /opt/wonderful/thirdparty/blocksds/core/libs/libnds/lib/libnds9.a(console.c.o)
                0x020070c8                consolePrintChar
 .text.consoleSetCursor
                0x020070ec       0x28 /opt/wonderful/thirdparty/blocksds/core/libs/libnds/lib/libnds9.a(console.c.o)
                0x020070ec                consoleSetCursor
 .text.consoleSetColor
                0x02007114       0x1c /opt/wonderful/thirdparty/blocksds/core/libs/libnds/lib/libnds9.a(console.c.o)
                0x02007114                consoleSetColor
 .text.consoleArm7Flush
                0x02007130       0x68 /opt/wonderful/thirdparty/blocksds/core/libs/libnds/lib/libnds9.a(console.c.o)
                0x02007130                consoleArm7Flush
 .text.__sassert
                0x02007198       0x90 /opt/wonderful/thirdparty/blocksds/core/libs/libnds/lib/libnds9.a(sassert.c.o)
                0x02007198                __sassert
 .text.systemErrorExit
                0x02007228        0x4 /opt/wonderful/thirdparty/blocksds/core/libs/libnds/lib/libnds9.a(exit.c.o)
                0x02007228                systemErrorExit
 .text.__libnds_exit
                0x0200722c        0x8 /opt/wonderful/thirdparty/blocksds/core/libs/libnds/lib/libnds9.a(exit.c.o)
                0x0200722c                __libnds_exit
 .text._exit    0x02007234      0x10c /opt/wonderful/thirdparty/blocksds/core/libs/libnds/lib/libnds9.a(exit.c.o)
                0x02007234                _exit
 .text.reduceHeapSize
                0x02007340       0x2c /opt/wonderful/thirdparty/blocksds/core/libs/libnds/lib/libnds9.a(heapfuncs.c.o)
                0x02007340                reduceHeapSize
 .text.sbrk     0x0200736c       0x40 /opt/wonderful/thirdparty/blocksds/core/libs/libnds/lib/libnds9.a(sbrk.c.o)
                0x0200736c                sbrk
 .text.setExceptionHandler
                0x020073ac       0x18 /opt/wonderful/thirdparty/blocksds/core/libs/libnds/lib/libnds9.a(exceptions.c.o)
                0x020073ac                setExceptionHandler
 .text.libndsCrash
                0x020073c4        0xc /opt/wonderful/thirdparty/blocksds/core/libs/libnds/lib/libnds9.a(exceptions.c.o)
                0x020073c4                libndsCrash
 .text.irqSet   0x020073d0       0x90 /opt/wonderful/thirdparty/blocksds/core/libs/libnds/lib/libnds9.a(interrupts.c.o)
                0x020073d0                irqSet
 .text.irqInit  0x02007460       0x44 /opt/wonderful/thirdparty/blocksds/core/libs/libnds/lib/libnds9.a(interrupts.c.o)
                0x02007460                irqInit
 .text.irqEnable
                0x020074a4       0x70 /opt/wonderful/thirdparty/blocksds/core/libs/libnds/lib/libnds9.a(interrupts.c.o)
                0x020074a4                irqEnable
 .text.cothread_delete_internal
                0x02007514       0xb4 /opt/wonderful/thirdparty/blocksds/core/libs/libnds/lib/libnds9.a(threads.c.o)
 .text.cothread_main
                0x020075c8       0x1c /opt/wonderful/thirdparty/blocksds/core/libs/libnds/lib/libnds9.a(threads.c.o)
                0x020075c8                cothread_main
 .text.cothread_yield
                0x020075e4       0x20 /opt/wonderful/thirdparty/blocksds/core/libs/libnds/lib/libnds9.a(threads.c.o)
                0x020075e4                cothread_yield
 .text.cothread_start
                0x02007604      0x114 /opt/wonderful/thirdparty/blocksds/core/libs/libnds/lib/libnds9.a(threads.c.o)
                0x02007604                cothread_start
 .text.fifo_buffer_wait_block
                0x02007718       0x74 /opt/wonderful/thirdparty/blocksds/core/libs/libnds/lib/libnds9.a(fifosystem.c.o)
 .text.fifoFillTxFifoFromBuffer
                0x0200778c       0xac /opt/wonderful/thirdparty/blocksds/core/libs/libnds/lib/libnds9.a(fifosystem.c.o)
 .text.fifoInternalSendInterrupt
                0x02007838        0x8 /opt/wonderful/thirdparty/blocksds/core/libs/libnds/lib/libnds9.a(fifosystem.c.o)
 .text.fifoInternalSend.part.0
                0x02007840       0xc4 /opt/wonderful/thirdparty/blocksds/core/libs/libnds/lib/libnds9.a(fifosystem.c.o)
 .text.fifoSendValue32
                0x02007904       0x40 /opt/wonderful/thirdparty/blocksds/core/libs/libnds/lib/libnds9.a(fifosystem.c.o)
                0x02007904                fifoSendValue32
 .text.fifoGetDatamsg
                0x02007944       0xdc /opt/wonderful/thirdparty/blocksds/core/libs/libnds/lib/libnds9.a(fifosystem.c.o)
                0x02007944                fifoGetDatamsg
 .text.fifoReadRxFifoAndProcessBuffer
                0x02007a20      0x348 /opt/wonderful/thirdparty/blocksds/core/libs/libnds/lib/libnds9.a(fifosystem.c.o)
 .text.fifoInternalRecvInterrupt
                0x02007d68        0x8 /opt/wonderful/thirdparty/blocksds/core/libs/libnds/lib/libnds9.a(fifosystem.c.o)
 .text.fifoSetValue32Handler
                0x02007d70       0xd0 /opt/wonderful/thirdparty/blocksds/core/libs/libnds/lib/libnds9.a(fifosystem.c.o)
                0x02007d70                fifoSetValue32Handler
 .text.fifoSetDatamsgHandler
                0x02007e40       0xa8 /opt/wonderful/thirdparty/blocksds/core/libs/libnds/lib/libnds9.a(fifosystem.c.o)
                0x02007e40                fifoSetDatamsgHandler
 .text.fifoInit
                0x02007ee8      0x138 /opt/wonderful/thirdparty/blocksds/core/libs/libnds/lib/libnds9.a(fifosystem.c.o)
                0x02007ee8                fifoInit
 .text.__ndsabi_rmemcpy
                0x02008020       0xe0 /opt/wonderful/thirdparty/blocksds/core/libs/libnds/lib/libnds9.a(rmemcpy.s.o)
                0x02008020                __ndsabi_rmemcpy
                0x020080ec                __ndsabi_rmemcpy1
 .text.__ndsabi_coro_resume
                0x02008100       0x18 /opt/wonderful/thirdparty/blocksds/core/libs/libnds/lib/libnds9.a(coroutine.s.o)
                0x02008100                __ndsabi_coro_resume
 .text.__ndsabi_coro_yield
                0x02008118       0x1c /opt/wonderful/thirdparty/blocksds/core/libs/libnds/lib/libnds9.a(coroutine.s.o)
                0x02008118                __ndsabi_coro_yield
 .text.__ndsabi_coro_pop_noctx
                0x02008134       0x34 /opt/wonderful/thirdparty/blocksds/core/libs/libnds/lib/libnds9.a(coroutine.s.o)
                0x02008134                __ndsabi_coro_pop_noctx
 .text.enterException
                0x02008168       0xd4 /opt/wonderful/thirdparty/blocksds/core/libs/libnds/lib/libnds9.a(exceptionHandler.s.o)
                0x02008168                enterException
                0x020081dc                exceptionC
                0x020081e0                exceptionStack
                0x020081e4                exceptionRegisters
 .text.__aeabi_read_tp
                0x0200823c       0x38 /opt/wonderful/thirdparty/blocksds/core/libs/libnds/lib/libnds9.a(aeabi_read_tp.s.o)
                0x0200823c                __aeabi_read_tp
 .text.getCPSR  0x02008274        0x8 /opt/wonderful/thirdparty/blocksds/core/libs/libnds/lib/libnds9.a(cpu.s.o)
                0x02008274                getCPSR
 .text.picolibc_stdin_fn_read_hook
                0x0200827c       0x28 /opt/wonderful/thirdparty/blocksds/core/libs/libnds/lib/libnds9.a(std_streams.c.o)
 .text.putc_buffered.isra.0
                0x020082a4       0x84 /opt/wonderful/thirdparty/blocksds/core/libs/libnds/lib/libnds9.a(std_streams.c.o)
 .text.write_stdout_libnds
                0x02008328       0x84 /opt/wonderful/thirdparty/blocksds/core/libs/libnds/lib/libnds9.a(std_streams.c.o)
                0x02008328                write_stdout_libnds
 .text.setBrightness
                0x020083ac       0x3c /opt/wonderful/thirdparty/blocksds/core/libs/libnds/lib/libnds9.a(video.c.o)
                0x020083ac                setBrightness
 .text.vramDefault
                0x020083e8       0xe4 /opt/wonderful/thirdparty/blocksds/core/libs/libnds/lib/libnds9.a(video.c.o)
                0x020083e8                vramDefault
 .text.__retarget_lock_init_recursive
                0x020084cc       0x44 /opt/wonderful/thirdparty/blocksds/core/libs/libnds/lib/libnds9.a(locks.c.o)
                0x020084cc                __retarget_lock_init_recursive
 .text.__retarget_lock_acquire_recursive
                0x02008510       0x70 /opt/wonderful/thirdparty/blocksds/core/libs/libnds/lib/libnds9.a(locks.c.o)
                0x02008510                __retarget_lock_acquire_recursive
 .text.__retarget_lock_release_recursive
                0x02008580       0x58 /opt/wonderful/thirdparty/blocksds/core/libs/libnds/lib/libnds9.a(locks.c.o)
                0x02008580                __retarget_lock_release_recursive
 .text.__retarget_lock_init
                0x020085d8        0x8 /opt/wonderful/thirdparty/blocksds/core/libs/libnds/lib/libnds9.a(locks.c.o)
                0x020085d8                __retarget_lock_init
 .text.__retarget_lock_close
                0x020085e0       0x30 /opt/wonderful/thirdparty/blocksds/core/libs/libnds/lib/libnds9.a(locks.c.o)
                0x020085e0                __retarget_lock_close
 .text.__retarget_lock_acquire
                0x02008610        0x8 /opt/wonderful/thirdparty/blocksds/core/libs/libnds/lib/libnds9.a(locks.c.o)
                0x02008610                __retarget_lock_acquire
 .text.__retarget_lock_release
                0x02008618        0x8 /opt/wonderful/thirdparty/blocksds/core/libs/libnds/lib/libnds9.a(locks.c.o)
                0x02008618                __retarget_lock_release
 .text.__ndsabi_coro_make_noctx
                0x02008620       0x28 /opt/wonderful/thirdparty/blocksds/core/libs/libnds/lib/libnds9.a(coroutine.c.o)
                0x02008620                __ndsabi_coro_make_noctx
 .text.__libc_init_array
                0x02008648       0x1c /opt/wonderful/toolchain/gcc-arm-none-eabi/lib/gcc/arm-none-eabi/16.2.0/../../../../arm-none-eabi/lib/thumb/arm946e-s/libc.a(libc_misc_init.c.o)
                0x02008648                __libc_init_array
 .text.__bufio_lock_init
                0x02008664       0x24 /opt/wonderful/toolchain/gcc-arm-none-eabi/lib/gcc/arm-none-eabi/16.2.0/../../../../arm-none-eabi/lib/thumb/arm946e-s/libc.a(libc_stdio_bufio.c.o)
                0x02008664                __bufio_lock_init
 .text.__bufio_lock
                0x02008688       0x16 /opt/wonderful/toolchain/gcc-arm-none-eabi/lib/gcc/arm-none-eabi/16.2.0/../../../../arm-none-eabi/lib/thumb/arm946e-s/libc.a(libc_stdio_bufio.c.o)
 .text.__bufio_flush_locked
                0x0200869e       0x66 /opt/wonderful/toolchain/gcc-arm-none-eabi/lib/gcc/arm-none-eabi/16.2.0/../../../../arm-none-eabi/lib/thumb/arm946e-s/libc.a(libc_stdio_bufio.c.o)
                0x0200869e                __bufio_flush_locked
 .text.__bufio_fill_locked
                0x02008704       0x2c /opt/wonderful/toolchain/gcc-arm-none-eabi/lib/gcc/arm-none-eabi/16.2.0/../../../../arm-none-eabi/lib/thumb/arm946e-s/libc.a(libc_stdio_bufio.c.o)
                0x02008704                __bufio_fill_locked
 .text.__bufio_flush
                0x02008730       0x1a /opt/wonderful/toolchain/gcc-arm-none-eabi/lib/gcc/arm-none-eabi/16.2.0/../../../../arm-none-eabi/lib/thumb/arm946e-s/libc.a(libc_stdio_bufio.c.o)
                0x02008730                __bufio_flush
 .text.__bufio_setdir_locked
                0x0200874a       0x1a /opt/wonderful/toolchain/gcc-arm-none-eabi/lib/gcc/arm-none-eabi/16.2.0/../../../../arm-none-eabi/lib/thumb/arm946e-s/libc.a(libc_stdio_bufio.c.o)
                0x0200874a                __bufio_setdir_locked
 .text.__bufio_put
                0x02008764       0x4c /opt/wonderful/toolchain/gcc-arm-none-eabi/lib/gcc/arm-none-eabi/16.2.0/../../../../arm-none-eabi/lib/thumb/arm946e-s/libc.a(libc_stdio_bufio.c.o)
                0x02008764                __bufio_put
 .text.__bufio_get
                0x020087b0       0x70 /opt/wonderful/toolchain/gcc-arm-none-eabi/lib/gcc/arm-none-eabi/16.2.0/../../../../arm-none-eabi/lib/thumb/arm946e-s/libc.a(libc_stdio_bufio.c.o)
                0x020087b0                __bufio_get
 .text.__bufio_seek
                0x02008820       0x76 /opt/wonderful/toolchain/gcc-arm-none-eabi/lib/gcc/arm-none-eabi/16.2.0/../../../../arm-none-eabi/lib/thumb/arm946e-s/libc.a(libc_stdio_bufio.c.o)
                0x02008820                __bufio_seek
 .text.__bufio_close_nf
                0x02008896       0x30 /opt/wonderful/toolchain/gcc-arm-none-eabi/lib/gcc/arm-none-eabi/16.2.0/../../../../arm-none-eabi/lib/thumb/arm946e-s/libc.a(libc_stdio_bufio_close_nf.c.o)
                0x02008896                __bufio_close_nf
 .text.fflush   0x020088c6       0x1a /opt/wonderful/toolchain/gcc-arm-none-eabi/lib/gcc/arm-none-eabi/16.2.0/../../../../arm-none-eabi/lib/thumb/arm946e-s/libc.a(libc_stdio_fflush.c.o)
                0x020088c6                fflush
 .text.printf   0x020088e0       0x20 /opt/wonderful/toolchain/gcc-arm-none-eabi/lib/gcc/arm-none-eabi/16.2.0/../../../../arm-none-eabi/lib/thumb/arm946e-s/libc.a(libc_stdio_printf.c.o)
                0x020088e0                printf
 .text.putchar  0x02008900       0x10 /opt/wonderful/toolchain/gcc-arm-none-eabi/lib/gcc/arm-none-eabi/16.2.0/../../../../arm-none-eabi/lib/thumb/arm946e-s/libc.a(libc_stdio_putchar.c.o)
                0x02008900                putchar
                0x02008900                putchar_unlocked
 .text.puts     0x02008910       0x44 /opt/wonderful/toolchain/gcc-arm-none-eabi/lib/gcc/arm-none-eabi/16.2.0/../../../../arm-none-eabi/lib/thumb/arm946e-s/libc.a(libc_stdio_puts.c.o)
                0x02008910                puts
 .text.snprintf
                0x02008954       0x54 /opt/wonderful/toolchain/gcc-arm-none-eabi/lib/gcc/arm-none-eabi/16.2.0/../../../../arm-none-eabi/lib/thumb/arm946e-s/libc.a(libc_stdio_snprintf.c.o)
                0x02008954                snprintf
 .text.__ultoa_invert
                0x020089a8       0x4a /opt/wonderful/toolchain/gcc-arm-none-eabi/lib/gcc/arm-none-eabi/16.2.0/../../../../arm-none-eabi/lib/thumb/arm946e-s/libc.a(libc_stdio_vfprintf.c.o)
 *fill*         0x020089f2        0x2 ff
 .text.skip_to_arg
                0x020089f4      0x140 /opt/wonderful/toolchain/gcc-arm-none-eabi/lib/gcc/arm-none-eabi/16.2.0/../../../../arm-none-eabi/lib/thumb/arm946e-s/libc.a(libc_stdio_vfprintf.c.o)
 .text.vfprintf
                0x02008b34      0xb2c /opt/wonderful/toolchain/gcc-arm-none-eabi/lib/gcc/arm-none-eabi/16.2.0/../../../../arm-none-eabi/lib/thumb/arm946e-s/libc.a(libc_stdio_vfprintf.c.o)
                0x02008b34                __d_vfprintf
                0x02008b34                vfprintf
 .text.vprintf  0x02009660       0x14 /opt/wonderful/toolchain/gcc-arm-none-eabi/lib/gcc/arm-none-eabi/16.2.0/../../../../arm-none-eabi/lib/thumb/arm946e-s/libc.a(libc_stdio_vprintf.c.o)
                0x02009660                vprintf
 .text.mulShiftAll64
                0x02009674      0x202 /opt/wonderful/toolchain/gcc-arm-none-eabi/lib/gcc/arm-none-eabi/16.2.0/../../../../arm-none-eabi/lib/thumb/arm946e-s/libc.a(libc_stdio_dtoa_ryu.c.o)
 *fill*         0x02009876        0x2 ff
 .text.div10    0x02009878       0x28 /opt/wonderful/toolchain/gcc-arm-none-eabi/lib/gcc/arm-none-eabi/16.2.0/../../../../arm-none-eabi/lib/thumb/arm946e-s/libc.a(libc_stdio_dtoa_ryu.c.o)
 .text.__dtoa_engine
                0x020098a0      0x4bc /opt/wonderful/toolchain/gcc-arm-none-eabi/lib/gcc/arm-none-eabi/16.2.0/../../../../arm-none-eabi/lib/thumb/arm946e-s/libc.a(libc_stdio_dtoa_ryu.c.o)
                0x020098a0                __dtoa_engine
 .text.__log10Pow2
                0x02009d5c        0xc /opt/wonderful/toolchain/gcc-arm-none-eabi/lib/gcc/arm-none-eabi/16.2.0/../../../../arm-none-eabi/lib/thumb/arm946e-s/libc.a(libc_stdio_ryu_log10.c.o)
                0x02009d5c                __log10Pow2
 .text.__log10Pow5
                0x02009d68        0xc /opt/wonderful/toolchain/gcc-arm-none-eabi/lib/gcc/arm-none-eabi/16.2.0/../../../../arm-none-eabi/lib/thumb/arm946e-s/libc.a(libc_stdio_ryu_log10.c.o)
                0x02009d68                __log10Pow5
 .text.__pow5bits
                0x02009d74       0x10 /opt/wonderful/toolchain/gcc-arm-none-eabi/lib/gcc/arm-none-eabi/16.2.0/../../../../arm-none-eabi/lib/thumb/arm946e-s/libc.a(libc_stdio_ryu_pow5bits.c.o)
                0x02009d74                __pow5bits
 .text.__pow5Factor
                0x02009d84       0x2c /opt/wonderful/toolchain/gcc-arm-none-eabi/lib/gcc/arm-none-eabi/16.2.0/../../../../arm-none-eabi/lib/thumb/arm946e-s/libc.a(libc_stdio_ryu_table.c.o)
                0x02009d84                __pow5Factor
 .text.__double_computePow5
                0x02009db0      0x100 /opt/wonderful/toolchain/gcc-arm-none-eabi/lib/gcc/arm-none-eabi/16.2.0/../../../../arm-none-eabi/lib/thumb/arm946e-s/libc.a(libc_stdio_ryu_table.c.o)
                0x02009db0                __double_computePow5
 .text.__double_computeInvPow5
                0x02009eb0       0xfc /opt/wonderful/toolchain/gcc-arm-none-eabi/lib/gcc/arm-none-eabi/16.2.0/../../../../arm-none-eabi/lib/thumb/arm946e-s/libc.a(libc_stdio_ryu_table.c.o)
                0x02009eb0                __double_computeInvPow5
 .text.__umul128
                0x02009fac       0x6e /opt/wonderful/toolchain/gcc-arm-none-eabi/lib/gcc/arm-none-eabi/16.2.0/../../../../arm-none-eabi/lib/thumb/arm946e-s/libc.a(libc_stdio_ryu_umul128.c.o)
                0x02009fac                __umul128
 .text.__shiftright128
                0x0200a01a       0x28 /opt/wonderful/toolchain/gcc-arm-none-eabi/lib/gcc/arm-none-eabi/16.2.0/../../../../arm-none-eabi/lib/thumb/arm946e-s/libc.a(libc_stdio_ryu_umul128.c.o)
                0x0200a01a                __shiftright128
 .text.exit     0x0200a042        0xe /opt/wonderful/toolchain/gcc-arm-none-eabi/lib/gcc/arm-none-eabi/16.2.0/../../../../arm-none-eabi/lib/thumb/arm946e-s/libc.a(libc_stdlib_exit.c.o)
                0x0200a042                exit
 .text.__ascii_wctomb
                0x0200a050       0x16 /opt/wonderful/toolchain/gcc-arm-none-eabi/lib/gcc/arm-none-eabi/16.2.0/../../../../arm-none-eabi/lib/thumb/arm946e-s/libc.a(libc_stdlib_wctomb_r.c.o)
                0x0200a050                __ascii_wctomb
 *fill*         0x0200a066        0x2 ff
 .text.__utf8_wctomb
                0x0200a068       0xc0 /opt/wonderful/toolchain/gcc-arm-none-eabi/lib/gcc/arm-none-eabi/16.2.0/../../../../arm-none-eabi/lib/thumb/arm946e-s/libc.a(libc_stdlib_wctomb_r.c.o)
                0x0200a068                __utf8_wctomb
 .text.strncpy  0x0200a128       0x28 /opt/wonderful/toolchain/gcc-arm-none-eabi/lib/gcc/arm-none-eabi/16.2.0/../../../../arm-none-eabi/lib/thumb/arm946e-s/libc.a(libc_string_strncpy.c.o)
                0x0200a128                strncpy
 .text.strnlen  0x0200a150       0x16 /opt/wonderful/toolchain/gcc-arm-none-eabi/lib/gcc/arm-none-eabi/16.2.0/../../../../arm-none-eabi/lib/thumb/arm946e-s/libc.a(libc_string_strnlen.c.o)
                0x0200a150                strnlen
 .text.time     0x0200a166       0x28 /opt/wonderful/toolchain/gcc-arm-none-eabi/lib/gcc/arm-none-eabi/16.2.0/../../../../arm-none-eabi/lib/thumb/arm946e-s/libc.a(libc_time_time.c.o)
                0x0200a166                time
 *fill*         0x0200a18e        0x2 ff
 .text.__libc_fini_array
                0x0200a190       0x1c /opt/wonderful/toolchain/gcc-arm-none-eabi/lib/gcc/arm-none-eabi/16.2.0/../../../../arm-none-eabi/lib/thumb/arm946e-s/libc.a(libc_misc_fini.c.o)
                0x0200a190                __libc_fini_array
 .text.__picolibc_non_atomic_store_ungetc
                0x0200a1ac        0x4 /opt/wonderful/toolchain/gcc-arm-none-eabi/lib/gcc/arm-none-eabi/16.2.0/../../../../arm-none-eabi/lib/thumb/arm946e-s/libc.a(libc_stdio_atomic_store.c.o)
                0x0200a1ac                __picolibc_non_atomic_store_ungetc
                0x0200a1ac                __atomic_store_ungetc
 .text.__dtox_engine
                0x0200a1b0      0x12c /opt/wonderful/toolchain/gcc-arm-none-eabi/lib/gcc/arm-none-eabi/16.2.0/../../../../arm-none-eabi/lib/thumb/arm946e-s/libc.a(libc_stdio_dtox_engine.c.o)
                0x0200a1b0                __dtox_engine
 .text.__file_str_put
                0x0200a2dc       0x10 /opt/wonderful/toolchain/gcc-arm-none-eabi/lib/gcc/arm-none-eabi/16.2.0/../../../../arm-none-eabi/lib/thumb/arm946e-s/libc.a(libc_stdio_filestrput.c.o)
                0x0200a2dc                __file_str_put
 .text.putc     0x0200a2ec       0x2e /opt/wonderful/toolchain/gcc-arm-none-eabi/lib/gcc/arm-none-eabi/16.2.0/../../../../arm-none-eabi/lib/thumb/arm946e-s/libc.a(libc_stdio_fputc.c.o)
                0x0200a2ec                putc_unlocked
                0x0200a2ec                putc
                0x0200a2ec                fputc
 *fill*         0x0200a31a        0x2 ff
 .text.gettimeofday
                0x0200a31c       0x1c /opt/wonderful/thirdparty/blocksds/core/libs/libnds/lib/libnds9.a(syscalls.c.o)
                0x0200a31c                gettimeofday
 .text.gettimeofday.__stub
                0x0200a338       0x40 linker stubs
 *(EXCLUDE_FILE(*.twl*) .gnu.warning)
 *(EXCLUDE_FILE(*.twl*) .gnu.linkonce.t*)
 *(.glue_7)
 .glue_7        0x0200a378        0x0 linker stubs
 *(.glue_7t)
 .glue_7t       0x0200a378        0x0 linker stubs
                0x0200a378                        . = ALIGN (0x4)

.vfp11_veneer   0x0200a378        0x0
 .vfp11_veneer  0x0200a378        0x0 linker stubs

.v4_bx          0x0200a378        0x0
 .v4_bx         0x0200a378        0x0 linker stubs

.iplt           0x0200a378        0x0
 .iplt          0x0200a378        0x0 /opt/wonderful/thirdparty/blocksds/core/sys/crts/ds_arm9_crt0.o

.fini           0x0200a378        0x8
 *(.fini)
 .fini          0x0200a378        0x8 /opt/wonderful/toolchain/gcc-arm-none-eabi/lib/gcc/arm-none-eabi/16.2.0/thumb/arm946e-s/crtn.o
                0x0200a380                        __text_end = .

.rodata         0x0200a380    0x203bc
 *(EXCLUDE_FILE(*.twl*) .rodata)
 .rodata        0x0200a380       0x40 /opt/wonderful/thirdparty/blocksds/core/libs/libnds/lib/libnds9.a(exceptions.c.o)
 .rodata        0x0200a3c0      0x340 /opt/wonderful/toolchain/gcc-arm-none-eabi/lib/gcc/arm-none-eabi/16.2.0/../../../../arm-none-eabi/lib/thumb/arm946e-s/libc.a(libc_stdio_ryu_table.c.o)
 .rodata        0x0200a700        0x8 /opt/wonderful/toolchain/gcc-arm-none-eabi/lib/gcc/arm-none-eabi/16.2.0/../../../../arm-none-eabi/lib/thumb/arm946e-s/libc.a(libc_stdlib_wctomb_r.c.o)
                0x0200a700                __wctomb
 *all.rodata*(*)
 *(EXCLUDE_FILE(*.twl*) .roda)
 *(EXCLUDE_FILE(*.twl*) .rodata.*)
 .rodata.bg_bottomPal
                0x0200a708      0x1e0 build/EcuaTrials/gfx/bg_bottom.png.o
                0x0200a708                bg_bottomPal
 .rodata.bg_bottomMap
                0x0200a8e8      0x800 build/EcuaTrials/gfx/bg_bottom.png.o
                0x0200a8e8                bg_bottomMap
 .rodata.bg_bottomTiles
                0x0200b0e8     0x7540 build/EcuaTrials/gfx/bg_bottom.png.o
                0x0200b0e8                bg_bottomTiles
 .rodata.bg_topPal
                0x02012628      0x1e0 build/EcuaTrials/gfx/bg_top.png.o
                0x02012628                bg_topPal
 .rodata.bg_topMap
                0x02012808      0x800 build/EcuaTrials/gfx/bg_top.png.o
                0x02012808                bg_topMap
 .rodata.bg_topTiles
                0x02013008     0xc080 build/EcuaTrials/gfx/bg_top.png.o
                0x02013008                bg_topTiles
 .rodata.spr_cantunaPal
                0x0201f088      0x200 build/EcuaTrials/gfx/spr_cantuna.png.o
                0x0201f088                spr_cantunaPal
 .rodata.spr_cantunaTiles
                0x0201f288     0x1000 build/EcuaTrials/gfx/spr_cantuna.png.o
                0x0201f288                spr_cantunaTiles
 .rodata.spr_card_backPal
                0x02020288      0x200 build/EcuaTrials/gfx/spr_card_back.png.o
                0x02020288                spr_card_backPal
 .rodata.spr_card_backTiles
                0x02020488      0x800 build/EcuaTrials/gfx/spr_card_back.png.o
                0x02020488                spr_card_backTiles
 .rodata.spr_tundaPal
                0x02020c88      0x200 build/EcuaTrials/gfx/spr_tunda.png.o
                0x02020c88                spr_tundaPal
 .rodata.spr_tundaTiles
                0x02020e88     0x1000 build/EcuaTrials/gfx/spr_tunda.png.o
                0x02020e88                spr_tundaTiles
 .rodata.VIUDA_DECK_SIZE
                0x02021e88        0x4 build/EcuaTrials/source/card.c.o
                0x02021e88                VIUDA_DECK_SIZE
 .rodata.str1.4
                0x02021e8c     0x38a5 build/EcuaTrials/source/card.c.o
                               0x1e89 (size before relaxing)
 *fill*         0x02025731        0x3 ff
 .rodata.CARTAS_VIUDA
                0x02025734      0x620 build/EcuaTrials/source/card.c.o
                0x02025734                CARTAS_VIUDA
 .rodata.GUAGUAAUCA_DECK_SIZE
                0x02025d54        0x4 build/EcuaTrials/source/card.c.o
                0x02025d54                GUAGUAAUCA_DECK_SIZE
 .rodata.CARTAS_GUAGUAAUCA
                0x02025d58      0x620 build/EcuaTrials/source/card.c.o
                0x02025d58                CARTAS_GUAGUAAUCA
 .rodata.LLORONA_DECK_SIZE
                0x02026378        0x4 build/EcuaTrials/source/card.c.o
                0x02026378                LLORONA_DECK_SIZE
 .rodata.CARTAS_LLORONA
                0x0202637c      0x620 build/EcuaTrials/source/card.c.o
                0x0202637c                CARTAS_LLORONA
 .rodata.CHUZALONGO_DECK_SIZE
                0x0202699c        0x4 build/EcuaTrials/source/card.c.o
                0x0202699c                CHUZALONGO_DECK_SIZE
 .rodata.CARTAS_CHUZALONGO
                0x020269a0      0x620 build/EcuaTrials/source/card.c.o
                0x020269a0                CARTAS_CHUZALONGO
 .rodata.CURA_DECK_SIZE
                0x02026fc0        0x4 build/EcuaTrials/source/card.c.o
                0x02026fc0                CURA_DECK_SIZE
 .rodata.CARTAS_CURA
                0x02026fc4      0x620 build/EcuaTrials/source/card.c.o
                0x02026fc4                CARTAS_CURA
 .rodata.GALLO_DECK_SIZE
                0x020275e4        0x4 build/EcuaTrials/source/card.c.o
                0x020275e4                GALLO_DECK_SIZE
 .rodata.CARTAS_GALLO
                0x020275e8      0x620 build/EcuaTrials/source/card.c.o
                0x020275e8                CARTAS_GALLO
 .rodata.MARIANGULA_DECK_SIZE
                0x02027c08        0x4 build/EcuaTrials/source/card.c.o
                0x02027c08                MARIANGULA_DECK_SIZE
 .rodata.CARTAS_MARIANGULA
                0x02027c0c      0x620 build/EcuaTrials/source/card.c.o
                0x02027c0c                CARTAS_MARIANGULA
 .rodata.DAMATAPADA_DECK_SIZE
                0x0202822c        0x4 build/EcuaTrials/source/card.c.o
                0x0202822c                DAMATAPADA_DECK_SIZE
 .rodata.CARTAS_DAMATAPADA
                0x02028230      0x620 build/EcuaTrials/source/card.c.o
                0x02028230                CARTAS_DAMATAPADA
 .rodata.ALMEIDA_DECK_SIZE
                0x02028850        0x4 build/EcuaTrials/source/card.c.o
                0x02028850                ALMEIDA_DECK_SIZE
 .rodata.CARTAS_ALMEIDA
                0x02028854      0x620 build/EcuaTrials/source/card.c.o
                0x02028854                CARTAS_ALMEIDA
 .rodata.TUNDA_DECK_SIZE
                0x02028e74        0x4 build/EcuaTrials/source/card.c.o
                0x02028e74                TUNDA_DECK_SIZE
 .rodata.CARTAS_TUNDA
                0x02028e78      0x620 build/EcuaTrials/source/card.c.o
                0x02028e78                CARTAS_TUNDA
 .rodata.TINTIN_DECK_SIZE
                0x02029498        0x4 build/EcuaTrials/source/card.c.o
                0x02029498                TINTIN_DECK_SIZE
 .rodata.CARTAS_TINTIN
                0x0202949c      0x620 build/EcuaTrials/source/card.c.o
                0x0202949c                CARTAS_TINTIN
 .rodata.CANTUNA_DECK_SIZE
                0x02029abc        0x4 build/EcuaTrials/source/card.c.o
                0x02029abc                CANTUNA_DECK_SIZE
 .rodata.CARTAS_CANTUNA
                0x02029ac0      0x620 build/EcuaTrials/source/card.c.o
                0x02029ac0                CARTAS_CANTUNA
 .rodata.combat_init.str1.4
                0x0202a0e0        0x0 build/EcuaTrials/source/combat.c.o
                                 0x15 (size before relaxing)
 .rodata.combat_resolve_card.str1.4
                0x0202a0e0        0x0 build/EcuaTrials/source/combat.c.o
                                0x108 (size before relaxing)
 .rodata.combat_apply_auras.str1.4
                0x0202a0e0        0x0 build/EcuaTrials/source/combat.c.o
                                 0x51 (size before relaxing)
 .rodata.combat_ai_turn.str1.4
                0x0202a0e0        0x0 build/EcuaTrials/source/combat.c.o
                                 0x7e (size before relaxing)
 .rodata.combat_update.str1.4
                0x0202a0e0        0x0 build/EcuaTrials/source/combat.c.o
                                 0xa3 (size before relaxing)
 .rodata.combat_update
                0x0202a0e0       0x24 build/EcuaTrials/source/combat.c.o
 .rodata.get_deck_size_for_char
                0x0202a104       0x30 build/EcuaTrials/source/game.c.o
 .rodata.game_update.str1.4
                0x0202a134        0x0 build/EcuaTrials/source/game.c.o
                                 0x13 (size before relaxing)
 .rodata.game_draw_top.str1.4
                0x0202a134        0x0 build/EcuaTrials/source/game.c.o
                                0x147 (size before relaxing)
 .rodata.game_draw_bottom.str1.4
                0x0202a134        0x0 build/EcuaTrials/source/game.c.o
                               0x14f9 (size before relaxing)
 .rodata.game_draw_bottom
                0x0202a134       0x30 build/EcuaTrials/source/game.c.o
 .rodata.CSWTCH.19
                0x0202a164       0x2c build/EcuaTrials/source/game.c.o
 .rodata.NOMBRES_PERSONAJES
                0x0202a190       0x30 build/EcuaTrials/source/game.c.o
 .rodata.bgTransform
                0x0202a1c0       0x20 /opt/wonderful/thirdparty/blocksds/core/libs/libnds/lib/libnds9.a(background.c.o)
                0x0202a1c0                bgTransform
 .rodata.bgScrollTable
                0x0202a1e0       0x20 /opt/wonderful/thirdparty/blocksds/core/libs/libnds/lib/libnds9.a(background.c.o)
                0x0202a1e0                bgScrollTable
 .rodata.bgControl
                0x0202a200       0x20 /opt/wonderful/thirdparty/blocksds/core/libs/libnds/lib/libnds9.a(background.c.o)
                0x0202a200                bgControl
 .rodata.SIN_LUT
                0x0202a220      0x102 /opt/wonderful/thirdparty/blocksds/core/libs/libnds/lib/libnds9.a(trig.c.o)
                0x0202a220                SIN_LUT
 .rodata.releaseCrashHandler.str1.4
                0x0202a322        0x0 /opt/wonderful/thirdparty/blocksds/core/libs/libnds/lib/libnds9.a(exceptions.c.o)
                                 0x33 (size before relaxing)
 .rodata.exceptionStatePrint.str1.4
                0x0202a322        0x0 /opt/wonderful/thirdparty/blocksds/core/libs/libnds/lib/libnds9.a(exceptions.c.o)
                                 0x18 (size before relaxing)
 .rodata.str1.4
                0x0202a322        0x0 /opt/wonderful/thirdparty/blocksds/core/libs/libnds/lib/libnds9.a(exceptions.c.o)
                                 0x40 (size before relaxing)
 .rodata.systemValueHandler.str1.4
                0x0202a322        0x0 /opt/wonderful/thirdparty/blocksds/core/libs/libnds/lib/libnds9.a(system.c.o)
                                 0x2b (size before relaxing)
 *fill*         0x0202a322        0x2 ff
 .rodata.systemValueHandler
                0x0202a324       0x10 /opt/wonderful/thirdparty/blocksds/core/libs/libnds/lib/libnds9.a(system.c.o)
 .rodata.con_write
                0x0202a334       0xd4 /opt/wonderful/thirdparty/blocksds/core/libs/libnds/lib/libnds9.a(console.c.o)
 .rodata.__sassert.str1.4
                0x0202a408        0x0 /opt/wonderful/thirdparty/blocksds/core/libs/libnds/lib/libnds9.a(sassert.c.o)
                                 0x73 (size before relaxing)
 .rodata.__func__.0
                0x0202a408       0x19 /opt/wonderful/thirdparty/blocksds/core/libs/libnds/lib/libnds9.a(threads.c.o)
 .rodata.fifoReadRxFifoAndProcessBuffer.str1.4
                0x0202a421        0x0 /opt/wonderful/thirdparty/blocksds/core/libs/libnds/lib/libnds9.a(fifosystem.c.o)
                                 0x15 (size before relaxing)
 *fill*         0x0202a421        0x3 ff
 .rodata.default_fontTiles
                0x0202a424      0x300 /opt/wonderful/thirdparty/blocksds/core/libs/libnds/lib/libnds9.a(default_font.png.o)
                0x0202a424                default_fontTiles
 .rodata.stdin  0x0202a724        0x4 /opt/wonderful/thirdparty/blocksds/core/libs/libnds/lib/libnds9.a(std_streams.c.o)
                0x0202a724                stdin
 .rodata.stdout
                0x0202a728        0x4 /opt/wonderful/thirdparty/blocksds/core/libs/libnds/lib/libnds9.a(std_streams.c.o)
                0x0202a728                stdout
 .rodata.__retarget_lock_init_recursive.str1.4
                0x0202a72c        0x0 /opt/wonderful/thirdparty/blocksds/core/libs/libnds/lib/libnds9.a(locks.c.o)
                                  0xa (size before relaxing)
 .rodata.__retarget_lock_close_recursive.str1.4
                0x0202a72c        0x0 /opt/wonderful/thirdparty/blocksds/core/libs/libnds/lib/libnds9.a(locks.c.o)
                                  0xb (size before relaxing)
 .rodata.__retarget_lock_release_recursive.str1.4
                0x0202a72c        0x0 /opt/wonderful/thirdparty/blocksds/core/libs/libnds/lib/libnds9.a(locks.c.o)
                                  0xd (size before relaxing)
 .rodata.str1.1
                0x0202a72c        0xf /opt/wonderful/toolchain/gcc-arm-none-eabi/lib/gcc/arm-none-eabi/16.2.0/../../../../arm-none-eabi/lib/thumb/arm946e-s/libc.a(libc_stdio_vfprintf.c.o)
 *(EXCLUDE_FILE(*.twl*) .gnu.linkonce.r*)
                0x0202a73c                        . = ALIGN (0x4)
 *fill*         0x0202a73b        0x1 ff

.ARM.extab
 *(.ARM.extab* .gnu.linkonce.armextab.*)
                0x0202a73c                        __exidx_start = .

ARM.exidx       0x0202a73c        0x8
 *(.ARM.exidx* .gnu.linkonce.armexidx.*)
 .ARM.exidx     0x0202a73c        0x8 /opt/wonderful/toolchain/gcc-arm-none-eabi/lib/gcc/arm-none-eabi/16.2.0/thumb/arm946e-s/libgcc.a(_udivmoddi4.o)
                0x0202a744                        __exidx_end = .
                0x0202a744                        . = ALIGN (0x4)

.init_array     0x0202a744        0x0
                [!provide]                        PROVIDE (__preinit_array_start = .)
                0x0202a744                        PROVIDE (__bothinit_array_start = .)
 *(.preinit_array)
                [!provide]                        PROVIDE (__preinit_array_end = .)
                [!provide]                        PROVIDE (__init_array_start = .)
 *(SORT_BY_INIT_PRIORITY(.init_array.*) SORT_BY_INIT_PRIORITY(.ctors.*))
 *(.init_array EXCLUDE_FILE(*crtend?.o *crtend.o *crtbegin?.o *crtbegin.o) .ctors)
                [!provide]                        PROVIDE (__init_array_end = .)
                0x0202a744                        PROVIDE (__bothinit_array_end = .)

.fini_array     0x0202a744        0x0
                0x0202a744                        PROVIDE (__fini_array_start = .)
 *(SORT_BY_INIT_PRIORITY(.fini_array.*) SORT_BY_INIT_PRIORITY(.dtors.*))
 *(.fini_array EXCLUDE_FILE(*crtend?.o *crtend.o *crtbegin?.o *crtbegin.o) .dtors)
 *(.fini_array*)
                0x0202a744                        PROVIDE (__fini_array_end = .)

.ctors          0x0202a744        0x0
 *crtbegin.o(.ctors)
 *crtbegin?.o(.ctors)
 *(EXCLUDE_FILE(*crtend?.o *crtend.o) .ctors)
 *(SORT_BY_NAME(.ctors.*))
 *(.ctors)
                0x0202a744                        . = ALIGN (0x4)

.dtors          0x0202a744        0x0
 *crtbegin.o(.dtors)
 *crtbegin?.o(.dtors)
 *(EXCLUDE_FILE(*crtend?.o *crtend.o) .dtors)
 *(SORT_BY_NAME(.dtors.*))
 *(.dtors)
                0x0202a744                        . = ALIGN (0x4)

.eh_frame       0x0202a744        0x4
 *(.eh_frame)
 .eh_frame      0x0202a744        0x4 /opt/wonderful/toolchain/gcc-arm-none-eabi/lib/gcc/arm-none-eabi/16.2.0/thumb/arm946e-s/crtend.o
                0x0202a748                        . = ALIGN (0x4)

.rel.dyn        0x0202a748        0x0
 .rel.iplt      0x0202a748        0x0 /opt/wonderful/thirdparty/blocksds/core/sys/crts/ds_arm9_crt0.o

.gcc_except_table
                0x0202a748        0x0
 *(.gcc_except_table .gcc_except_table.*)
                0x0202a748                        . = ALIGN (0x4)

.got
 *(.got.plt)
 *(.got)
 *(.rel.got)

.ewram          0x0202a748        0x0
                0x0202a748                        __ewram_start = ABSOLUTE (.)
 *(.ewram)
 *ewram.*(.text)
                0x0202a748                        . = ALIGN (0x4)

.data           0x0202a748      0x104
                0x0202a748                        __data_start = ABSOLUTE (.)
 *(EXCLUDE_FILE(*.twl*) .data)
 .data          0x0202a748       0x28 /opt/wonderful/thirdparty/blocksds/core/libs/libnds/lib/libnds9.a(mpu_setup.s.o)
 .data          0x0202a770        0x4 /opt/wonderful/toolchain/gcc-arm-none-eabi/lib/gcc/arm-none-eabi/16.2.0/../../../../arm-none-eabi/lib/thumb/arm946e-s/libc.a(libc_locale_localedata.c.o)
                0x0202a770                __global_locale
 *(EXCLUDE_FILE(*.twl*) .data.*)
 .data.ai_rng   0x0202a774        0x4 build/EcuaTrials/source/combat.c.o
 .data.rng_seed
                0x0202a778        0x4 build/EcuaTrials/source/deck.c.o
 .data.oamSub   0x0202a77c       0x14 /opt/wonderful/thirdparty/blocksds/core/libs/libnds/lib/libnds9.a(sprite.c.o)
                0x0202a77c                oamSub
 .data.oamMain  0x0202a790       0x14 /opt/wonderful/thirdparty/blocksds/core/libs/libnds/lib/libnds9.a(sprite.c.o)
                0x0202a790                oamMain
 .data.count    0x0202a7a4        0x1 /opt/wonderful/thirdparty/blocksds/core/libs/libnds/lib/libnds9.a(keys.c.o)
 .data.repeat   0x0202a7a5        0x1 /opt/wonderful/thirdparty/blocksds/core/libs/libnds/lib/libnds9.a(keys.c.o)
 .data.delay    0x0202a7a6        0x1 /opt/wonderful/thirdparty/blocksds/core/libs/libnds/lib/libnds9.a(keys.c.o)
 *fill*         0x0202a7a7        0x1 ff
 .data.latchedArm7Buttons
                0x0202a7a8        0x2 /opt/wonderful/thirdparty/blocksds/core/libs/libnds/lib/libnds9.a(keys.c.o)
 .data.receivedArm7Buttons
                0x0202a7aa        0x2 /opt/wonderful/thirdparty/blocksds/core/libs/libnds/lib/libnds9.a(keys.c.o)
 .data.firstConsoleInit.0
                0x0202a7ac        0x1 /opt/wonderful/thirdparty/blocksds/core/libs/libnds/lib/libnds9.a(console.c.o)
 *fill*         0x0202a7ad        0x3 ff
 .data.currentConsole
                0x0202a7b0        0x4 /opt/wonderful/thirdparty/blocksds/core/libs/libnds/lib/libnds9.a(console.c.o)
 .data.__stdin  0x0202a7b4       0x4c /opt/wonderful/thirdparty/blocksds/core/libs/libnds/lib/libnds9.a(std_streams.c.o)
 .data.__stdout
                0x0202a800       0x4c /opt/wonderful/thirdparty/blocksds/core/libs/libnds/lib/libnds9.a(std_streams.c.o)
 *(EXCLUDE_FILE(*.twl*) .gnu.linkonce.d*)
                0x0202a84c                        . = ALIGN (0x4)

.igot.plt       0x0202a84c        0x0
 .igot.plt      0x0202a84c        0x0 /opt/wonderful/thirdparty/blocksds/core/sys/crts/ds_arm9_crt0.o

.tdata          0x0202a84c        0x0
                0x0202a84c                        __tdata_start = ABSOLUTE (.)
 *(.tdata .tdata.* .gnu.linkonce.td.*)
                0x0202a84c                        . = ALIGN (0x4)
                0x0202a84c                        __tdata_end = ABSOLUTE (.)
                0x0202a84c                        __data_end = .
                0x00000000                        __tdata_size = (__tdata_end - __tdata_start)

.tbss           0x0202a84c        0x8
                0x0202a84c                        __tbss_start = ABSOLUTE (.)
 *(.tbss .tbss.* .gnu.linkonce.tb.*)
 .tbss          0x0202a84c        0x4 /opt/wonderful/toolchain/gcc-arm-none-eabi/lib/gcc/arm-none-eabi/16.2.0/../../../../arm-none-eabi/lib/thumb/arm946e-s/libc.a(libc_errno_errno.c.o)
                0x0202a84c                errno
 .tbss          0x0202a850        0x4 /opt/wonderful/toolchain/gcc-arm-none-eabi/lib/gcc/arm-none-eabi/16.2.0/../../../../arm-none-eabi/lib/thumb/arm946e-s/libc.a(libc_locale_localedata.c.o)
                0x0202a850                _locale
 *(.tcommon)
                0x0202a854                        . = ALIGN (0x4)
                0x0202a854                        __tbss_end = ABSOLUTE (.)
                0x00000008                        __tbss_size = (__tbss_end - __tbss_start)
                0x0202a84c                        __bss_vma = .

.dtcm           0x02ff4000        0x0 load address 0x0202a84c
                0x0202a84c                        __dtcm_lma = LOADADDR (.dtcm)
 *(.dtcm)
 *(.dtcm.*)
                0x02ff4000                        . = ALIGN (0x4)
                0x02ff4000                        __dtcm_end = ABSOLUTE (.)

.itcm           0x01000000      0x410 load address 0x0202a84c
                0x0202a84c                        __itcm_lma = LOADADDR (.itcm)
                0x01000000                        __itcm_start = ABSOLUTE (.)
 *(.vectors .vectors.*)
 *(.itcm)
 *(.itcm.*)
 .itcm.text.CP15_CleanAndFlushDCacheRange
                0x01000000       0x34 /opt/wonderful/thirdparty/blocksds/core/libs/libnds/lib/libnds9.a(cache.c.o)
                0x01000000                CP15_CleanAndFlushDCacheRange
 .itcm.text.swiIntrWait
                0x01000034       0x84 /opt/wonderful/thirdparty/blocksds/core/libs/libnds/lib/libnds9.a(swiIntrWait.c.o)
                0x01000034                swiIntrWait
 .itcm.text.swiWaitForVBlank
                0x010000b8        0xc /opt/wonderful/thirdparty/blocksds/core/libs/libnds/lib/libnds9.a(swiIntrWait.c.o)
                0x010000b8                swiWaitForVBlank
 .itcm.data     0x010000c4       0x80 /opt/wonderful/thirdparty/blocksds/core/libs/libnds/lib/libnds9.a(interrupts.c.o)
                0x010000c4                irqTable
 .itcm.text.cothread_yield_signal
                0x01000144       0x54 /opt/wonderful/thirdparty/blocksds/core/libs/libnds/lib/libnds9.a(threads.c.o)
                0x01000144                cothread_yield_signal
 .itcm.text.cothread_send_signal
                0x01000198       0x80 /opt/wonderful/thirdparty/blocksds/core/libs/libnds/lib/libnds9.a(threads.c.o)
                0x01000198                cothread_send_signal
 .itcm.data.__tls
                0x01000218        0x4 /opt/wonderful/thirdparty/blocksds/core/libs/libnds/lib/libnds9.a(threads.c.o)
                0x01000218                __tls
 .itcm.bss.cothread_threads_waiting_count
                0x0100021c        0x4 /opt/wonderful/thirdparty/blocksds/core/libs/libnds/lib/libnds9.a(threads.c.o)
                0x0100021c                cothread_threads_waiting_count
 .itcm.bss.cothread_threads_count
                0x01000220        0x4 /opt/wonderful/thirdparty/blocksds/core/libs/libnds/lib/libnds9.a(threads.c.o)
                0x01000220                cothread_threads_count
 .itcm.bss.cothread_list_signal
                0x01000224        0x4 /opt/wonderful/thirdparty/blocksds/core/libs/libnds/lib/libnds9.a(threads.c.o)
                0x01000224                cothread_list_signal
 .itcm.bss.cothread_list_irq
                0x01000228       0x80 /opt/wonderful/thirdparty/blocksds/core/libs/libnds/lib/libnds9.a(threads.c.o)
                0x01000228                cothread_list_irq
 .itcm.setCpuClock
                0x010002a8       0x50 /opt/wonderful/thirdparty/blocksds/core/libs/libnds/lib/libnds9.a(cpu_clock.s.o)
                0x010002a8                setCpuClock
 .itcm.IntrMain
                0x010002f8      0x110 /opt/wonderful/thirdparty/blocksds/core/libs/libnds/lib/libnds9.a(interruptDispatcher.s.o)
                0x010002f8                IntrMain
                0x01000404                irq_nesting_level
 .itcm.IntrMain.__stub
                0x01000408        0x8 linker stubs
 *.itcm*(.text .stub .text.*)
                0x01000410                        . = ALIGN (0x4)
                0x01000410                        __itcm_end = ABSOLUTE (.)

.sbss           0x02ff4000        0x0
                0x02ff4000                        __sbss_start = ABSOLUTE (.)
                0x02ff4000                        __sbss_start__ = ABSOLUTE (.)
 *(.sbss)
 *(.sbss.*)
                0x02ff4000                        . = ALIGN (0x4)
                0x02ff4000                        __sbss_end = ABSOLUTE (.)

.bss            0x0202a84c     0x1f18
                0x0202a84c                        __bss_start = ABSOLUTE (.)
                0x0202a84c                        __bss_start__ = ABSOLUTE (.)
 *(EXCLUDE_FILE(*.twl*) .dynbss)
 *(EXCLUDE_FILE(*.twl*) .gnu.linkonce.b*)
 *(EXCLUDE_FILE(*.twl*) .bss*)
 .bss.gfx_card_gfx_mem
                0x0202a84c        0x4 build/EcuaTrials/source/graphics.c.o
                0x0202a84c                gfx_card_gfx_mem
 .bss.subConsole
                0x0202a850        0x4 build/EcuaTrials/source/graphics.c.o
                0x0202a850                subConsole
 .bss.topConsole
                0x0202a854        0x4 build/EcuaTrials/source/graphics.c.o
                0x0202a854                topConsole
 .bss.subConsoleData
                0x0202a858       0x4c build/EcuaTrials/source/graphics.c.o
                0x0202a858                subConsoleData
 .bss.topConsoleData
                0x0202a8a4       0x4c build/EcuaTrials/source/graphics.c.o
                0x0202a8a4                topConsoleData
 .bss.gfx_tunda
                0x0202a8f0        0x4 build/EcuaTrials/source/graphics.c.o
                0x0202a8f0                gfx_tunda
 .bss.gfx_cantuna
                0x0202a8f4        0x4 build/EcuaTrials/source/graphics.c.o
                0x0202a8f4                gfx_cantuna
 .bss.gameState
                0x0202a8f8      0x500 build/EcuaTrials/source/main.c.o
 .bss.OamMemory
                0x0202adf8      0x400 /opt/wonderful/thirdparty/blocksds/core/libs/libnds/lib/libnds9.a(sprite.c.o)
                0x0202adf8                OamMemory
 .bss.OamMemorySub
                0x0202b1f8      0x400 /opt/wonderful/thirdparty/blocksds/core/libs/libnds/lib/libnds9.a(sprite.c.o)
                0x0202b1f8                OamMemorySub
 .bss.bgIsTextLut
                0x0202b5f8        0x8 /opt/wonderful/thirdparty/blocksds/core/libs/libnds/lib/libnds9.a(background.c.o)
                0x0202b5f8                bgIsTextLut
 .bss.bgState   0x0202b600      0x140 /opt/wonderful/thirdparty/blocksds/core/libs/libnds/lib/libnds9.a(background.c.o)
                0x0202b600                bgState
 .bss._gm_      0x0202b740      0x1dc /opt/wonderful/thirdparty/blocksds/core/libs/libnds/lib/libnds9.a(dlmalloc.c.o)
 .bss.mparams   0x0202b91c       0x14 /opt/wonderful/thirdparty/blocksds/core/libs/libnds/lib/libnds9.a(dlmalloc.c.o)
 .bss.malloc_global_mutex
                0x0202b930        0x1 /opt/wonderful/thirdparty/blocksds/core/libs/libnds/lib/libnds9.a(dlmalloc.c.o)
 *fill*         0x0202b931        0x3 
 .bss.punixTime
                0x0202b934        0x4 /opt/wonderful/thirdparty/blocksds/core/libs/libnds/lib/libnds9.a(initSystem.c.o)
                0x0202b934                punixTime
 .bss.__debugger_unit
                0x0202b938        0x1 /opt/wonderful/thirdparty/blocksds/core/libs/libnds/lib/libnds9.a(initSystem.c.o)
                0x0202b938                __debugger_unit
 .bss.__dsimode
                0x0202b939        0x1 /opt/wonderful/thirdparty/blocksds/core/libs/libnds/lib/libnds9.a(initSystem.c.o)
                0x0202b939                __dsimode
 *fill*         0x0202b93a        0x2 
 .bss.SDcallback
                0x0202b93c        0x4 /opt/wonderful/thirdparty/blocksds/core/libs/libnds/lib/libnds9.a(system.c.o)
 .bss.keysrepeat
                0x0202b940        0x2 /opt/wonderful/thirdparty/blocksds/core/libs/libnds/lib/libnds9.a(keys.c.o)
 .bss.keysup    0x0202b942        0x2 /opt/wonderful/thirdparty/blocksds/core/libs/libnds/lib/libnds9.a(keys.c.o)
 .bss.keysdown  0x0202b944        0x2 /opt/wonderful/thirdparty/blocksds/core/libs/libnds/lib/libnds9.a(keys.c.o)
 .bss.keys      0x0202b946        0x2 /opt/wonderful/thirdparty/blocksds/core/libs/libnds/lib/libnds9.a(keys.c.o)
 .bss.latchedTouchPosition
                0x0202b948        0xc /opt/wonderful/thirdparty/blocksds/core/libs/libnds/lib/libnds9.a(keys.c.o)
 .bss.receivedTouchPosition
                0x0202b954        0xc /opt/wonderful/thirdparty/blocksds/core/libs/libnds/lib/libnds9.a(keys.c.o)
 .bss.arm7console
                0x0202b960        0x4 /opt/wonderful/thirdparty/blocksds/core/libs/libnds/lib/libnds9.a(console.c.o)
 .bss.arm7con   0x0202b964        0x4 /opt/wonderful/thirdparty/blocksds/core/libs/libnds/lib/libnds9.a(console.c.o)
 .bss.libnds_stderr_write
                0x0202b968        0x4 /opt/wonderful/thirdparty/blocksds/core/libs/libnds/lib/libnds9.a(console.c.o)
                0x0202b968                libnds_stderr_write
 .bss.libnds_stdout_write
                0x0202b96c        0x4 /opt/wonderful/thirdparty/blocksds/core/libs/libnds/lib/libnds9.a(console.c.o)
                0x0202b96c                libnds_stdout_write
 .bss.currentCopy
                0x0202b970       0x4c /opt/wonderful/thirdparty/blocksds/core/libs/libnds/lib/libnds9.a(console.c.o)
 .bss.heap_start
                0x0202b9bc        0x4 /opt/wonderful/thirdparty/blocksds/core/libs/libnds/lib/libnds9.a(sbrk.c.o)
 .bss.fake_heap_start
                0x0202b9c0        0x4 /opt/wonderful/thirdparty/blocksds/core/libs/libnds/lib/libnds9.a(sbrk.c.o)
                0x0202b9c0                fake_heap_start
 .bss.fake_heap_end
                0x0202b9c4        0x4 /opt/wonderful/thirdparty/blocksds/core/libs/libnds/lib/libnds9.a(sbrk.c.o)
                0x0202b9c4                fake_heap_end
 .bss.exceptionMsg
                0x0202b9c8        0x4 /opt/wonderful/thirdparty/blocksds/core/libs/libnds/lib/libnds9.a(exceptions.c.o)
                0x0202b9c8                exceptionMsg
 .bss.main_args
                0x0202b9cc        0x8 /opt/wonderful/thirdparty/blocksds/core/libs/libnds/lib/libnds9.a(threads.c.o)
 .bss.cothread_list
                0x0202b9d4       0x20 /opt/wonderful/thirdparty/blocksds/core/libs/libnds/lib/libnds9.a(threads.c.o)
 .bss.cothread_active_thread
                0x0202b9f4        0x4 /opt/wonderful/thirdparty/blocksds/core/libs/libnds/lib/libnds9.a(threads.c.o)
 .bss.free_fn   0x0202b9f8        0x4 /opt/wonderful/thirdparty/blocksds/core/libs/libnds/lib/libnds9.a(threads.c.o)
 .bss.fifo_rx_processing
                0x0202b9fc        0x1 /opt/wonderful/thirdparty/blocksds/core/libs/libnds/lib/libnds9.a(fifosystem.c.o)
 *fill*         0x0202b9fd        0x3 
 .bss.fifo_datamsg_data
                0x0202ba00       0x40 /opt/wonderful/thirdparty/blocksds/core/libs/libnds/lib/libnds9.a(fifosystem.c.o)
 .bss.fifo_value32_data
                0x0202ba40       0x40 /opt/wonderful/thirdparty/blocksds/core/libs/libnds/lib/libnds9.a(fifosystem.c.o)
 .bss.fifo_address_data
                0x0202ba80       0x40 /opt/wonderful/thirdparty/blocksds/core/libs/libnds/lib/libnds9.a(fifosystem.c.o)
 .bss.fifo_datamsg_func
                0x0202bac0       0x40 /opt/wonderful/thirdparty/blocksds/core/libs/libnds/lib/libnds9.a(fifosystem.c.o)
 .bss.fifo_value32_func
                0x0202bb00       0x40 /opt/wonderful/thirdparty/blocksds/core/libs/libnds/lib/libnds9.a(fifosystem.c.o)
 .bss.fifo_address_func
                0x0202bb40       0x40 /opt/wonderful/thirdparty/blocksds/core/libs/libnds/lib/libnds9.a(fifosystem.c.o)
 .bss.fifo_rx_queue
                0x0202bb80        0x4 /opt/wonderful/thirdparty/blocksds/core/libs/libnds/lib/libnds9.a(fifosystem.c.o)
 .bss.fifo_tx_queue
                0x0202bb84        0x4 /opt/wonderful/thirdparty/blocksds/core/libs/libnds/lib/libnds9.a(fifosystem.c.o)
 .bss.fifo_free_queue
                0x0202bb88        0x4 /opt/wonderful/thirdparty/blocksds/core/libs/libnds/lib/libnds9.a(fifosystem.c.o)
 .bss.fifo_value32_queue
                0x0202bb8c       0x40 /opt/wonderful/thirdparty/blocksds/core/libs/libnds/lib/libnds9.a(fifosystem.c.o)
 .bss.fifo_data_queue
                0x0202bbcc       0x40 /opt/wonderful/thirdparty/blocksds/core/libs/libnds/lib/libnds9.a(fifosystem.c.o)
 .bss.fifo_address_queue
                0x0202bc0c       0x40 /opt/wonderful/thirdparty/blocksds/core/libs/libnds/lib/libnds9.a(fifosystem.c.o)
 .bss.global_pool_free_words
                0x0202bc4c        0x4 /opt/wonderful/thirdparty/blocksds/core/libs/libnds/lib/libnds9.a(fifosystem.c.o)
 .bss.global_fifo_pool
                0x0202bc50      0x800 /opt/wonderful/thirdparty/blocksds/core/libs/libnds/lib/libnds9.a(fifosystem.c.o)
 .bss.stdin_read_buf
                0x0202c450       0x80 /opt/wonderful/thirdparty/blocksds/core/libs/libnds/lib/libnds9.a(std_streams.c.o)
 .bss.write_buf_out
                0x0202c4d0        0x1 /opt/wonderful/thirdparty/blocksds/core/libs/libnds/lib/libnds9.a(std_streams.c.o)
 *fill*         0x0202c4d1        0x1 
 .bss.stderr_buf_len
                0x0202c4d2        0x2 /opt/wonderful/thirdparty/blocksds/core/libs/libnds/lib/libnds9.a(std_streams.c.o)
 .bss.stdout_buf_len
                0x0202c4d4        0x2 /opt/wonderful/thirdparty/blocksds/core/libs/libnds/lib/libnds9.a(std_streams.c.o)
 *fill*         0x0202c4d6        0x2 
 .bss.stderr_buf
                0x0202c4d8       0x31 /opt/wonderful/thirdparty/blocksds/core/libs/libnds/lib/libnds9.a(std_streams.c.o)
 *fill*         0x0202c509        0x3 
 .bss.stdout_buf
                0x0202c50c       0x31 /opt/wonderful/thirdparty/blocksds/core/libs/libnds/lib/libnds9.a(std_streams.c.o)
 *fill*         0x0202c53d        0x3 
 .bss.stdin_fn_read
                0x0202c540        0x4 /opt/wonderful/thirdparty/blocksds/core/libs/libnds/lib/libnds9.a(syscalls_filesystem.c.o)
                0x0202c540                stdin_fn_read
 .bss.__lock___libc_recursive_mutex
                0x0202c544       0x10 /opt/wonderful/thirdparty/blocksds/core/libs/libnds/lib/libnds9.a(locks.c.o)
                0x0202c544                __lock___libc_recursive_mutex
 .bss.locks     0x0202c554      0x210 /opt/wonderful/thirdparty/blocksds/core/libs/libnds/lib/libnds9.a(locks.c.o)
 *(EXCLUDE_FILE(*.twl*) COMMON)
                0x0202c764                        . = ALIGN (0x4)
                0x0202c764                        __bss_end__ = ABSOLUTE (.)

.noinit         0x0202c764        0x0
                0x0202c764                        __noinit_start = ABSOLUTE (.)
 *(EXCLUDE_FILE(*.twl*) .noinit)
 *(EXCLUDE_FILE(*.twl*) .noinit.*)
 *(EXCLUDE_FILE(*.twl*) .gnu.linkonce.n.*)
                0x0202c764                        . = ALIGN (0x4)
                0x0202c764                        __noinit_end = ABSOLUTE (.)

.tls            0x0202c764        0x8
                0x0202c764                        __tls_start = ABSOLUTE (.)
                0x0202c76c                        . = ((. + __tdata_size) + __tbss_size)
 *fill*         0x0202c764        0x8 
                0x0202c76c                        . = ALIGN (0x4)
                0x0202c76c                        __tls_end = ABSOLUTE (.)
                0x0202c76c                        __end__ = ABSOLUTE (.)
                0x00000008                        __tls_size = (__tls_end - __tls_start)

.twl            0x0202c76c        0x0 load address 0x02400000
                0x02400000                        __arm9i_lma__ = LOADADDR (.twl)
                0x0202c76c                        __arm9i_start__ = ABSOLUTE (.)
 *(.twl)
 *(.twl.text .twl.text.*)
 *(.twl.rodata .twl.rodata.*)
 *(.twl.data .twl.data.*)
 *.twl*(.text .stub .text.* .gnu.linkonce.t.*)
 *.twl*(.rodata)
 *.twl*(.roda)
 *.twl*(.rodata.*)
 *.twl*(.data)
 *.twl*(.data.*)
 *.twl*(.gnu.linkonce.d*)
                0x0202c76c                        . = ALIGN (0x4)
                0x0202c76c                        __arm9i_end__ = ABSOLUTE (.)

.twl_bss        0x0202c76c        0x0
                0x0202c76c                        __twl_bss_start__ = ABSOLUTE (.)
 *(.twl_bss .twl_bss.*)
 *(.twl.bss .twl.bss.*)
 *.twl*(.dynbss)
 *.twl*(.gnu.linkonce.b*)
 *.twl*(.bss*)
 *.twl*(COMMON)
                0x0202c76c                        . = ALIGN (0x4)
                0x0202c76c                        __twl_bss_end__ = ABSOLUTE (.)

.twl_noinit     0x0202c76c        0x0
                0x0202c76c                        __twl_noinit_start__ = ABSOLUTE (.)
 *(.twl_noinit .twl_noinit.*)
 *(.twl.noinit .twl.noinit.*)
 *.twl*(.noinit)
 *.twl*(.noinit.*)
 *.twl*(.gnu.linkonce.n.*)
                0x0202c76c                        . = ALIGN (0x4)
                0x0202c76c                        __twl_noinit_end__ = ABSOLUTE (.)
                0x0202c76c                        __twl_end__ = ABSOLUTE (.)
                0x00000410                        __itcm_size = (__itcm_end - __itcm_start)
                0x00000000                        __dtcm_size = (__dtcm_end - __dtcm_data_start)
                0x00000000                        __arm9i_size__ = (__arm9i_end__ - __arm9i_start__)
                0x00001f18                        __bss_size__ = (__bss_end__ - __bss_start__)
                0x00000000                        __sbss_size = (__sbss_end - __sbss_start)
                0x00000000                        __twl_bss_size__ = (__twl_bss_end__ - __twl_bss_start__)

.stab
 *(.stab)

.stabstr
 *(.stabstr)

.stab.excl
 *(.stab.excl)

.stab.exclstr
 *(.stab.exclstr)

.stab.index
 *(.stab.index)

.stab.indexstr
 *(.stab.indexstr)

.comment        0x00000000       0x4d
 *(.comment)
 .comment       0x00000000       0x4d build/EcuaTrials/gfx/bg_bottom.png.o
                                 0x23 (size before relaxing)
 .comment       0x0000004d        0x0 build/EcuaTrials/gfx/bg_top.png.o
                                 0x23 (size before relaxing)
 .comment       0x0000004d        0x0 build/EcuaTrials/gfx/spr_cantuna.png.o
                                 0x23 (size before relaxing)
 .comment       0x0000004d        0x0 build/EcuaTrials/gfx/spr_card_back.png.o
                                 0x23 (size before relaxing)
 .comment       0x0000004d        0x0 build/EcuaTrials/gfx/spr_tunda.png.o
                                 0x23 (size before relaxing)
 .comment       0x0000004d        0x0 build/EcuaTrials/source/card.c.o
                                 0x23 (size before relaxing)
 .comment       0x0000004d        0x0 build/EcuaTrials/source/combat.c.o
                                 0x23 (size before relaxing)
 .comment       0x0000004d        0x0 build/EcuaTrials/source/deck.c.o
                                 0x23 (size before relaxing)
 .comment       0x0000004d        0x0 build/EcuaTrials/source/game.c.o
                                 0x23 (size before relaxing)
 .comment       0x0000004d        0x0 build/EcuaTrials/source/graphics.c.o
                                 0x23 (size before relaxing)
 .comment       0x0000004d        0x0 build/EcuaTrials/source/main.c.o
                                 0x23 (size before relaxing)
 .comment       0x0000004d        0x0 /opt/wonderful/thirdparty/blocksds/core/libs/libnds/lib/libnds9.a(crt0_argv.c.o)
                                 0x23 (size before relaxing)
 .comment       0x0000004d        0x0 /opt/wonderful/thirdparty/blocksds/core/libs/libnds/lib/libnds9.a(sprite.c.o)
                                 0x23 (size before relaxing)
 .comment       0x0000004d        0x0 /opt/wonderful/thirdparty/blocksds/core/libs/libnds/lib/libnds9.a(sprite_alloc.c.o)
                                 0x23 (size before relaxing)
 .comment       0x0000004d        0x0 /opt/wonderful/thirdparty/blocksds/core/libs/libnds/lib/libnds9.a(background.c.o)
                                 0x23 (size before relaxing)
 .comment       0x0000004d        0x0 /opt/wonderful/thirdparty/blocksds/core/libs/libnds/lib/libnds9.a(trig.c.o)
                                 0x23 (size before relaxing)
 .comment       0x0000004d        0x0 /opt/wonderful/thirdparty/blocksds/core/libs/libnds/lib/libnds9.a(dlmalloc.c.o)
                                 0x23 (size before relaxing)
 .comment       0x0000004d        0x0 /opt/wonderful/thirdparty/blocksds/core/libs/libnds/lib/libnds9.a(initSystem.c.o)
                                 0x23 (size before relaxing)
 .comment       0x0000004d        0x0 /opt/wonderful/thirdparty/blocksds/core/libs/libnds/lib/libnds9.a(exceptions.c.o)
                                 0x23 (size before relaxing)
 .comment       0x0000004d        0x0 /opt/wonderful/thirdparty/blocksds/core/libs/libnds/lib/libnds9.a(system.c.o)
                                 0x23 (size before relaxing)
 .comment       0x0000004d        0x0 /opt/wonderful/thirdparty/blocksds/core/libs/libnds/lib/libnds9.a(cache.c.o)
                                 0x23 (size before relaxing)
 .comment       0x0000004d        0x0 /opt/wonderful/thirdparty/blocksds/core/libs/libnds/lib/libnds9.a(keys.c.o)
                                 0x23 (size before relaxing)
 .comment       0x0000004d        0x0 /opt/wonderful/thirdparty/blocksds/core/libs/libnds/lib/libnds9.a(securearea.c.o)
                                 0x23 (size before relaxing)
 .comment       0x0000004d        0x0 /opt/wonderful/thirdparty/blocksds/core/libs/libnds/lib/libnds9.a(console.c.o)
                                 0x23 (size before relaxing)
 .comment       0x0000004d        0x0 /opt/wonderful/thirdparty/blocksds/core/libs/libnds/lib/libnds9.a(sassert.c.o)
                                 0x23 (size before relaxing)
 .comment       0x0000004d        0x0 /opt/wonderful/thirdparty/blocksds/core/libs/libnds/lib/libnds9.a(exit.c.o)
                                 0x23 (size before relaxing)
 .comment       0x0000004d        0x0 /opt/wonderful/thirdparty/blocksds/core/libs/libnds/lib/libnds9.a(heapfuncs.c.o)
                                 0x23 (size before relaxing)
 .comment       0x0000004d        0x0 /opt/wonderful/thirdparty/blocksds/core/libs/libnds/lib/libnds9.a(sbrk.c.o)
                                 0x23 (size before relaxing)
 .comment       0x0000004d        0x0 /opt/wonderful/thirdparty/blocksds/core/libs/libnds/lib/libnds9.a(exceptions.c.o)
                                 0x23 (size before relaxing)
 .comment       0x0000004d        0x0 /opt/wonderful/thirdparty/blocksds/core/libs/libnds/lib/libnds9.a(swiIntrWait.c.o)
                                 0x23 (size before relaxing)
 .comment       0x0000004d        0x0 /opt/wonderful/thirdparty/blocksds/core/libs/libnds/lib/libnds9.a(interrupts.c.o)
                                 0x23 (size before relaxing)
 .comment       0x0000004d        0x0 /opt/wonderful/thirdparty/blocksds/core/libs/libnds/lib/libnds9.a(threads.c.o)
                                 0x23 (size before relaxing)
 .comment       0x0000004d        0x0 /opt/wonderful/thirdparty/blocksds/core/libs/libnds/lib/libnds9.a(fifosystem.c.o)
                                 0x23 (size before relaxing)
 .comment       0x0000004d        0x0 /opt/wonderful/thirdparty/blocksds/core/libs/libnds/lib/libnds9.a(default_font.png.o)
                                 0x23 (size before relaxing)
 .comment       0x0000004d        0x0 /opt/wonderful/thirdparty/blocksds/core/libs/libnds/lib/libnds9.a(std_streams.c.o)
                                 0x23 (size before relaxing)
 .comment       0x0000004d        0x0 /opt/wonderful/thirdparty/blocksds/core/libs/libnds/lib/libnds9.a(syscalls_filesystem.c.o)
                                 0x23 (size before relaxing)
 .comment       0x0000004d        0x0 /opt/wonderful/thirdparty/blocksds/core/libs/libnds/lib/libnds9.a(video.c.o)
                                 0x23 (size before relaxing)
 .comment       0x0000004d        0x0 /opt/wonderful/thirdparty/blocksds/core/libs/libnds/lib/libnds9.a(locks.c.o)
                                 0x23 (size before relaxing)
 .comment       0x0000004d        0x0 /opt/wonderful/thirdparty/blocksds/core/libs/libnds/lib/libnds9.a(coroutine.c.o)
                                 0x23 (size before relaxing)
 .comment       0x0000004d        0x0 /opt/wonderful/toolchain/gcc-arm-none-eabi/lib/gcc/arm-none-eabi/16.2.0/../../../../arm-none-eabi/lib/thumb/arm946e-s/libc.a(libc_errno_errno.c.o)
                                 0x2c (size before relaxing)
 .comment       0x0000004d        0x0 /opt/wonderful/toolchain/gcc-arm-none-eabi/lib/gcc/arm-none-eabi/16.2.0/../../../../arm-none-eabi/lib/thumb/arm946e-s/libc.a(libc_misc_init.c.o)
                                 0x2c (size before relaxing)
 .comment       0x0000004d        0x0 /opt/wonderful/toolchain/gcc-arm-none-eabi/lib/gcc/arm-none-eabi/16.2.0/../../../../arm-none-eabi/lib/thumb/arm946e-s/libc.a(libc_stdio_bufio.c.o)
                                 0x2c (size before relaxing)
 .comment       0x0000004d        0x0 /opt/wonderful/toolchain/gcc-arm-none-eabi/lib/gcc/arm-none-eabi/16.2.0/../../../../arm-none-eabi/lib/thumb/arm946e-s/libc.a(libc_stdio_bufio_close_nf.c.o)
                                 0x2c (size before relaxing)
 .comment       0x0000004d        0x0 /opt/wonderful/toolchain/gcc-arm-none-eabi/lib/gcc/arm-none-eabi/16.2.0/../../../../arm-none-eabi/lib/thumb/arm946e-s/libc.a(libc_stdio_fflush.c.o)
                                 0x2c (size before relaxing)
 .comment       0x0000004d        0x0 /opt/wonderful/toolchain/gcc-arm-none-eabi/lib/gcc/arm-none-eabi/16.2.0/../../../../arm-none-eabi/lib/thumb/arm946e-s/libc.a(libc_stdio_printf.c.o)
                                 0x2c (size before relaxing)
 .comment       0x0000004d        0x0 /opt/wonderful/toolchain/gcc-arm-none-eabi/lib/gcc/arm-none-eabi/16.2.0/../../../../arm-none-eabi/lib/thumb/arm946e-s/libc.a(libc_stdio_putchar.c.o)
                                 0x2c (size before relaxing)
 .comment       0x0000004d        0x0 /opt/wonderful/toolchain/gcc-arm-none-eabi/lib/gcc/arm-none-eabi/16.2.0/../../../../arm-none-eabi/lib/thumb/arm946e-s/libc.a(libc_stdio_puts.c.o)
                                 0x2c (size before relaxing)
 .comment       0x0000004d        0x0 /opt/wonderful/toolchain/gcc-arm-none-eabi/lib/gcc/arm-none-eabi/16.2.0/../../../../arm-none-eabi/lib/thumb/arm946e-s/libc.a(libc_stdio_snprintf.c.o)
                                 0x2c (size before relaxing)
 .comment       0x0000004d        0x0 /opt/wonderful/toolchain/gcc-arm-none-eabi/lib/gcc/arm-none-eabi/16.2.0/../../../../arm-none-eabi/lib/thumb/arm946e-s/libc.a(libc_stdio_vfprintf.c.o)
                                 0x2c (size before relaxing)
 .comment       0x0000004d        0x0 /opt/wonderful/toolchain/gcc-arm-none-eabi/lib/gcc/arm-none-eabi/16.2.0/../../../../arm-none-eabi/lib/thumb/arm946e-s/libc.a(libc_stdio_vprintf.c.o)
                                 0x2c (size before relaxing)
 .comment       0x0000004d        0x0 /opt/wonderful/toolchain/gcc-arm-none-eabi/lib/gcc/arm-none-eabi/16.2.0/../../../../arm-none-eabi/lib/thumb/arm946e-s/libc.a(libc_stdio_dtoa_ryu.c.o)
                                 0x2c (size before relaxing)
 .comment       0x0000004d        0x0 /opt/wonderful/toolchain/gcc-arm-none-eabi/lib/gcc/arm-none-eabi/16.2.0/../../../../arm-none-eabi/lib/thumb/arm946e-s/libc.a(libc_stdio_ryu_log10.c.o)
                                 0x2c (size before relaxing)
 .comment       0x0000004d        0x0 /opt/wonderful/toolchain/gcc-arm-none-eabi/lib/gcc/arm-none-eabi/16.2.0/../../../../arm-none-eabi/lib/thumb/arm946e-s/libc.a(libc_stdio_ryu_pow5bits.c.o)
                                 0x2c (size before relaxing)
 .comment       0x0000004d        0x0 /opt/wonderful/toolchain/gcc-arm-none-eabi/lib/gcc/arm-none-eabi/16.2.0/../../../../arm-none-eabi/lib/thumb/arm946e-s/libc.a(libc_stdio_ryu_table.c.o)
                                 0x2c (size before relaxing)
 .comment       0x0000004d        0x0 /opt/wonderful/toolchain/gcc-arm-none-eabi/lib/gcc/arm-none-eabi/16.2.0/../../../../arm-none-eabi/lib/thumb/arm946e-s/libc.a(libc_stdio_ryu_umul128.c.o)
                                 0x2c (size before relaxing)
 .comment       0x0000004d        0x0 /opt/wonderful/toolchain/gcc-arm-none-eabi/lib/gcc/arm-none-eabi/16.2.0/../../../../arm-none-eabi/lib/thumb/arm946e-s/libc.a(libc_stdlib_exit.c.o)
                                 0x2c (size before relaxing)
 .comment       0x0000004d        0x0 /opt/wonderful/toolchain/gcc-arm-none-eabi/lib/gcc/arm-none-eabi/16.2.0/../../../../arm-none-eabi/lib/thumb/arm946e-s/libc.a(libc_stdlib_wctomb_r.c.o)
                                 0x2c (size before relaxing)
 .comment       0x0000004d        0x0 /opt/wonderful/toolchain/gcc-arm-none-eabi/lib/gcc/arm-none-eabi/16.2.0/../../../../arm-none-eabi/lib/thumb/arm946e-s/libc.a(libc_string_strncpy.c.o)
                                 0x2c (size before relaxing)
 .comment       0x0000004d        0x0 /opt/wonderful/toolchain/gcc-arm-none-eabi/lib/gcc/arm-none-eabi/16.2.0/../../../../arm-none-eabi/lib/thumb/arm946e-s/libc.a(libc_string_strnlen.c.o)
                                 0x2c (size before relaxing)
 .comment       0x0000004d        0x0 /opt/wonderful/toolchain/gcc-arm-none-eabi/lib/gcc/arm-none-eabi/16.2.0/../../../../arm-none-eabi/lib/thumb/arm946e-s/libc.a(libc_time_time.c.o)
                                 0x2c (size before relaxing)
 .comment       0x0000004d        0x0 /opt/wonderful/toolchain/gcc-arm-none-eabi/lib/gcc/arm-none-eabi/16.2.0/../../../../arm-none-eabi/lib/thumb/arm946e-s/libc.a(libc_locale_localedata.c.o)
                                 0x2c (size before relaxing)
 .comment       0x0000004d        0x0 /opt/wonderful/toolchain/gcc-arm-none-eabi/lib/gcc/arm-none-eabi/16.2.0/../../../../arm-none-eabi/lib/thumb/arm946e-s/libc.a(libc_misc_fini.c.o)
                                 0x2c (size before relaxing)