Archive member included to satisfy reference by file (symbol)

/opt/wonderful/thirdparty/blocksds/core/libs/libnds/lib/libnds9.a(mpu_setup.s.o)
                              /opt/wonderful/thirdparty/blocksds/core/sys/crts/ds_arm9_crt0.o (__libnds_mpu_setup)
/opt/wonderful/thirdparty/blocksds/core/libs/libnds/lib/libnds9.a(cp15.s.o)
                              /opt/wonderful/thirdparty/blocksds/core/sys/crts/ds_arm9_crt0.o (CP15_FlushICache)
/opt/wonderful/thirdparty/blocksds/core/libs/libnds/lib/libnds9.a(crt0_argv.c.o)
                              /opt/wonderful/thirdparty/blocksds/core/sys/crts/ds_arm9_crt0.o (build_argv)
/opt/wonderful/thirdparty/blocksds/core/libs/libnds/lib/libnds9.a(videoGL.c.o)
                              build/EcuaTrials/source/main.c.o (glOrthof32)
/opt/wonderful/thirdparty/blocksds/core/libs/libnds/lib/libnds9.a(video.c.o)
                              /opt/wonderful/thirdparty/blocksds/core/libs/libnds/lib/libnds9.a(videoGL.c.o) (vramSetBanks_EFG)
/opt/wonderful/thirdparty/blocksds/core/libs/libnds/lib/libnds9.a(trig.c.o)
                              /opt/wonderful/thirdparty/blocksds/core/libs/libnds/lib/libnds9.a(videoGL.c.o) (sinLerp)
/opt/wonderful/thirdparty/blocksds/core/libs/libnds/lib/libnds9.a(math.c.o)
                              /opt/wonderful/thirdparty/blocksds/core/libs/libnds/lib/libnds9.a(videoGL.c.o) (normalizef32)
/opt/wonderful/thirdparty/blocksds/core/libs/libnds/lib/libnds9.a(dlmalloc.c.o)
                              /opt/wonderful/thirdparty/blocksds/core/libs/libnds/lib/libnds9.a(videoGL.c.o) (malloc)
/opt/wonderful/thirdparty/blocksds/core/libs/libnds/lib/libnds9.a(initSystem.c.o)
                              /opt/wonderful/thirdparty/blocksds/core/sys/crts/ds_arm9_crt0.o (__debugger_unit)
/opt/wonderful/thirdparty/blocksds/core/libs/libnds/lib/libnds9.a(exceptions.c.o)
                              /opt/wonderful/thirdparty/blocksds/core/libs/libnds/lib/libnds9.a(initSystem.c.o) (releaseExceptionHandler)
/opt/wonderful/thirdparty/blocksds/core/libs/libnds/lib/libnds9.a(system.c.o)
                              /opt/wonderful/thirdparty/blocksds/core/libs/libnds/lib/libnds9.a(initSystem.c.o) (systemValueHandler)
/opt/wonderful/thirdparty/blocksds/core/libs/libnds/lib/libnds9.a(cache.c.o)
                              /opt/wonderful/thirdparty/blocksds/core/libs/libnds/lib/libnds9.a(videoGL.c.o) (CP15_CleanAndFlushDCacheRange)
/opt/wonderful/thirdparty/blocksds/core/libs/libnds/lib/libnds9.a(keys.c.o)
                              build/EcuaTrials/source/main.c.o (scanKeys)
/opt/wonderful/thirdparty/blocksds/core/libs/libnds/lib/libnds9.a(securearea.c.o)
                              /opt/wonderful/thirdparty/blocksds/core/sys/crts/ds_arm9_crt0.o (__secure_area__)
/opt/wonderful/thirdparty/blocksds/core/libs/libnds/lib/libnds9.a(console.c.o)
                              /opt/wonderful/thirdparty/blocksds/core/libs/libnds/lib/libnds9.a(exceptions.c.o) (consoleDemoInit)
/opt/wonderful/thirdparty/blocksds/core/libs/libnds/lib/libnds9.a(sassert.c.o)
                              /opt/wonderful/thirdparty/blocksds/core/libs/libnds/lib/libnds9.a(system.c.o) (__sassert)
/opt/wonderful/thirdparty/blocksds/core/libs/libnds/lib/libnds9.a(dynamicArray.c.o)
                              /opt/wonderful/thirdparty/blocksds/core/libs/libnds/lib/libnds9.a(videoGL.c.o) (DynamicArrayInit)
/opt/wonderful/thirdparty/blocksds/core/libs/libnds/lib/libnds9.a(exit.c.o)
                              /opt/wonderful/thirdparty/blocksds/core/sys/crts/ds_arm9_crt0.o (__libnds_exit)
/opt/wonderful/thirdparty/blocksds/core/libs/libnds/lib/libnds9.a(heapfuncs.c.o)
                              /opt/wonderful/thirdparty/blocksds/core/libs/libnds/lib/libnds9.a(initSystem.c.o) (reduceHeapSize)
/opt/wonderful/thirdparty/blocksds/core/libs/libnds/lib/libnds9.a(sbrk.c.o)
                              /opt/wonderful/thirdparty/blocksds/core/libs/libnds/lib/libnds9.a(dlmalloc.c.o) (sbrk)
/opt/wonderful/thirdparty/blocksds/core/libs/libnds/lib/libnds9.a(exceptions.c.o)
                              /opt/wonderful/thirdparty/blocksds/core/libs/libnds/lib/libnds9.a(exceptions.c.o) (setExceptionHandler)
/opt/wonderful/thirdparty/blocksds/core/libs/libnds/lib/libnds9.a(swiIntrWait.c.o)
                              /opt/wonderful/thirdparty/blocksds/core/libs/libnds/lib/libnds9.a(system.c.o) (swiIntrWait)
/opt/wonderful/thirdparty/blocksds/core/libs/libnds/lib/libnds9.a(interrupts.c.o)
                              /opt/wonderful/thirdparty/blocksds/core/libs/libnds/lib/libnds9.a(initSystem.c.o) (irqInit)
/opt/wonderful/thirdparty/blocksds/core/libs/libnds/lib/libnds9.a(threads.c.o)
                              /opt/wonderful/thirdparty/blocksds/core/libs/libnds/lib/libnds9.a(dlmalloc.c.o) (cothread_yield_signal)
/opt/wonderful/thirdparty/blocksds/core/libs/libnds/lib/libnds9.a(debugprint.c.o)
[...]
Memory Configuration

Name             Origin             Length             Attributes
ewram            0x02000000         0x00380000
dtcm             0x02ff4000         0x00004000
itcm             0x01000000         0x00008000
*default*        0x00000000         0xffffffff

Linker script and memory map

                0x00000000                        PROVIDE (__dtcm_data_size = 0x0)
                0x00000001                        ASSERT (((__dtcm_data_size & 0x3) == 0x0), __dtcm_data_size must be a multiple of 4)
                0x00004000                        PROVIDE (__dldi_size = 0x4000)
                0x00000040                        PROVIDE (__dtcm_reserved_size = 0x40)
                0x00000001                        ASSERT (((__dtcm_reserved_size & 0x3) == 0x0), __dtcm_reserved_size must be a multiple of 4)
                0x00000100                        PROVIDE (__svc_stack_size = 0x100)
                0x00000001                        ASSERT (((__svc_stack_size & 0x3) == 0x0), __svc_stack_size must be a multiple of 4)
                0x00000100                        PROVIDE (__irq_stack_size = 0x100)
                0x00000001                        ASSERT (((__irq_stack_size & 0x3) == 0x0), __irq_stack_size must be a multiple of 4)
                0x00000000                        PROVIDE (__usr_stack_size = 0x0)
                0x00000001                        ASSERT (((__usr_stack_size & 0x3) == 0x0), __usr_stack_size must be a multiple of 4)
                0x02380000                        __ewram_end = (ORIGIN (ewram) + LENGTH (ewram))
                0x02380000                        __eheap_end = (ORIGIN (ewram) + LENGTH (ewram))
                0x02ff4000                        __dtcm_start = ORIGIN (dtcm)
                0x02ff8000                        __dtcm_top = (ORIGIN (dtcm) + LENGTH (dtcm))
                0x02ff7ff8                        __irq_flags = (__dtcm_top - 0x8)
                0x02ff7ffc                        __irq_vector = (__dtcm_top - 0x4)
                0x02ff7fc0                        __sp_svc = (__dtcm_top - __dtcm_reserved_size)
                0x02ff7ec0                        __sp_irq = (__sp_svc - __svc_stack_size)
                0x02ff7dc0                        __sp_usr = ((__sp_irq - __irq_stack_size) - __dtcm_data_size)
                0x02ff4000                        __dtcm_data_start = (__dtcm_data_size > 0x0)?__sp_usr:ORIGIN (dtcm)
                0x02ff7dc0                        __dtcm_data_top = (__dtcm_data_size > 0x0)?(__sp_irq - __irq_stack_size):(__sp_usr - __usr_stack_size)
                0x0000000e                        __dldi_log2_size = (LOG2CEIL ((__dldi_size + 0x1)) - 0x1)

.secure         0x02000000      0x800
 *(.secure)
 .secure        0x02000000      0x800 /opt/wonderful/thirdparty/blocksds/core/libs/libnds/lib/libnds9.a(securearea.c.o)
                0x02000000                __secure_area__

.crt0           0x02000800      0x2e4
                0x02000800                        __text_start = .
 *(.crt0)
 .crt0          0x02000800      0x2e4 /opt/wonderful/thirdparty/blocksds/core/sys/crts/ds_arm9_crt0.o
                0x02000800                _start
                0x02000ae4                        . = ALIGN (0x4)

.dldi           0x02000ae4        0x0
                0x02000ae4                        __dldi_start = .
 *(.dldi)
                0x02000ae4                        . = ALIGN (0x4)
                0x02000ae4                        __dldi_data_end = .
                0x02000ae4                        __dldi_end = (__dldi_data_end > __dldi_start)?(__dldi_start + __dldi_size):__dldi_start
                0x02000ae4                        . = __dldi_end
                0x02000ae4                        . = ALIGN (0x4)

.plt
 *(.plt)

.init           0x02000ae4        0x8
 *(SORT_NONE(.init))
 .init          0x02000ae4        0x8 /opt/wonderful/toolchain/gcc-arm-none-eabi/lib/gcc/arm-none-eabi/16.2.0/thumb/arm946e-s/crtn.o

.text           0x02000af0     0x7390
 *(EXCLUDE_FILE(*.twl* *.itcm*) .text)
 .text          0x02000af0        0xe /opt/wonderful/toolchain/gcc-arm-none-eabi/lib/gcc/arm-none-eabi/16.2.0/../../../../arm-none-eabi/lib/thumb/arm946e-s/libc.a(strlen.S.o)
                0x02000af0                strlen
 *fill*         0x02000afe        0x2 ff
 .text          0x02000b00       0x14 /opt/wonderful/toolchain/gcc-arm-none-eabi/lib/gcc/arm-none-eabi/16.2.0/thumb/arm946e-s/libgcc.a(_thumb1_case_uqi.o)
                0x02000b00                __gnu_thumb1_case_uqi
 .text          0x02000b14       0x14 /opt/wonderful/toolchain/gcc-arm-none-eabi/lib/gcc/arm-none-eabi/16.2.0/thumb/arm946e-s/libgcc.a(_thumb1_case_uhi.o)
                0x02000b14                __gnu_thumb1_case_uhi
 .text          0x02000b28      0x214 /opt/wonderful/toolchain/gcc-arm-none-eabi/lib/gcc/arm-none-eabi/16.2.0/thumb/arm946e-s/libgcc.a(_udivsi3.o)
                0x02000b28                __udivsi3
                0x02000b28                __aeabi_uidiv
                0x02000d1c                __aeabi_uidivmod
 .text          0x02000d3c      0x248 /opt/wonderful/toolchain/gcc-arm-none-eabi/lib/gcc/arm-none-eabi/16.2.0/thumb/arm946e-s/libgcc.a(_divsi3.o)
                0x02000d3c                __aeabi_idiv
                0x02000d3c                __divsi3
                0x02000f64                __aeabi_idivmod
 .text          0x02000f84        0x4 /opt/wonderful/toolchain/gcc-arm-none-eabi/lib/gcc/arm-none-eabi/16.2.0/thumb/arm946e-s/libgcc.a(_dvmd_tls.o)
                0x02000f84                __aeabi_ldiv0
                0x02000f84                __aeabi_idiv0
 .text          0x02000f88       0x18 /opt/wonderful/toolchain/gcc-arm-none-eabi/lib/gcc/arm-none-eabi/16.2.0/thumb/arm946e-s/libgcc.a(_lshrdi3.o)
                0x02000f88                __aeabi_llsr
                0x02000f88                __lshrdi3
 .text          0x02000fa0       0x1c /opt/wonderful/toolchain/gcc-arm-none-eabi/lib/gcc/arm-none-eabi/16.2.0/thumb/arm946e-s/libgcc.a(_ashrdi3.o)
                0x02000fa0                __ashrdi3
                0x02000fa0                __aeabi_lasr
 .text          0x02000fbc       0x18 /opt/wonderful/toolchain/gcc-arm-none-eabi/lib/gcc/arm-none-eabi/16.2.0/thumb/arm946e-s/libgcc.a(_ashldi3.o)
                0x02000fbc                __ashldi3
                0x02000fbc                __aeabi_llsl
 .text          0x02000fd4        0x8 /opt/wonderful/toolchain/gcc-arm-none-eabi/lib/gcc/arm-none-eabi/16.2.0/thumb/arm946e-s/libgcc.a(_clzsi2.o)
                0x02000fd4                __clzsi2
 .text          0x02000fdc       0x14 /opt/wonderful/toolchain/gcc-arm-none-eabi/lib/gcc/arm-none-eabi/16.2.0/thumb/arm946e-s/libgcc.a(_clzdi2.o)
                0x02000fdc                __clzdi2
 .text          0x02000ff0       0x3c /opt/wonderful/toolchain/gcc-arm-none-eabi/lib/gcc/arm-none-eabi/16.2.0/thumb/arm946e-s/libgcc.a(_aeabi_uldivmod.o)
                0x02000ff0                __aeabi_uldivmod
 .text          0x0200102c      0x190 /opt/wonderful/toolchain/gcc-arm-none-eabi/lib/gcc/arm-none-eabi/16.2.0/thumb/arm946e-s/libgcc.a(_udivmoddi4.o)
                0x0200102c                __udivmoddi4
 .text          0x020011bc       0x14 /opt/wonderful/toolchain/gcc-arm-none-eabi/lib/gcc/arm-none-eabi/16.2.0/thumb/arm946e-s/libgcc.a(muldi3.o)
                0x020011bc                __aeabi_lmul
                0x020011bc                __muldi3
 *(EXCLUDE_FILE(*.twl* *.itcm*) .stub)
 *(EXCLUDE_FILE(*.twl* *.itcm*) .text.*)
 .text.startup.main
                0x020011d0       0xa0 build/EcuaTrials/source/main.c.o
                0x020011d0                main
 .text.__libnds_mpu_setup
                0x02001270      0x1c4 /opt/wonderful/thirdparty/blocksds/core/libs/libnds/lib/libnds9.a(mpu_setup.s.o)
                0x02001270                __libnds_mpu_setup
 .text.CP15_MPUDisable
                0x02001434       0x3c /opt/wonderful/thirdparty/blocksds/core/libs/libnds/lib/libnds9.a(mpu_setup.s.o)
                0x02001434                CP15_MPUDisable
 .text.__libnds_mpu_jump_past_dtcm
                0x02001470       0x4c /opt/wonderful/thirdparty/blocksds/core/libs/libnds/lib/libnds9.a(mpu_setup.s.o)
                0x02001470                __libnds_mpu_jump_past_dtcm
 .text.memUncached
                0x020014bc       0x20 /opt/wonderful/thirdparty/blocksds/core/libs/libnds/lib/libnds9.a(mpu_setup.s.o)
                0x020014bc                memUncached
 .text.CP15_FlushICache
                0x020014dc        0xc /opt/wonderful/thirdparty/blocksds/core/libs/libnds/lib/libnds9.a(cp15.s.o)
                0x020014dc                CP15_FlushICache
 .text.CP15_FlushDCache
                0x020014e8        0xc /opt/wonderful/thirdparty/blocksds/core/libs/libnds/lib/libnds9.a(cp15.s.o)
                0x020014e8                CP15_FlushDCache
 .text.CP15_CleanAndFlushDCache
                0x020014f4       0x34 /opt/wonderful/thirdparty/blocksds/core/libs/libnds/lib/libnds9.a(cp15.s.o)
                0x020014f4                CP15_CleanAndFlushDCache
 .text.build_argv
                0x02001528       0x58 /opt/wonderful/thirdparty/blocksds/core/libs/libnds/lib/libnds9.a(crt0_argv.c.o)
                0x02001528                build_argv
 .text.glWaitForGfxIdle
                0x02001580       0x50 /opt/wonderful/thirdparty/blocksds/core/libs/libnds/lib/libnds9.a(videoGL.c.o)
 .text.glOrthof32
                0x020015d0      0x204 /opt/wonderful/thirdparty/blocksds/core/libs/libnds/lib/libnds9.a(videoGL.c.o)
                0x020015d0                glOrthof32
 .text.glResetMatrixStack
                0x020017d4       0x68 /opt/wonderful/thirdparty/blocksds/core/libs/libnds/lib/libnds9.a(videoGL.c.o)
                0x020017d4                glResetMatrixStack
 .text.vramBlock_init
                0x0200183c       0x84 /opt/wonderful/thirdparty/blocksds/core/libs/libnds/lib/libnds9.a(videoGL.c.o)
                0x0200183c                vramBlock_init
 .text.glInit   0x020018c0      0x238 /opt/wonderful/thirdparty/blocksds/core/libs/libnds/lib/libnds9.a(videoGL.c.o)
                0x020018c0                glInit
 .text.glClearColor
                0x02001af8       0x38 /opt/wonderful/thirdparty/blocksds/core/libs/libnds/lib/libnds9.a(videoGL.c.o)
                0x02001af8                glClearColor
 .text.glClearPolyID
                0x02001b30       0x28 /opt/wonderful/thirdparty/blocksds/core/libs/libnds/lib/libnds9.a(videoGL.c.o)
                0x02001b30                glClearPolyID
 .text.setBrightness
                0x02001b58       0x3c /opt/wonderful/thirdparty/blocksds/core/libs/libnds/lib/libnds9.a(video.c.o)
                0x02001b58                setBrightness
 .text.vramDefault
                0x02001b94       0xe4 /opt/wonderful/thirdparty/blocksds/core/libs/libnds/lib/libnds9.a(video.c.o)
                0x02001b94                vramDefault
 .text.sinLutLookup
                0x02001c78       0x50 /opt/wonderful/thirdparty/blocksds/core/libs/libnds/lib/libnds9.a(trig.c.o)
                0x02001c78                sinLutLookup
 .text.sinLerp  0x02001cc8       0x38 /opt/wonderful/thirdparty/blocksds/core/libs/libnds/lib/libnds9.a(trig.c.o)
                0x02001cc8                sinLerp
 .text.cosLerp  0x02001d00       0x40 /opt/wonderful/thirdparty/blocksds/core/libs/libnds/lib/libnds9.a(trig.c.o)
                0x02001d00                cosLerp
 .text.comutex_acquire
                0x02001d40       0x28 /opt/wonderful/thirdparty/blocksds/core/libs/libnds/lib/libnds9.a(dlmalloc.c.o)
 .text.dispose_chunk.constprop.0
                0x02001d68      0x2f0 /opt/wonderful/thirdparty/blocksds/core/libs/libnds/lib/libnds9.a(dlmalloc.c.o)
 .text.init_top.constprop.0
                0x02002058       0x3c /opt/wonderful/thirdparty/blocksds/core/libs/libnds/lib/libnds9.a(dlmalloc.c.o)
 .text.segment_holding.constprop.0
                0x02002094       0x20 /opt/wonderful/thirdparty/blocksds/core/libs/libnds/lib/libnds9.a(dlmalloc.c.o)
 .text.comutex_release.constprop.0
                0x020020b4       0x20 /opt/wonderful/thirdparty/blocksds/core/libs/libnds/lib/libnds9.a(dlmalloc.c.o)
 .text.try_realloc_chunk.constprop.0.isra.0
                0x020020d4      0x234 /opt/wonderful/thirdparty/blocksds/core/libs/libnds/lib/libnds9.a(dlmalloc.c.o)
 .text.init_mparams.isra.0
                0x02002308       0x64 /opt/wonderful/thirdparty/blocksds/core/libs/libnds/lib/libnds9.a(dlmalloc.c.o)
 .text.sys_trim.constprop.0
                0x0200236c      0x104 /opt/wonderful/thirdparty/blocksds/core/libs/libnds/lib/libnds9.a(dlmalloc.c.o)
 .text.malloc   0x02002470      0xccc /opt/wonderful/thirdparty/blocksds/core/libs/libnds/lib/libnds9.a(dlmalloc.c.o)
                0x02002470                malloc
                0x02002470                __malloc_malloc
 .text.free     0x0200313c      0x360 /opt/wonderful/thirdparty/blocksds/core/libs/libnds/lib/libnds9.a(dlmalloc.c.o)
                0x0200313c                __malloc_free
                0x0200313c                cfree
                0x0200313c                free
 .text.calloc   0x0200349c       0x4c /opt/wonderful/thirdparty/blocksds/core/libs/libnds/lib/libnds9.a(dlmalloc.c.o)
                0x0200349c                calloc
 .text.realloc  0x020034e8       0xbc /opt/wonderful/thirdparty/blocksds/core/libs/libnds/lib/libnds9.a(dlmalloc.c.o)
                0x020034e8                realloc
 .text.initSystem
                0x020035a4      0x13c /opt/wonderful/thirdparty/blocksds/core/libs/libnds/lib/libnds9.a(initSystem.c.o)
                0x020035a4                initSystem
 .text.releaseCrashHandler
                0x020036e0       0x7c /opt/wonderful/thirdparty/blocksds/core/libs/libnds/lib/libnds9.a(exceptions.c.o)
 .text.exceptionStatePrint
                0x0200375c      0x2f8 /opt/wonderful/thirdparty/blocksds/core/libs/libnds/lib/libnds9.a(exceptions.c.o)
                0x0200375c                exceptionStatePrint
 .text.releaseExceptionHandler
                0x02003a54       0x10 /opt/wonderful/thirdparty/blocksds/core/libs/libnds/lib/libnds9.a(exceptions.c.o)
                0x02003a54                releaseExceptionHandler
 .text.systemValueHandler
                0x02003a64       0xc4 /opt/wonderful/thirdparty/blocksds/core/libs/libnds/lib/libnds9.a(system.c.o)
                0x02003a64                systemValueHandler
 .text.systemMsgHandler
                0x02003b28       0x2c /opt/wonderful/thirdparty/blocksds/core/libs/libnds/lib/libnds9.a(system.c.o)
                0x02003b28                systemMsgHandler
 .text.powerOn  0x02003b54       0x28 /opt/wonderful/thirdparty/blocksds/core/libs/libnds/lib/libnds9.a(system.c.o)
                0x02003b54                powerOn
 .text.powerOff
                0x02003b7c       0x28 /opt/wonderful/thirdparty/blocksds/core/libs/libnds/lib/libnds9.a(system.c.o)
                0x02003b7c                powerOff
 .text.scanKeys
                0x02003ba4       0xcc /opt/wonderful/thirdparty/blocksds/core/libs/libnds/lib/libnds9.a(keys.c.o)
                0x02003ba4                scanKeys
 .text.keysHeld
                0x02003c70        0xc /opt/wonderful/thirdparty/blocksds/core/libs/libnds/lib/libnds9.a(keys.c.o)
                0x02003c70                keysHeld
 .text.setTransferInputData
                0x02003c7c       0x1c /opt/wonderful/thirdparty/blocksds/core/libs/libnds/lib/libnds9.a(keys.c.o)
                0x02003c7c                setTransferInputData
 .text.console_handle_sgr
                0x02003c98      0x1bc /opt/wonderful/thirdparty/blocksds/core/libs/libnds/lib/libnds9.a(console.c.o)
 .text.newRow   0x02003e54       0x84 /opt/wonderful/thirdparty/blocksds/core/libs/libnds/lib/libnds9.a(console.c.o)
 .text.consolePrintChar.part.0
                0x02003ed8      0x118 /opt/wonderful/thirdparty/blocksds/core/libs/libnds/lib/libnds9.a(console.c.o)
 .text.con_write
                0x02003ff0      0x46c /opt/wonderful/thirdparty/blocksds/core/libs/libnds/lib/libnds9.a(console.c.o)
 .text.consoleLoadFont
                0x0200445c      0x244 /opt/wonderful/thirdparty/blocksds/core/libs/libnds/lib/libnds9.a(console.c.o)
                0x0200445c                consoleLoadFont
 .text.consoleInitEx
                0x020046a0      0x148 /opt/wonderful/thirdparty/blocksds/core/libs/libnds/lib/libnds9.a(console.c.o)
                0x020046a0                consoleInitEx
 .text.consoleDemoInit
                0x020047e8       0x48 /opt/wonderful/thirdparty/blocksds/core/libs/libnds/lib/libnds9.a(console.c.o)
                0x020047e8                consoleDemoInit
 .text.consolePrintChar
                0x02004830       0x24 /opt/wonderful/thirdparty/blocksds/core/libs/libnds/lib/libnds9.a(console.c.o)
                0x02004830                consolePrintChar
 .text.consoleSetCursor
                0x02004854       0x28 /opt/wonderful/thirdparty/blocksds/core/libs/libnds/lib/libnds9.a(console.c.o)
                0x02004854                consoleSetCursor
 .text.consoleSetColor
                0x0200487c       0x1c /opt/wonderful/thirdparty/blocksds/core/libs/libnds/lib/libnds9.a(console.c.o)
                0x0200487c                consoleSetColor
 .text.consoleArm7Flush
                0x02004898       0x68 /opt/wonderful/thirdparty/blocksds/core/libs/libnds/lib/libnds9.a(console.c.o)
                0x02004898                consoleArm7Flush
 .text.__sassert
                0x02004900       0x90 /opt/wonderful/thirdparty/blocksds/core/libs/libnds/lib/libnds9.a(sassert.c.o)
                0x02004900                __sassert
 .text.DynamicArrayInit
                0x02004990       0x18 /opt/wonderful/thirdparty/blocksds/core/libs/libnds/lib/libnds9.a(dynamicArray.c.o)
                0x02004990                DynamicArrayInit
 .text.DynamicArrayDelete
                0x020049a8       0x14 /opt/wonderful/thirdparty/blocksds/core/libs/libnds/lib/libnds9.a(dynamicArray.c.o)
                0x020049a8                DynamicArrayDelete
 .text.DynamicArraySet
                0x020049bc       0x48 /opt/wonderful/thirdparty/blocksds/core/libs/libnds/lib/libnds9.a(dynamicArray.c.o)
                0x020049bc                DynamicArraySet
 .text.systemErrorExit
                0x02004a04        0x4 /opt/wonderful/thirdparty/blocksds/core/libs/libnds/lib/libnds9.a(exit.c.o)
                0x02004a04                systemErrorExit
 .text.__libnds_exit
                0x02004a08        0x8 /opt/wonderful/thirdparty/blocksds/core/libs/libnds/lib/libnds9.a(exit.c.o)
                0x02004a08                __libnds_exit
 .text._exit    0x02004a10      0x10c /opt/wonderful/thirdparty/blocksds/core/libs/libnds/lib/libnds9.a(exit.c.o)
                0x02004a10                _exit
 .text.reduceHeapSize
                0x02004b1c       0x2c /opt/wonderful/thirdparty/blocksds/core/libs/libnds/lib/libnds9.a(heapfuncs.c.o)
                0x02004b1c                reduceHeapSize
 .text.sbrk     0x02004b48       0x40 /opt/wonderful/thirdparty/blocksds/core/libs/libnds/lib/libnds9.a(sbrk.c.o)
                0x02004b48                sbrk
 .text.setExceptionHandler
                0x02004b88       0x18 /opt/wonderful/thirdparty/blocksds/core/libs/libnds/lib/libnds9.a(exceptions.c.o)
                0x02004b88                setExceptionHandler
 .text.libndsCrash
                0x02004ba0        0xc /opt/wonderful/thirdparty/blocksds/core/libs/libnds/lib/libnds9.a(exceptions.c.o)
                0x02004ba0                libndsCrash
 .text.irqSet   0x02004bac       0x90 /opt/wonderful/thirdparty/blocksds/core/libs/libnds/lib/libnds9.a(interrupts.c.o)
                0x02004bac                irqSet
 .text.irqInit  0x02004c3c       0x44 /opt/wonderful/thirdparty/blocksds/core/libs/libnds/lib/libnds9.a(interrupts.c.o)
                0x02004c3c                irqInit
 .text.irqEnable
                0x02004c80       0x70 /opt/wonderful/thirdparty/blocksds/core/libs/libnds/lib/libnds9.a(interrupts.c.o)
                0x02004c80                irqEnable
 .text.cothread_delete_internal
                0x02004cf0       0xb4 /opt/wonderful/thirdparty/blocksds/core/libs/libnds/lib/libnds9.a(threads.c.o)
 .text.cothread_main
                0x02004da4       0x1c /opt/wonderful/thirdparty/blocksds/core/libs/libnds/lib/libnds9.a(threads.c.o)
                0x02004da4                cothread_main
 .text.cothread_yield
                0x02004dc0       0x20 /opt/wonderful/thirdparty/blocksds/core/libs/libnds/lib/libnds9.a(threads.c.o)
                0x02004dc0                cothread_yield
 .text.cothread_start
                0x02004de0      0x114 /opt/wonderful/thirdparty/blocksds/core/libs/libnds/lib/libnds9.a(threads.c.o)
                0x02004de0                cothread_start
 .text.fifo_buffer_wait_block
                0x02004ef4       0x74 /opt/wonderful/thirdparty/blocksds/core/libs/libnds/lib/libnds9.a(fifosystem.c.o)
 .text.fifoFillTxFifoFromBuffer
                0x02004f68       0xac /opt/wonderful/thirdparty/blocksds/core/libs/libnds/lib/libnds9.a(fifosystem.c.o)
 .text.fifoInternalSendInterrupt
                0x02005014        0x8 /opt/wonderful/thirdparty/blocksds/core/libs/libnds/lib/libnds9.a(fifosystem.c.o)
 .text.fifoInternalSend.part.0
                0x0200501c       0xc4 /opt/wonderful/thirdparty/blocksds/core/libs/libnds/lib/libnds9.a(fifosystem.c.o)
 .text.fifoSendValue32
                0x020050e0       0x40 /opt/wonderful/thirdparty/blocksds/core/libs/libnds/lib/libnds9.a(fifosystem.c.o)
                0x020050e0                fifoSendValue32
 .text.fifoGetDatamsg
                0x02005120       0xdc /opt/wonderful/thirdparty/blocksds/core/libs/libnds/lib/libnds9.a(fifosystem.c.o)
                0x02005120                fifoGetDatamsg
 .text.fifoReadRxFifoAndProcessBuffer
                0x020051fc      0x348 /opt/wonderful/thirdparty/blocksds/core/libs/libnds/lib/libnds9.a(fifosystem.c.o)
 .text.fifoInternalRecvInterrupt
                0x02005544        0x8 /opt/wonderful/thirdparty/blocksds/core/libs/libnds/lib/libnds9.a(fifosystem.c.o)
 .text.fifoSetValue32Handler
                0x0200554c       0xd0 /opt/wonderful/thirdparty/blocksds/core/libs/libnds/lib/libnds9.a(fifosystem.c.o)
                0x0200554c                fifoSetValue32Handler
 .text.fifoSetDatamsgHandler
                0x0200561c       0xa8 /opt/wonderful/thirdparty/blocksds/core/libs/libnds/lib/libnds9.a(fifosystem.c.o)
                0x0200561c                fifoSetDatamsgHandler
 .text.fifoInit
                0x020056c4      0x138 /opt/wonderful/thirdparty/blocksds/core/libs/libnds/lib/libnds9.a(fifosystem.c.o)
                0x020056c4                fifoInit
 .text.__ndsabi_coro_resume
                0x020057fc       0x18 /opt/wonderful/thirdparty/blocksds/core/libs/libnds/lib/libnds9.a(coroutine.s.o)
                0x020057fc                __ndsabi_coro_resume
 .text.__ndsabi_coro_yield
                0x02005814       0x1c /opt/wonderful/thirdparty/blocksds/core/libs/libnds/lib/libnds9.a(coroutine.s.o)
                0x02005814                __ndsabi_coro_yield
 .text.__ndsabi_coro_pop_noctx
                0x02005830       0x34 /opt/wonderful/thirdparty/blocksds/core/libs/libnds/lib/libnds9.a(coroutine.s.o)
                0x02005830                __ndsabi_coro_pop_noctx
 .text.__aeabi_memcpy
                0x02005864       0xc8 /opt/wonderful/thirdparty/blocksds/core/libs/libnds/lib/libnds9.a(memcpy.s.o)
                0x02005864                __aeabi_memcpy
                0x0200589c                __aeabi_memcpy4
                0x0200589c                __aeabi_memcpy8
                0x02005908                __ndsabi_memcpy2
 .text.__ndsabi_memcpy1
                0x0200592c       0x14 /opt/wonderful/thirdparty/blocksds/core/libs/libnds/lib/libnds9.a(memcpy.s.o)
                0x0200592c                __ndsabi_memcpy1
 .text.memcpy   0x02005940       0x10 /opt/wonderful/thirdparty/blocksds/core/libs/libnds/lib/libnds9.a(memcpy.s.o)
                0x02005940                memcpy
 .text.__aeabi_memset
                0x02005950       0x9c /opt/wonderful/thirdparty/blocksds/core/libs/libnds/lib/libnds9.a(memset.s.o)
                0x02005950                __aeabi_memset
                0x02005974                __aeabi_memset8
                0x02005974                __aeabi_memset4
                0x02005980                __ndsabi_wordset4
                0x02005984                __ndsabi_lwordset4
 .text.__ndsabi_memset1
                0x020059ec       0x10 /opt/wonderful/thirdparty/blocksds/core/libs/libnds/lib/libnds9.a(memset.s.o)
                0x020059ec                __ndsabi_memset1
 .text.memset   0x020059fc       0x1c /opt/wonderful/thirdparty/blocksds/core/libs/libnds/lib/libnds9.a(memset.s.o)
                0x020059fc                memset
 .text.enterException
                0x02005a18       0xd4 /opt/wonderful/thirdparty/blocksds/core/libs/libnds/lib/libnds9.a(exceptionHandler.s.o)
                0x02005a18                enterException
                0x02005a8c                exceptionC
                0x02005a90                exceptionStack
                0x02005a94                exceptionRegisters
 .text.dmaSetParams
                0x02005aec       0x1c /opt/wonderful/thirdparty/blocksds/core/libs/libnds/lib/libnds9.a(dma.s.o)
                0x02005aec                dmaSetParams
 .text.dmaStopSafe
                0x02005b08       0x44 /opt/wonderful/thirdparty/blocksds/core/libs/libnds/lib/libnds9.a(dma.s.o)
                0x02005b08                dmaStopSafe
 .text.__aeabi_read_tp
                0x02005b4c       0x38 /opt/wonderful/thirdparty/blocksds/core/libs/libnds/lib/libnds9.a(aeabi_read_tp.s.o)
                0x02005b4c                __aeabi_read_tp
 .text.getCPSR  0x02005b84        0x8 /opt/wonderful/thirdparty/blocksds/core/libs/libnds/lib/libnds9.a(cpu.s.o)
                0x02005b84                getCPSR
 .text.picolibc_stdin_fn_read_hook
                0x02005b8c       0x28 /opt/wonderful/thirdparty/blocksds/core/libs/libnds/lib/libnds9.a(std_streams.c.o)
 .text.putc_buffered.isra.0
                0x02005bb4       0x84 /opt/wonderful/thirdparty/blocksds/core/libs/libnds/lib/libnds9.a(std_streams.c.o)
 .text.write_stdout_libnds
                0x02005c38       0x84 /opt/wonderful/thirdparty/blocksds/core/libs/libnds/lib/libnds9.a(std_streams.c.o)
                0x02005c38                write_stdout_libnds
 .text.checkIfText
                0x02005cbc       0x6c /opt/wonderful/thirdparty/blocksds/core/libs/libnds/lib/libnds9.a(background.c.o)
                0x02005cbc                checkIfText
 .text.bgUpdate
                0x02005d28       0xe8 /opt/wonderful/thirdparty/blocksds/core/libs/libnds/lib/libnds9.a(background.c.o)
                0x02005d28                bgUpdate
 .text.bgInitHidden
                0x02005e10       0xa4 /opt/wonderful/thirdparty/blocksds/core/libs/libnds/lib/libnds9.a(background.c.o)
                0x02005e10                bgInitHidden
 .text.bgInit   0x02005eb4       0x48 /opt/wonderful/thirdparty/blocksds/core/libs/libnds/lib/libnds9.a(background.c.o)
                0x02005eb4                bgInit
 .text.bgInitHiddenSub
                0x02005efc       0xa4 /opt/wonderful/thirdparty/blocksds/core/libs/libnds/lib/libnds9.a(background.c.o)
                0x02005efc                bgInitHiddenSub
 .text.bgInitSub
                0x02005fa0       0x48 /opt/wonderful/thirdparty/blocksds/core/libs/libnds/lib/libnds9.a(background.c.o)
                0x02005fa0                bgInitSub
 .text.bgGetMapPtr
                0x02005fe8       0x40 /opt/wonderful/thirdparty/blocksds/core/libs/libnds/lib/libnds9.a(background.c.o)
                0x02005fe8                bgGetMapPtr
 .text.bgGetGfxPtr
                0x02006028       0x74 /opt/wonderful/thirdparty/blocksds/core/libs/libnds/lib/libnds9.a(background.c.o)
                0x02006028                bgGetGfxPtr
 .text.__retarget_lock_init_recursive
                0x0200609c       0x44 /opt/wonderful/thirdparty/blocksds/core/libs/libnds/lib/libnds9.a(locks.c.o)
                0x0200609c                __retarget_lock_init_recursive
 .text.__retarget_lock_acquire_recursive
                0x020060e0       0x70 /opt/wonderful/thirdparty/blocksds/core/libs/libnds/lib/libnds9.a(locks.c.o)
                0x020060e0                __retarget_lock_acquire_recursive
 .text.__retarget_lock_release_recursive
                0x02006150       0x58 /opt/wonderful/thirdparty/blocksds/core/libs/libnds/lib/libnds9.a(locks.c.o)
                0x02006150                __retarget_lock_release_recursive
 .text.__retarget_lock_init
                0x020061a8        0x8 /opt/wonderful/thirdparty/blocksds/core/libs/libnds/lib/libnds9.a(locks.c.o)
                0x020061a8                __retarget_lock_init
 .text.__retarget_lock_close
                0x020061b0       0x30 /opt/wonderful/thirdparty/blocksds/core/libs/libnds/lib/libnds9.a(locks.c.o)
                0x020061b0                __retarget_lock_close
 .text.__retarget_lock_acquire
                0x020061e0        0x8 /opt/wonderful/thirdparty/blocksds/core/libs/libnds/lib/libnds9.a(locks.c.o)
                0x020061e0                __retarget_lock_acquire
 .text.__retarget_lock_release
                0x020061e8        0x8 /opt/wonderful/thirdparty/blocksds/core/libs/libnds/lib/libnds9.a(locks.c.o)
                0x020061e8                __retarget_lock_release
 .text.__ndsabi_coro_make_noctx
                0x020061f0       0x28 /opt/wonderful/thirdparty/blocksds/core/libs/libnds/lib/libnds9.a(coroutine.c.o)
                0x020061f0                __ndsabi_coro_make_noctx
 .text.__libc_init_array
                0x02006218       0x1c /opt/wonderful/toolchain/gcc-arm-none-eabi/lib/gcc/arm-none-eabi/16.2.0/../../../../arm-none-eabi/lib/thumb/arm946e-s/libc.a(libc_misc_init.c.o)
                0x02006218                __libc_init_array
 .text.__bufio_lock_init
                0x02006234       0x24 /opt/wonderful/toolchain/gcc-arm-none-eabi/lib/gcc/arm-none-eabi/16.2.0/../../../../arm-none-eabi/lib/thumb/arm946e-s/libc.a(libc_stdio_bufio.c.o)
                0x02006234                __bufio_lock_init
 .text.__bufio_lock
                0x02006258       0x16 /opt/wonderful/toolchain/gcc-arm-none-eabi/lib/gcc/arm-none-eabi/16.2.0/../../../../arm-none-eabi/lib/thumb/arm946e-s/libc.a(libc_stdio_bufio.c.o)
 .text.__bufio_flush_locked
                0x0200626e       0x66 /opt/wonderful/toolchain/gcc-arm-none-eabi/lib/gcc/arm-none-eabi/16.2.0/../../../../arm-none-eabi/lib/thumb/arm946e-s/libc.a(libc_stdio_bufio.c.o)
                0x0200626e                __bufio_flush_locked
 .text.__bufio_fill_locked
                0x020062d4       0x2c /opt/wonderful/toolchain/gcc-arm-none-eabi/lib/gcc/arm-none-eabi/16.2.0/../../../../arm-none-eabi/lib/thumb/arm946e-s/libc.a(libc_stdio_bufio.c.o)
                0x020062d4                __bufio_fill_locked
 .text.__bufio_flush
                0x02006300       0x1a /opt/wonderful/toolchain/gcc-arm-none-eabi/lib/gcc/arm-none-eabi/16.2.0/../../../../arm-none-eabi/lib/thumb/arm946e-s/libc.a(libc_stdio_bufio.c.o)
                0x02006300                __bufio_flush
 .text.__bufio_setdir_locked
                0x0200631a       0x1a /opt/wonderful/toolchain/gcc-arm-none-eabi/lib/gcc/arm-none-eabi/16.2.0/../../../../arm-none-eabi/lib/thumb/arm946e-s/libc.a(libc_stdio_bufio.c.o)
                0x0200631a                __bufio_setdir_locked
 .text.__bufio_put
                0x02006334       0x4c /opt/wonderful/toolchain/gcc-arm-none-eabi/lib/gcc/arm-none-eabi/16.2.0/../../../../arm-none-eabi/lib/thumb/arm946e-s/libc.a(libc_stdio_bufio.c.o)
                0x02006334                __bufio_put
 .text.__bufio_get
                0x02006380       0x70 /opt/wonderful/toolchain/gcc-arm-none-eabi/lib/gcc/arm-none-eabi/16.2.0/../../../../arm-none-eabi/lib/thumb/arm946e-s/libc.a(libc_stdio_bufio.c.o)
                0x02006380                __bufio_get
 .text.__bufio_seek
                0x020063f0       0x76 /opt/wonderful/toolchain/gcc-arm-none-eabi/lib/gcc/arm-none-eabi/16.2.0/../../../../arm-none-eabi/lib/thumb/arm946e-s/libc.a(libc_stdio_bufio.c.o)
                0x020063f0                __bufio_seek
 .text.__bufio_close_nf
                0x02006466       0x30 /opt/wonderful/toolchain/gcc-arm-none-eabi/lib/gcc/arm-none-eabi/16.2.0/../../../../arm-none-eabi/lib/thumb/arm946e-s/libc.a(libc_stdio_bufio_close_nf.c.o)
                0x02006466                __bufio_close_nf
 .text.fflush   0x02006496       0x1a /opt/wonderful/toolchain/gcc-arm-none-eabi/lib/gcc/arm-none-eabi/16.2.0/../../../../arm-none-eabi/lib/thumb/arm946e-s/libc.a(libc_stdio_fflush.c.o)
                0x02006496                fflush
 .text.printf   0x020064b0       0x20 /opt/wonderful/toolchain/gcc-arm-none-eabi/lib/gcc/arm-none-eabi/16.2.0/../../../../arm-none-eabi/lib/thumb/arm946e-s/libc.a(libc_stdio_printf.c.o)
                0x020064b0                printf
 .text.puts     0x020064d0       0x44 /opt/wonderful/toolchain/gcc-arm-none-eabi/lib/gcc/arm-none-eabi/16.2.0/../../../../arm-none-eabi/lib/thumb/arm946e-s/libc.a(libc_stdio_puts.c.o)
                0x020064d0                puts
 .text.__ultoa_invert
                0x02006514       0x4a /opt/wonderful/toolchain/gcc-arm-none-eabi/lib/gcc/arm-none-eabi/16.2.0/../../../../arm-none-eabi/lib/thumb/arm946e-s/libc.a(libc_stdio_vfprintf.c.o)
 *fill*         0x0200655e        0x2 ff
 .text.skip_to_arg
                0x02006560      0x140 /opt/wonderful/toolchain/gcc-arm-none-eabi/lib/gcc/arm-none-eabi/16.2.0/../../../../arm-none-eabi/lib/thumb/arm946e-s/libc.a(libc_stdio_vfprintf.c.o)
 .text.vfprintf
                0x020066a0      0xb2c /opt/wonderful/toolchain/gcc-arm-none-eabi/lib/gcc/arm-none-eabi/16.2.0/../../../../arm-none-eabi/lib/thumb/arm946e-s/libc.a(libc_stdio_vfprintf.c.o)
                0x020066a0                __d_vfprintf
                0x020066a0                vfprintf
 .text.vprintf  0x020071cc       0x14 /opt/wonderful/toolchain/gcc-arm-none-eabi/lib/gcc/arm-none-eabi/16.2.0/../../../../arm-none-eabi/lib/thumb/arm946e-s/libc.a(libc_stdio_vprintf.c.o)
                0x020071cc                vprintf
 .text.mulShiftAll64
                0x020071e0      0x202 /opt/wonderful/toolchain/gcc-arm-none-eabi/lib/gcc/arm-none-eabi/16.2.0/../../../../arm-none-eabi/lib/thumb/arm946e-s/libc.a(libc_stdio_dtoa_ryu.c.o)
 *fill*         0x020073e2        0x2 ff
 .text.div10    0x020073e4       0x28 /opt/wonderful/toolchain/gcc-arm-none-eabi/lib/gcc/arm-none-eabi/16.2.0/../../../../arm-none-eabi/lib/thumb/arm946e-s/libc.a(libc_stdio_dtoa_ryu.c.o)
 .text.__dtoa_engine
                0x0200740c      0x4bc /opt/wonderful/toolchain/gcc-arm-none-eabi/lib/gcc/arm-none-eabi/16.2.0/../../../../arm-none-eabi/lib/thumb/arm946e-s/libc.a(libc_stdio_dtoa_ryu.c.o)
                0x0200740c                __dtoa_engine
 .text.__log10Pow2
                0x020078c8        0xc /opt/wonderful/toolchain/gcc-arm-none-eabi/lib/gcc/arm-none-eabi/16.2.0/../../../../arm-none-eabi/lib/thumb/arm946e-s/libc.a(libc_stdio_ryu_log10.c.o)
                0x020078c8                __log10Pow2
 .text.__log10Pow5
                0x020078d4        0xc /opt/wonderful/toolchain/gcc-arm-none-eabi/lib/gcc/arm-none-eabi/16.2.0/../../../../arm-none-eabi/lib/thumb/arm946e-s/libc.a(libc_stdio_ryu_log10.c.o)
                0x020078d4                __log10Pow5
 .text.__pow5bits
                0x020078e0       0x10 /opt/wonderful/toolchain/gcc-arm-none-eabi/lib/gcc/arm-none-eabi/16.2.0/../../../../arm-none-eabi/lib/thumb/arm946e-s/libc.a(libc_stdio_ryu_pow5bits.c.o)
                0x020078e0                __pow5bits
 .text.__pow5Factor
                0x020078f0       0x2c /opt/wonderful/toolchain/gcc-arm-none-eabi/lib/gcc/arm-none-eabi/16.2.0/../../../../arm-none-eabi/lib/thumb/arm946e-s/libc.a(libc_stdio_ryu_table.c.o)
                0x020078f0                __pow5Factor
 .text.__double_computePow5
                0x0200791c      0x100 /opt/wonderful/toolchain/gcc-arm-none-eabi/lib/gcc/arm-none-eabi/16.2.0/../../../../arm-none-eabi/lib/thumb/arm946e-s/libc.a(libc_stdio_ryu_table.c.o)
                0x0200791c                __double_computePow5
 .text.__double_computeInvPow5
                0x02007a1c       0xfc /opt/wonderful/toolchain/gcc-arm-none-eabi/lib/gcc/arm-none-eabi/16.2.0/../../../../arm-none-eabi/lib/thumb/arm946e-s/libc.a(libc_stdio_ryu_table.c.o)
                0x02007a1c                __double_computeInvPow5
 .text.__umul128
                0x02007b18       0x6e /opt/wonderful/toolchain/gcc-arm-none-eabi/lib/gcc/arm-none-eabi/16.2.0/../../../../arm-none-eabi/lib/thumb/arm946e-s/libc.a(libc_stdio_ryu_umul128.c.o)
                0x02007b18                __umul128
 .text.__shiftright128
                0x02007b86       0x28 /opt/wonderful/toolchain/gcc-arm-none-eabi/lib/gcc/arm-none-eabi/16.2.0/../../../../arm-none-eabi/lib/thumb/arm946e-s/libc.a(libc_stdio_ryu_umul128.c.o)
                0x02007b86                __shiftright128
 .text.exit     0x02007bae        0xe /opt/wonderful/toolchain/gcc-arm-none-eabi/lib/gcc/arm-none-eabi/16.2.0/../../../../arm-none-eabi/lib/thumb/arm946e-s/libc.a(libc_stdlib_exit.c.o)
                0x02007bae                exit
 .text.__ascii_wctomb
                0x02007bbc       0x16 /opt/wonderful/toolchain/gcc-arm-none-eabi/lib/gcc/arm-none-eabi/16.2.0/../../../../arm-none-eabi/lib/thumb/arm946e-s/libc.a(libc_stdlib_wctomb_r.c.o)
                0x02007bbc                __ascii_wctomb
 *fill*         0x02007bd2        0x2 ff
 .text.__utf8_wctomb
                0x02007bd4       0xc0 /opt/wonderful/toolchain/gcc-arm-none-eabi/lib/gcc/arm-none-eabi/16.2.0/../../../../arm-none-eabi/lib/thumb/arm946e-s/libc.a(libc_stdlib_wctomb_r.c.o)
                0x02007bd4                __utf8_wctomb
 .text.strnlen  0x02007c94       0x16 /opt/wonderful/toolchain/gcc-arm-none-eabi/lib/gcc/arm-none-eabi/16.2.0/../../../../arm-none-eabi/lib/thumb/arm946e-s/libc.a(libc_string_strnlen.c.o)
                0x02007c94                strnlen
 .text.time     0x02007caa       0x28 /opt/wonderful/toolchain/gcc-arm-none-eabi/lib/gcc/arm-none-eabi/16.2.0/../../../../arm-none-eabi/lib/thumb/arm946e-s/libc.a(libc_time_time.c.o)
                0x02007caa                time
 *fill*         0x02007cd2        0x2 ff
 .text.__libc_fini_array
                0x02007cd4       0x1c /opt/wonderful/toolchain/gcc-arm-none-eabi/lib/gcc/arm-none-eabi/16.2.0/../../../../arm-none-eabi/lib/thumb/arm946e-s/libc.a(libc_misc_fini.c.o)
                0x02007cd4                __libc_fini_array
 .text.__picolibc_non_atomic_store_ungetc
                0x02007cf0        0x4 /opt/wonderful/toolchain/gcc-arm-none-eabi/lib/gcc/arm-none-eabi/16.2.0/../../../../arm-none-eabi/lib/thumb/arm946e-s/libc.a(libc_stdio_atomic_store.c.o)
                0x02007cf0                __picolibc_non_atomic_store_ungetc
                0x02007cf0                __atomic_store_ungetc
 .text.__dtox_engine
                0x02007cf4      0x12c /opt/wonderful/toolchain/gcc-arm-none-eabi/lib/gcc/arm-none-eabi/16.2.0/../../../../arm-none-eabi/lib/thumb/arm946e-s/libc.a(libc_stdio_dtox_engine.c.o)
                0x02007cf4                __dtox_engine
 .text.gettimeofday
                0x02007e20       0x1c /opt/wonderful/thirdparty/blocksds/core/libs/libnds/lib/libnds9.a(syscalls.c.o)
                0x02007e20                gettimeofday
 *fill*         0x02007e3c        0x4 ff
 .text.gettimeofday.__stub
                0x02007e40       0x40 linker stubs
 *(EXCLUDE_FILE(*.twl*) .gnu.warning)
 *(EXCLUDE_FILE(*.twl*) .gnu.linkonce.t*)
 *(.glue_7)
 .glue_7        0x02007e80        0x0 linker stubs
 *(.glue_7t)
 .glue_7t       0x02007e80        0x0 linker stubs
                0x02007e80                        . = ALIGN (0x4)

.vfp11_veneer   0x02007e80        0x0
 .vfp11_veneer  0x02007e80        0x0 linker stubs

.v4_bx          0x02007e80        0x0
 .v4_bx         0x02007e80        0x0 linker stubs

.iplt           0x02007e80        0x0
 .iplt          0x02007e80        0x0 /opt/wonderful/thirdparty/blocksds/core/sys/crts/ds_arm9_crt0.o

.fini           0x02007e80        0x8
 *(.fini)
 .fini          0x02007e80        0x8 /opt/wonderful/toolchain/gcc-arm-none-eabi/lib/gcc/arm-none-eabi/16.2.0/thumb/arm946e-s/crtn.o
                0x02007e88                        __text_end = .

.rodata         0x02007e88      0xa70
 *(EXCLUDE_FILE(*.twl*) .rodata)
 .rodata        0x02007e88       0x40 /opt/wonderful/thirdparty/blocksds/core/libs/libnds/lib/libnds9.a(exceptions.c.o)
 .rodata        0x02007ec8      0x340 /opt/wonderful/toolchain/gcc-arm-none-eabi/lib/gcc/arm-none-eabi/16.2.0/../../../../arm-none-eabi/lib/thumb/arm946e-s/libc.a(libc_stdio_ryu_table.c.o)
 .rodata        0x02008208        0x8 /opt/wonderful/toolchain/gcc-arm-none-eabi/lib/gcc/arm-none-eabi/16.2.0/../../../../arm-none-eabi/lib/thumb/arm946e-s/libc.a(libc_stdlib_wctomb_r.c.o)
                0x02008208                __wctomb
 *all.rodata*(*)
 *(EXCLUDE_FILE(*.twl*) .roda)
 *(EXCLUDE_FILE(*.twl*) .rodata.*)
 .rodata.SIN_LUT
                0x02008210      0x102 /opt/wonderful/thirdparty/blocksds/core/libs/libnds/lib/libnds9.a(trig.c.o)
                0x02008210                SIN_LUT
 *fill*         0x02008312        0x2 ff
 .rodata.releaseCrashHandler.str1.4
                0x02008314      0x169 /opt/wonderful/thirdparty/blocksds/core/libs/libnds/lib/libnds9.a(exceptions.c.o)
                                 0x33 (size before relaxing)
 .rodata.exceptionStatePrint.str1.4
                0x0200847d        0x0 /opt/wonderful/thirdparty/blocksds/core/libs/libnds/lib/libnds9.a(exceptions.c.o)
                                 0x18 (size before relaxing)
 .rodata.str1.4
                0x0200847d        0x0 /opt/wonderful/thirdparty/blocksds/core/libs/libnds/lib/libnds9.a(exceptions.c.o)
                                 0x40 (size before relaxing)
 .rodata.systemValueHandler.str1.4
                0x0200847d        0x0 /opt/wonderful/thirdparty/blocksds/core/libs/libnds/lib/libnds9.a(system.c.o)
                                 0x2b (size before relaxing)
 *fill*         0x0200847d        0x3 ff
 .rodata.systemValueHandler
                0x02008480       0x10 /opt/wonderful/thirdparty/blocksds/core/libs/libnds/lib/libnds9.a(system.c.o)
 .rodata.con_write
                0x02008490       0xd4 /opt/wonderful/thirdparty/blocksds/core/libs/libnds/lib/libnds9.a(console.c.o)
 .rodata.__sassert.str1.4
                0x02008564        0x0 /opt/wonderful/thirdparty/blocksds/core/libs/libnds/lib/libnds9.a(sassert.c.o)
                                 0x73 (size before relaxing)
 .rodata.__func__.0
                0x02008564       0x19 /opt/wonderful/thirdparty/blocksds/core/libs/libnds/lib/libnds9.a(threads.c.o)
 .rodata.fifoReadRxFifoAndProcessBuffer.str1.4
                0x0200857d        0x0 /opt/wonderful/thirdparty/blocksds/core/libs/libnds/lib/libnds9.a(fifosystem.c.o)
                                 0x15 (size before relaxing)
 *fill*         0x0200857d        0x3 ff
 .rodata.default_fontTiles
                0x02008580      0x300 /opt/wonderful/thirdparty/blocksds/core/libs/libnds/lib/libnds9.a(default_font.png.o)
                0x02008580                default_fontTiles
 .rodata.stdin  0x02008880        0x4 /opt/wonderful/thirdparty/blocksds/core/libs/libnds/lib/libnds9.a(std_streams.c.o)
                0x02008880                stdin
 .rodata.stdout
                0x02008884        0x4 /opt/wonderful/thirdparty/blocksds/core/libs/libnds/lib/libnds9.a(std_streams.c.o)
                0x02008884                stdout
 .rodata.bgTransform
                0x02008888       0x20 /opt/wonderful/thirdparty/blocksds/core/libs/libnds/lib/libnds9.a(background.c.o)
                0x02008888                bgTransform
 .rodata.bgScrollTable
                0x020088a8       0x20 /opt/wonderful/thirdparty/blocksds/core/libs/libnds/lib/libnds9.a(background.c.o)
                0x020088a8                bgScrollTable
 .rodata.bgControl
                0x020088c8       0x20 /opt/wonderful/thirdparty/blocksds/core/libs/libnds/lib/libnds9.a(background.c.o)
                0x020088c8                bgControl
 .rodata.__retarget_lock_init_recursive.str1.4
                0x020088e8        0x0 /opt/wonderful/thirdparty/blocksds/core/libs/libnds/lib/libnds9.a(locks.c.o)
                                  0xa (size before relaxing)
 .rodata.__retarget_lock_close_recursive.str1.4
                0x020088e8        0x0 /opt/wonderful/thirdparty/blocksds/core/libs/libnds/lib/libnds9.a(locks.c.o)
                                  0xb (size before relaxing)
 .rodata.__retarget_lock_release_recursive.str1.4
                0x020088e8        0x0 /opt/wonderful/thirdparty/blocksds/core/libs/libnds/lib/libnds9.a(locks.c.o)
                                  0xd (size before relaxing)
 .rodata.str1.1
                0x020088e8        0xf /opt/wonderful/toolchain/gcc-arm-none-eabi/lib/gcc/arm-none-eabi/16.2.0/../../../../arm-none-eabi/lib/thumb/arm946e-s/libc.a(libc_stdio_vfprintf.c.o)
 *(EXCLUDE_FILE(*.twl*) .gnu.linkonce.r*)
                0x020088f8                        . = ALIGN (0x4)
 *fill*         0x020088f7        0x1 ff

.ARM.extab
 *(.ARM.extab* .gnu.linkonce.armextab.*)
                0x020088f8                        __exidx_start = .

ARM.exidx       0x020088f8        0x8
 *(.ARM.exidx* .gnu.linkonce.armexidx.*)
 .ARM.exidx     0x020088f8        0x8 /opt/wonderful/toolchain/gcc-arm-none-eabi/lib/gcc/arm-none-eabi/16.2.0/thumb/arm946e-s/libgcc.a(_udivmoddi4.o)
                0x02008900                        __exidx_end = .
                0x02008900                        . = ALIGN (0x4)

.init_array     0x02008900        0x0
                [!provide]                        PROVIDE (__preinit_array_start = .)
                0x02008900                        PROVIDE (__bothinit_array_start = .)
 *(.preinit_array)
                [!provide]                        PROVIDE (__preinit_array_end = .)
                [!provide]                        PROVIDE (__init_array_start = .)
 *(SORT_BY_INIT_PRIORITY(.init_array.*) SORT_BY_INIT_PRIORITY(.ctors.*))
 *(.init_array EXCLUDE_FILE(*crtend?.o *crtend.o *crtbegin?.o *crtbegin.o) .ctors)
                [!provide]                        PROVIDE (__init_array_end = .)
                0x02008900                        PROVIDE (__bothinit_array_end = .)

.fini_array     0x02008900        0x0
                0x02008900                        PROVIDE (__fini_array_start = .)
 *(SORT_BY_INIT_PRIORITY(.fini_array.*) SORT_BY_INIT_PRIORITY(.dtors.*))
 *(.fini_array EXCLUDE_FILE(*crtend?.o *crtend.o *crtbegin?.o *crtbegin.o) .dtors)
 *(.fini_array*)
                0x02008900                        PROVIDE (__fini_array_end = .)

.ctors          0x02008900        0x0
 *crtbegin.o(.ctors)
 *crtbegin?.o(.ctors)
 *(EXCLUDE_FILE(*crtend?.o *crtend.o) .ctors)
 *(SORT_BY_NAME(.ctors.*))
 *(.ctors)
                0x02008900                        . = ALIGN (0x4)

.dtors          0x02008900        0x0
 *crtbegin.o(.dtors)
 *crtbegin?.o(.dtors)
 *(EXCLUDE_FILE(*crtend?.o *crtend.o) .dtors)
 *(SORT_BY_NAME(.dtors.*))
 *(.dtors)
                0x02008900                        . = ALIGN (0x4)

.eh_frame       0x02008900        0x4
 *(.eh_frame)
 .eh_frame      0x02008900        0x4 /opt/wonderful/toolchain/gcc-arm-none-eabi/lib/gcc/arm-none-eabi/16.2.0/thumb/arm946e-s/crtend.o
                0x02008904                        . = ALIGN (0x4)

.rel.dyn        0x02008904        0x0
 .rel.iplt      0x02008904        0x0 /opt/wonderful/thirdparty/blocksds/core/sys/crts/ds_arm9_crt0.o

.gcc_except_table
                0x02008904        0x0
 *(.gcc_except_table .gcc_except_table.*)
                0x02008904                        . = ALIGN (0x4)

.got
 *(.got.plt)
 *(.got)
 *(.rel.got)

.ewram          0x02008904        0x0
                0x02008904                        __ewram_start = ABSOLUTE (.)
 *(.ewram)
 *ewram.*(.text)
                0x02008904                        . = ALIGN (0x4)

.data           0x02008904       0xd4
                0x02008904                        __data_start = ABSOLUTE (.)
 *(EXCLUDE_FILE(*.twl*) .data)
 .data          0x02008904       0x28 /opt/wonderful/thirdparty/blocksds/core/libs/libnds/lib/libnds9.a(mpu_setup.s.o)
 .data          0x0200892c        0x4 /opt/wonderful/toolchain/gcc-arm-none-eabi/lib/gcc/arm-none-eabi/16.2.0/../../../../arm-none-eabi/lib/thumb/arm946e-s/libc.a(libc_locale_localedata.c.o)
                0x0200892c                __global_locale
 *(EXCLUDE_FILE(*.twl*) .data.*)
 .data.count    0x02008930        0x1 /opt/wonderful/thirdparty/blocksds/core/libs/libnds/lib/libnds9.a(keys.c.o)
 .data.repeat   0x02008931        0x1 /opt/wonderful/thirdparty/blocksds/core/libs/libnds/lib/libnds9.a(keys.c.o)
 .data.delay    0x02008932        0x1 /opt/wonderful/thirdparty/blocksds/core/libs/libnds/lib/libnds9.a(keys.c.o)
 *fill*         0x02008933        0x1 ff
 .data.latchedArm7Buttons
                0x02008934        0x2 /opt/wonderful/thirdparty/blocksds/core/libs/libnds/lib/libnds9.a(keys.c.o)
 .data.receivedArm7Buttons
                0x02008936        0x2 /opt/wonderful/thirdparty/blocksds/core/libs/libnds/lib/libnds9.a(keys.c.o)
 .data.firstConsoleInit.0
                0x02008938        0x1 /opt/wonderful/thirdparty/blocksds/core/libs/libnds/lib/libnds9.a(console.c.o)
 *fill*         0x02008939        0x3 ff
 .data.currentConsole
                0x0200893c        0x4 /opt/wonderful/thirdparty/blocksds/core/libs/libnds/lib/libnds9.a(console.c.o)
 .data.__stdin  0x02008940       0x4c /opt/wonderful/thirdparty/blocksds/core/libs/libnds/lib/libnds9.a(std_streams.c.o)
 .data.__stdout
                0x0200898c       0x4c /opt/wonderful/thirdparty/blocksds/core/libs/libnds/lib/libnds9.a(std_streams.c.o)
 *(EXCLUDE_FILE(*.twl*) .gnu.linkonce.d*)
                0x020089d8                        . = ALIGN (0x4)

.igot.plt       0x020089d8        0x0
 .igot.plt      0x020089d8        0x0 /opt/wonderful/thirdparty/blocksds/core/sys/crts/ds_arm9_crt0.o

.tdata          0x020089d8        0x0
                0x020089d8                        __tdata_start = ABSOLUTE (.)
 *(.tdata .tdata.* .gnu.linkonce.td.*)
                0x020089d8                        . = ALIGN (0x4)
                0x020089d8                        __tdata_end = ABSOLUTE (.)
                0x020089d8                        __data_end = .
                0x00000000                        __tdata_size = (__tdata_end - __tdata_start)

.tbss           0x020089d8        0x8
                0x020089d8                        __tbss_start = ABSOLUTE (.)
 *(.tbss .tbss.* .gnu.linkonce.tb.*)
 .tbss          0x020089d8        0x4 /opt/wonderful/toolchain/gcc-arm-none-eabi/lib/gcc/arm-none-eabi/16.2.0/../../../../arm-none-eabi/lib/thumb/arm946e-s/libc.a(libc_errno_errno.c.o)
                0x020089d8                errno
 .tbss          0x020089dc        0x4 /opt/wonderful/toolchain/gcc-arm-none-eabi/lib/gcc/arm-none-eabi/16.2.0/../../../../arm-none-eabi/lib/thumb/arm946e-s/libc.a(libc_locale_localedata.c.o)
                0x020089dc                _locale
 *(.tcommon)
                0x020089e0                        . = ALIGN (0x4)
                0x020089e0                        __tbss_end = ABSOLUTE (.)
                0x00000008                        __tbss_size = (__tbss_end - __tbss_start)
                0x020089d8                        __bss_vma = .

.dtcm           0x02ff4000        0x0 load address 0x020089d8
                0x020089d8                        __dtcm_lma = LOADADDR (.dtcm)
 *(.dtcm)
 *(.dtcm.*)
                0x02ff4000                        . = ALIGN (0x4)
                0x02ff4000                        __dtcm_end = ABSOLUTE (.)

.itcm           0x01000000      0x410 load address 0x020089d8
                0x020089d8                        __itcm_lma = LOADADDR (.itcm)
                0x01000000                        __itcm_start = ABSOLUTE (.)
 *(.vectors .vectors.*)
 *(.itcm)
 *(.itcm.*)
 .itcm.text.CP15_CleanAndFlushDCacheRange
                0x01000000       0x34 /opt/wonderful/thirdparty/blocksds/core/libs/libnds/lib/libnds9.a(cache.c.o)
                0x01000000                CP15_CleanAndFlushDCacheRange
 .itcm.text.swiIntrWait
                0x01000034       0x84 /opt/wonderful/thirdparty/blocksds/core/libs/libnds/lib/libnds9.a(swiIntrWait.c.o)
                0x01000034                swiIntrWait
 .itcm.text.swiWaitForVBlank
                0x010000b8        0xc /opt/wonderful/thirdparty/blocksds/core/libs/libnds/lib/libnds9.a(swiIntrWait.c.o)
                0x010000b8                swiWaitForVBlank
 .itcm.data     0x010000c4       0x80 /opt/wonderful/thirdparty/blocksds/core/libs/libnds/lib/libnds9.a(interrupts.c.o)
                0x010000c4                irqTable
 .itcm.text.cothread_yield_signal
                0x01000144       0x54 /opt/wonderful/thirdparty/blocksds/core/libs/libnds/lib/libnds9.a(threads.c.o)
                0x01000144                cothread_yield_signal
 .itcm.text.cothread_send_signal
                0x01000198       0x80 /opt/wonderful/thirdparty/blocksds/core/libs/libnds/lib/libnds9.a(threads.c.o)
                0x01000198                cothread_send_signal
 .itcm.data.__tls
                0x01000218        0x4 /opt/wonderful/thirdparty/blocksds/core/libs/libnds/lib/libnds9.a(threads.c.o)
                0x01000218                __tls
 .itcm.bss.cothread_threads_waiting_count
                0x0100021c        0x4 /opt/wonderful/thirdparty/blocksds/core/libs/libnds/lib/libnds9.a(threads.c.o)
                0x0100021c                cothread_threads_waiting_count
 .itcm.bss.cothread_threads_count
                0x01000220        0x4 /opt/wonderful/thirdparty/blocksds/core/libs/libnds/lib/libnds9.a(threads.c.o)
                0x01000220                cothread_threads_count
 .itcm.bss.cothread_list_signal
                0x01000224        0x4 /opt/wonderful/thirdparty/blocksds/core/libs/libnds/lib/libnds9.a(threads.c.o)
                0x01000224                cothread_list_signal
 .itcm.bss.cothread_list_irq
                0x01000228       0x80 /opt/wonderful/thirdparty/blocksds/core/libs/libnds/lib/libnds9.a(threads.c.o)
                0x01000228                cothread_list_irq
 .itcm.setCpuClock
                0x010002a8       0x50 /opt/wonderful/thirdparty/blocksds/core/libs/libnds/lib/libnds9.a(cpu_clock.s.o)
                0x010002a8                setCpuClock
 .itcm.IntrMain
                0x010002f8      0x110 /opt/wonderful/thirdparty/blocksds/core/libs/libnds/lib/libnds9.a(interruptDispatcher.s.o)
                0x010002f8                IntrMain
                0x01000404                irq_nesting_level
 .itcm.IntrMain.__stub
                0x01000408        0x8 linker stubs
 *.itcm*(.text .stub .text.*)
                0x01000410                        . = ALIGN (0x4)
                0x01000410                        __itcm_end = ABSOLUTE (.)

.sbss           0x02ff4000        0x0
                0x02ff4000                        __sbss_start = ABSOLUTE (.)
                0x02ff4000                        __sbss_start__ = ABSOLUTE (.)
 *(.sbss)
 *(.sbss.*)
                0x02ff4000                        . = ALIGN (0x4)
                0x02ff4000                        __sbss_end = ABSOLUTE (.)

.bss            0x020089d8     0x11bc
                0x020089d8                        __bss_start = ABSOLUTE (.)
                0x020089d8                        __bss_start__ = ABSOLUTE (.)
 *(EXCLUDE_FILE(*.twl*) .dynbss)
 *(EXCLUDE_FILE(*.twl*) .gnu.linkonce.b*)
 *(EXCLUDE_FILE(*.twl*) .bss*)
 .bss.glGlob    0x020089d8       0x50 /opt/wonderful/thirdparty/blocksds/core/libs/libnds/lib/libnds9.a(videoGL.c.o)
                0x020089d8                glGlob
 .bss._gm_      0x02008a28      0x1dc /opt/wonderful/thirdparty/blocksds/core/libs/libnds/lib/libnds9.a(dlmalloc.c.o)
 .bss.mparams   0x02008c04       0x14 /opt/wonderful/thirdparty/blocksds/core/libs/libnds/lib/libnds9.a(dlmalloc.c.o)
 .bss.malloc_global_mutex
                0x02008c18        0x1 /opt/wonderful/thirdparty/blocksds/core/libs/libnds/lib/libnds9.a(dlmalloc.c.o)
 *fill*         0x02008c19        0x3 
 .bss.punixTime
                0x02008c1c        0x4 /opt/wonderful/thirdparty/blocksds/core/libs/libnds/lib/libnds9.a(initSystem.c.o)
                0x02008c1c                punixTime
 .bss.__debugger_unit
                0x02008c20        0x1 /opt/wonderful/thirdparty/blocksds/core/libs/libnds/lib/libnds9.a(initSystem.c.o)
                0x02008c20                __debugger_unit
 .bss.__dsimode
                0x02008c21        0x1 /opt/wonderful/thirdparty/blocksds/core/libs/libnds/lib/libnds9.a(initSystem.c.o)
                0x02008c21                __dsimode
 *fill*         0x02008c22        0x2 
 .bss.SDcallback
                0x02008c24        0x4 /opt/wonderful/thirdparty/blocksds/core/libs/libnds/lib/libnds9.a(system.c.o)
 .bss.keysrepeat
                0x02008c28        0x2 /opt/wonderful/thirdparty/blocksds/core/libs/libnds/lib/libnds9.a(keys.c.o)
 .bss.keysup    0x02008c2a        0x2 /opt/wonderful/thirdparty/blocksds/core/libs/libnds/lib/libnds9.a(keys.c.o)
 .bss.keysdown  0x02008c2c        0x2 /opt/wonderful/thirdparty/blocksds/core/libs/libnds/lib/libnds9.a(keys.c.o)
 .bss.keys      0x02008c2e        0x2 /opt/wonderful/thirdparty/blocksds/core/libs/libnds/lib/libnds9.a(keys.c.o)
 .bss.latchedTouchPosition
                0x02008c30        0xc /opt/wonderful/thirdparty/blocksds/core/libs/libnds/lib/libnds9.a(keys.c.o)
 .bss.receivedTouchPosition
                0x02008c3c        0xc /opt/wonderful/thirdparty/blocksds/core/libs/libnds/lib/libnds9.a(keys.c.o)
 .bss.arm7console
                0x02008c48        0x4 /opt/wonderful/thirdparty/blocksds/core/libs/libnds/lib/libnds9.a(console.c.o)
 .bss.arm7con   0x02008c4c        0x4 /opt/wonderful/thirdparty/blocksds/core/libs/libnds/lib/libnds9.a(console.c.o)
 .bss.libnds_stderr_write
                0x02008c50        0x4 /opt/wonderful/thirdparty/blocksds/core/libs/libnds/lib/libnds9.a(console.c.o)
                0x02008c50                libnds_stderr_write
 .bss.libnds_stdout_write
                0x02008c54        0x4 /opt/wonderful/thirdparty/blocksds/core/libs/libnds/lib/libnds9.a(console.c.o)
                0x02008c54                libnds_stdout_write
 .bss.currentCopy
                0x02008c58       0x4c /opt/wonderful/thirdparty/blocksds/core/libs/libnds/lib/libnds9.a(console.c.o)
 .bss.heap_start
                0x02008ca4        0x4 /opt/wonderful/thirdparty/blocksds/core/libs/libnds/lib/libnds9.a(sbrk.c.o)
 .bss.fake_heap_start
                0x02008ca8        0x4 /opt/wonderful/thirdparty/blocksds/core/libs/libnds/lib/libnds9.a(sbrk.c.o)
                0x02008ca8                fake_heap_start
 .bss.fake_heap_end
                0x02008cac        0x4 /opt/wonderful/thirdparty/blocksds/core/libs/libnds/lib/libnds9.a(sbrk.c.o)
                0x02008cac                fake_heap_end
 .bss.exceptionMsg
                0x02008cb0        0x4 /opt/wonderful/thirdparty/blocksds/core/libs/libnds/lib/libnds9.a(exceptions.c.o)
                0x02008cb0                exceptionMsg
 .bss.main_args
                0x02008cb4        0x8 /opt/wonderful/thirdparty/blocksds/core/libs/libnds/lib/libnds9.a(threads.c.o)
 .bss.cothread_list
                0x02008cbc       0x20 /opt/wonderful/thirdparty/blocksds/core/libs/libnds/lib/libnds9.a(threads.c.o)
 .bss.cothread_active_thread
                0x02008cdc        0x4 /opt/wonderful/thirdparty/blocksds/core/libs/libnds/lib/libnds9.a(threads.c.o)
 .bss.free_fn   0x02008ce0        0x4 /opt/wonderful/thirdparty/blocksds/core/libs/libnds/lib/libnds9.a(threads.c.o)
 .bss.fifo_rx_processing
                0x02008ce4        0x1 /opt/wonderful/thirdparty/blocksds/core/libs/libnds/lib/libnds9.a(fifosystem.c.o)
 *fill*         0x02008ce5        0x3 
 .bss.fifo_datamsg_data
                0x02008ce8       0x40 /opt/wonderful/thirdparty/blocksds/core/libs/libnds/lib/libnds9.a(fifosystem.c.o)
 .bss.fifo_value32_data
                0x02008d28       0x40 /opt/wonderful/thirdparty/blocksds/core/libs/libnds/lib/libnds9.a(fifosystem.c.o)
 .bss.fifo_address_data
                0x02008d68       0x40 /opt/wonderful/thirdparty/blocksds/core/libs/libnds/lib/libnds9.a(fifosystem.c.o)
 .bss.fifo_datamsg_func
                0x02008da8       0x40 /opt/wonderful/thirdparty/blocksds/core/libs/libnds/lib/libnds9.a(fifosystem.c.o)
 .bss.fifo_value32_func
                0x02008de8       0x40 /opt/wonderful/thirdparty/blocksds/core/libs/libnds/lib/libnds9.a(fifosystem.c.o)
 .bss.fifo_address_func
                0x02008e28       0x40 /opt/wonderful/thirdparty/blocksds/core/libs/libnds/lib/libnds9.a(fifosystem.c.o)
 .bss.fifo_rx_queue
                0x02008e68        0x4 /opt/wonderful/thirdparty/blocksds/core/libs/libnds/lib/libnds9.a(fifosystem.c.o)
 .bss.fifo_tx_queue
                0x02008e6c        0x4 /opt/wonderful/thirdparty/blocksds/core/libs/libnds/lib/libnds9.a(fifosystem.c.o)
 .bss.fifo_free_queue
                0x02008e70        0x4 /opt/wonderful/thirdparty/blocksds/core/libs/libnds/lib/libnds9.a(fifosystem.c.o)
 .bss.fifo_value32_queue
                0x02008e74       0x40 /opt/wonderful/thirdparty/blocksds/core/libs/libnds/lib/libnds9.a(fifosystem.c.o)
 .bss.fifo_data_queue
                0x02008eb4       0x40 /opt/wonderful/thirdparty/blocksds/core/libs/libnds/lib/libnds9.a(fifosystem.c.o)
 .bss.fifo_address_queue
                0x02008ef4       0x40 /opt/wonderful/thirdparty/blocksds/core/libs/libnds/lib/libnds9.a(fifosystem.c.o)
 .bss.global_pool_free_words
                0x02008f34        0x4 /opt/wonderful/thirdparty/blocksds/core/libs/libnds/lib/libnds9.a(fifosystem.c.o)
 .bss.global_fifo_pool
                0x02008f38      0x800 /opt/wonderful/thirdparty/blocksds/core/libs/libnds/lib/libnds9.a(fifosystem.c.o)
 .bss.stdin_read_buf
                0x02009738       0x80 /opt/wonderful/thirdparty/blocksds/core/libs/libnds/lib/libnds9.a(std_streams.c.o)
 .bss.write_buf_out
                0x020097b8        0x1 /opt/wonderful/thirdparty/blocksds/core/libs/libnds/lib/libnds9.a(std_streams.c.o)
 *fill*         0x020097b9        0x1 
 .bss.stderr_buf_len
                0x020097ba        0x2 /opt/wonderful/thirdparty/blocksds/core/libs/libnds/lib/libnds9.a(std_streams.c.o)
 .bss.stdout_buf_len
                0x020097bc        0x2 /opt/wonderful/thirdparty/blocksds/core/libs/libnds/lib/libnds9.a(std_streams.c.o)
 *fill*         0x020097be        0x2 
 .bss.stderr_buf
                0x020097c0       0x31 /opt/wonderful/thirdparty/blocksds/core/libs/libnds/lib/libnds9.a(std_streams.c.o)
 *fill*         0x020097f1        0x3 
 .bss.stdout_buf
                0x020097f4       0x31 /opt/wonderful/thirdparty/blocksds/core/libs/libnds/lib/libnds9.a(std_streams.c.o)
 *fill*         0x02009825        0x3 
 .bss.stdin_fn_read
                0x02009828        0x4 /opt/wonderful/thirdparty/blocksds/core/libs/libnds/lib/libnds9.a(syscalls_filesystem.c.o)
                0x02009828                stdin_fn_read
 .bss.bgIsTextLut
                0x0200982c        0x8 /opt/wonderful/thirdparty/blocksds/core/libs/libnds/lib/libnds9.a(background.c.o)
                0x0200982c                bgIsTextLut
 .bss.bgState   0x02009834      0x140 /opt/wonderful/thirdparty/blocksds/core/libs/libnds/lib/libnds9.a(background.c.o)
                0x02009834                bgState
 .bss.__lock___libc_recursive_mutex
                0x02009974       0x10 /opt/wonderful/thirdparty/blocksds/core/libs/libnds/lib/libnds9.a(locks.c.o)
                0x02009974                __lock___libc_recursive_mutex
 .bss.locks     0x02009984      0x210 /opt/wonderful/thirdparty/blocksds/core/libs/libnds/lib/libnds9.a(locks.c.o)
 *(EXCLUDE_FILE(*.twl*) COMMON)
                0x02009b94                        . = ALIGN (0x4)
                0x02009b94                        __bss_end__ = ABSOLUTE (.)

.noinit         0x02009b94        0x0
                0x02009b94                        __noinit_start = ABSOLUTE (.)
 *(EXCLUDE_FILE(*.twl*) .noinit)
 *(EXCLUDE_FILE(*.twl*) .noinit.*)
 *(EXCLUDE_FILE(*.twl*) .gnu.linkonce.n.*)
                0x02009b94                        . = ALIGN (0x4)
                0x02009b94                        __noinit_end = ABSOLUTE (.)

.tls            0x02009b94        0x8
                0x02009b94                        __tls_start = ABSOLUTE (.)
                0x02009b9c                        . = ((. + __tdata_size) + __tbss_size)
 *fill*         0x02009b94        0x8 
                0x02009b9c                        . = ALIGN (0x4)
                0x02009b9c                        __tls_end = ABSOLUTE (.)
                0x02009b9c                        __end__ = ABSOLUTE (.)
                0x00000008                        __tls_size = (__tls_end - __tls_start)

.twl            0x02009b9c        0x0 load address 0x02400000
                0x02400000                        __arm9i_lma__ = LOADADDR (.twl)
                0x02009b9c                        __arm9i_start__ = ABSOLUTE (.)
 *(.twl)
 *(.twl.text .twl.text.*)
 *(.twl.rodata .twl.rodata.*)
 *(.twl.data .twl.data.*)
 *.twl*(.text .stub .text.* .gnu.linkonce.t.*)
 *.twl*(.rodata)
 *.twl*(.roda)
 *.twl*(.rodata.*)
 *.twl*(.data)
 *.twl*(.data.*)
 *.twl*(.gnu.linkonce.d*)
                0x02009b9c                        . = ALIGN (0x4)
                0x02009b9c                        __arm9i_end__ = ABSOLUTE (.)

.twl_bss        0x02009b9c        0x0
                0x02009b9c                        __twl_bss_start__ = ABSOLUTE (.)
 *(.twl_bss .twl_bss.*)
 *(.twl.bss .twl.bss.*)
 *.twl*(.dynbss)
 *.twl*(.gnu.linkonce.b*)
 *.twl*(.bss*)
 *.twl*(COMMON)
                0x02009b9c                        . = ALIGN (0x4)
                0x02009b9c                        __twl_bss_end__ = ABSOLUTE (.)

.twl_noinit     0x02009b9c        0x0
                0x02009b9c                        __twl_noinit_start__ = ABSOLUTE (.)
 *(.twl_noinit .twl_noinit.*)
 *(.twl.noinit .twl.noinit.*)
 *.twl*(.noinit)
 *.twl*(.noinit.*)
 *.twl*(.gnu.linkonce.n.*)
                0x02009b9c                        . = ALIGN (0x4)
                0x02009b9c                        __twl_noinit_end__ = ABSOLUTE (.)
                0x02009b9c                        __twl_end__ = ABSOLUTE (.)
                0x00000410                        __itcm_size = (__itcm_end - __itcm_start)
                0x00000000                        __dtcm_size = (__dtcm_end - __dtcm_data_start)
                0x00000000                        __arm9i_size__ = (__arm9i_end__ - __arm9i_start__)
                0x000011bc                        __bss_size__ = (__bss_end__ - __bss_start__)
                0x00000000                        __sbss_size = (__sbss_end - __sbss_start)
                0x00000000                        __twl_bss_size__ = (__twl_bss_end__ - __twl_bss_start__)

.stab
 *(.stab)

.stabstr
 *(.stabstr)

.stab.excl
 *(.stab.excl)

.stab.exclstr
 *(.stab.exclstr)

.stab.index
 *(.stab.index)

.stab.indexstr
 *(.stab.indexstr)

.comment        0x00000000       0x4d
 *(.comment)
 .comment       0x00000000       0x4d build/EcuaTrials/source/main.c.o
                                 0x23 (size before relaxing)
 .comment       0x0000004d        0x0 /opt/wonderful/thirdparty/blocksds/core/libs/libnds/lib/libnds9.a(crt0_argv.c.o)
                                 0x23 (size before relaxing)
 .comment       0x0000004d        0x0 /opt/wonderful/thirdparty/blocksds/core/libs/libnds/lib/libnds9.a(videoGL.c.o)
                                 0x23 (size before relaxing)
 .comment       0x0000004d        0x0 /opt/wonderful/thirdparty/blocksds/core/libs/libnds/lib/libnds9.a(video.c.o)
                                 0x23 (size before relaxing)
 .comment       0x0000004d        0x0 /opt/wonderful/thirdparty/blocksds/core/libs/libnds/lib/libnds9.a(trig.c.o)
                                 0x23 (size before relaxing)
 .comment       0x0000004d        0x0 /opt/wonderful/thirdparty/blocksds/core/libs/libnds/lib/libnds9.a(dlmalloc.c.o)
                                 0x23 (size before relaxing)
 .comment       0x0000004d        0x0 /opt/wonderful/thirdparty/blocksds/core/libs/libnds/lib/libnds9.a(initSystem.c.o)
                                 0x23 (size before relaxing)
 .comment       0x0000004d        0x0 /opt/wonderful/thirdparty/blocksds/core/libs/libnds/lib/libnds9.a(exceptions.c.o)
                                 0x23 (size before relaxing)
 .comment       0x0000004d        0x0 /opt/wonderful/thirdparty/blocksds/core/libs/libnds/lib/libnds9.a(system.c.o)
                                 0x23 (size before relaxing)
 .comment       0x0000004d        0x0 /opt/wonderful/thirdparty/blocksds/core/libs/libnds/lib/libnds9.a(cache.c.o)
                                 0x23 (size before relaxing)
 .comment       0x0000004d        0x0 /opt/wonderful/thirdparty/blocksds/core/libs/libnds/lib/libnds9.a(keys.c.o)
                                 0x23 (size before relaxing)
 .comment       0x0000004d        0x0 /opt/wonderful/thirdparty/blocksds/core/libs/libnds/lib/libnds9.a(securearea.c.o)
                                 0x23 (size before relaxing)
 .comment       0x0000004d        0x0 /opt/wonderful/thirdparty/blocksds/core/libs/libnds/lib/libnds9.a(console.c.o)
                                 0x23 (size before relaxing)
 .comment       0x0000004d        0x0 /opt/wonderful/thirdparty/blocksds/core/libs/libnds/lib/libnds9.a(sassert.c.o)
                                 0x23 (size before relaxing)
 .comment       0x0000004d        0x0 /opt/wonderful/thirdparty/blocksds/core/libs/libnds/lib/libnds9.a(dynamicArray.c.o)
                                 0x23 (size before relaxing)
 .comment       0x0000004d        0x0 /opt/wonderful/thirdparty/blocksds/core/libs/libnds/lib/libnds9.a(exit.c.o)
                                 0x23 (size before relaxing)
 .comment       0x0000004d        0x0 /opt/wonderful/thirdparty/blocksds/core/libs/libnds/lib/libnds9.a(heapfuncs.c.o)
                                 0x23 (size before relaxing)
 .comment       0x0000004d        0x0 /opt/wonderful/thirdparty/blocksds/core/libs/libnds/lib/libnds9.a(sbrk.c.o)
                                 0x23 (size before relaxing)
 .comment       0x0000004d        0x0 /opt/wonderful/thirdparty/blocksds/core/libs/libnds/lib/libnds9.a(exceptions.c.o)
                                 0x23 (size before relaxing)
 .comment       0x0000004d        0x0 /opt/wonderful/thirdparty/blocksds/core/libs/libnds/lib/libnds9.a(swiIntrWait.c.o)
                                 0x23 (size before relaxing)
 .comment       0x0000004d        0x0 /opt/wonderful/thirdparty/blocksds/core/libs/libnds/lib/libnds9.a(interrupts.c.o)
                                 0x23 (size before relaxing)
 .comment       0x0000004d        0x0 /opt/wonderful/thirdparty/blocksds/core/libs/libnds/lib/libnds9.a(threads.c.o)
                                 0x23 (size before relaxing)
 .comment       0x0000004d        0x0 /opt/wonderful/thirdparty/blocksds/core/libs/libnds/lib/libnds9.a(fifosystem.c.o)
                                 0x23 (size before relaxing)
 .comment       0x0000004d        0x0 /opt/wonderful/thirdparty/blocksds/core/libs/libnds/lib/libnds9.a(default_font.png.o)
                                 0x23 (size before relaxing)
 .comment       0x0000004d        0x0 /opt/wonderful/thirdparty/blocksds/core/libs/libnds/lib/libnds9.a(std_streams.c.o)
                                 0x23 (size before relaxing)
 .comment       0x0000004d        0x0 /opt/wonderful/thirdparty/blocksds/core/libs/libnds/lib/libnds9.a(syscalls_filesystem.c.o)
                                 0x23 (size before relaxing)
 .comment       0x0000004d        0x0 /opt/wonderful/thirdparty/blocksds/core/libs/libnds/lib/libnds9.a(background.c.o)
                                 0x23 (size before relaxing)
 .comment       0x0000004d        0x0 /opt/wonderful/thirdparty/blocksds/core/libs/libnds/lib/libnds9.a(locks.c.o)
                                 0x23 (size before relaxing)
 .comment       0x0000004d        0x0 /opt/wonderful/thirdparty/blocksds/core/libs/libnds/lib/libnds9.a(coroutine.c.o)
                                 0x23 (size before relaxing)
 .comment       0x0000004d        0x0 /opt/wonderful/toolchain/gcc-arm-none-eabi/lib/gcc/arm-none-eabi/16.2.0/../../../../arm-none-eabi/lib/thumb/arm946e-s/libc.a(libc_errno_errno.c.o)
                                 0x2c (size before relaxing)
 .comment       0x0000004d        0x0 /opt/wonderful/toolchain/gcc-arm-none-eabi/lib/gcc/arm-none-eabi/16.2.0/../../../../arm-none-eabi/lib/thumb/arm946e-s/libc.a(libc_misc_init.c.o)
                                 0x2c (size before relaxing)
 .comment       0x0000004d        0x0 /opt/wonderful/toolchain/gcc-arm-none-eabi/lib/gcc/arm-none-eabi/16.2.0/../../../../arm-none-eabi/lib/thumb/arm946e-s/libc.a(libc_stdio_bufio.c.o)
                                 0x2c (size before relaxing)
 .comment       0x0000004d        0x0 /opt/wonderful/toolchain/gcc-arm-none-eabi/lib/gcc/arm-none-eabi/16.2.0/../../../../arm-none-eabi/lib/thumb/arm946e-s/libc.a(libc_stdio_bufio_close_nf.c.o)
                                 0x2c (size before relaxing)
 .comment       0x0000004d        0x0 /opt/wonderful/toolchain/gcc-arm-none-eabi/lib/gcc/arm-none-eabi/16.2.0/../../../../arm-none-eabi/lib/thumb/arm946e-s/libc.a(libc_stdio_fflush.c.o)
                                 0x2c (size before relaxing)
 .comment       0x0000004d        0x0 /opt/wonderful/toolchain/gcc-arm-none-eabi/lib/gcc/arm-none-eabi/16.2.0/../../../../arm-none-eabi/lib/thumb/arm946e-s/libc.a(libc_stdio_printf.c.o)
                                 0x2c (size before relaxing)
 .comment       0x0000004d        0x0 /opt/wonderful/toolchain/gcc-arm-none-eabi/lib/gcc/arm-none-eabi/16.2.0/../../../../arm-none-eabi/lib/thumb/arm946e-s/libc.a(libc_stdio_puts.c.o)
                                 0x2c (size before relaxing)
 .comment       0x0000004d        0x0 /opt/wonderful/toolchain/gcc-arm-none-eabi/lib/gcc/arm-none-eabi/16.2.0/../../../../arm-none-eabi/lib/thumb/arm946e-s/libc.a(libc_stdio_vfprintf.c.o)
                                 0x2c (size before relaxing)
 .comment       0x0000004d        0x0 /opt/wonderful/toolchain/gcc-arm-none-eabi/lib/gcc/arm-none-eabi/16.2.0/../../../../arm-none-eabi/lib/thumb/arm946e-s/libc.a(libc_stdio_vprintf.c.o)
                                 0x2c (size before relaxing)
 .comment       0x0000004d        0x0 /opt/wonderful/toolchain/gcc-arm-none-eabi/lib/gcc/arm-none-eabi/16.2.0/../../../../arm-none-eabi/lib/thumb/arm946e-s/libc.a(libc_stdio_dtoa_ryu.c.o)
                                 0x2c (size before relaxing)
 .comment       0x0000004d        0x0 /opt/wonderful/toolchain/gcc-arm-none-eabi/lib/gcc/arm-none-eabi/16.2.0/../../../../arm-none-eabi/lib/thumb/arm946e-s/libc.a(libc_stdio_ryu_log10.c.o)
                                 0x2c (size before relaxing)
 .comment       0x0000004d        0x0 /opt/wonderful/toolchain/gcc-arm-none-eabi/lib/gcc/arm-none-eabi/16.2.0/../../../../arm-none-eabi/lib/thumb/arm946e-s/libc.a(libc_stdio_ryu_pow5bits.c.o)
                                 0x2c (size before relaxing)
 .comment       0x0000004d        0x0 /opt/wonderful/toolchain/gcc-arm-none-eabi/lib/gcc/arm-none-eabi/16.2.0/../../../../arm-none-eabi/lib/thumb/arm946e-s/libc.a(libc_stdio_ryu_table.c.o)
                                 0x2c (size before relaxing)
 .comment       0x0000004d        0x0 /opt/wonderful/toolchain/gcc-arm-none-eabi/lib/gcc/arm-none-eabi/16.2.0/../../../../arm-none-eabi/lib/thumb/arm946e-s/libc.a(libc_stdio_ryu_umul128.c.o)
                                 0x2c (size before relaxing)
 .comment       0x0000004d        0x0 /opt/wonderful/toolchain/gcc-arm-none-eabi/lib/gcc/arm-none-eabi/16.2.0/../../../../arm-none-eabi/lib/thumb/arm946e-s/libc.a(libc_stdlib_exit.c.o)
                                 0x2c (size before relaxing)
 .comment       0x0000004d        0x0 /opt/wonderful/toolchain/gcc-arm-none-eabi/lib/gcc/arm-none-eabi/16.2.0/../../../../arm-none-eabi/lib/thumb/arm946e-s/libc.a(libc_stdlib_wctomb_r.c.o)
                                 0x2c (size before relaxing)
 .comment       0x0000004d        0x0 /opt/wonderful/toolchain/gcc-arm-none-eabi/lib/gcc/arm-none-eabi/16.2.0/../../../../arm-none-eabi/lib/thumb/arm946e-s/libc.a(libc_string_strnlen.c.o)
                                 0x2c (size before relaxing)
 .comment       0x0000004d        0x0 /opt/wonderful/toolchain/gcc-arm-none-eabi/lib/gcc/arm-none-eabi/16.2.0/../../../../arm-none-eabi/lib/thumb/arm946e-s/libc.a(libc_time_time.c.o)
                                 0x2c (size before relaxing)
 .comment       0x0000004d        0x0 /opt/wonderful/toolchain/gcc-arm-none-eabi/lib/gcc/arm-none-eabi/16.2.0/../../../../arm-none-eabi/lib/thumb/arm946e-s/libc.a(libc_locale_localedata.c.o)
                                 0x2c (size before relaxing)
 .comment       0x0000004d        0x0 /opt/wonderful/toolchain/gcc-arm-none-eabi/lib/gcc/arm-none-eabi/16.2.0/../../../../arm-none-eabi/lib/thumb/arm946e-s/libc.a(libc_misc_fini.c.o)
                                 0x2c (size before relaxing)
 .comment       0x0000004d        0x0 /opt/wonderful/toolchain/gcc-arm-none-eabi/lib/gcc/arm-none-eabi/16.2.0/../../../../arm-none-eabi/lib/thumb/arm946e-s/libc.a(libc_stdio_atomic_store.c.o)
                                 0x2c (size before relaxing)
 .comment       0x0000004d        0x0 /opt/wonderful/toolchain/gcc-arm-none-eabi/lib/gcc/arm-none-eabi/16.2.0/../../../../arm-none-eabi/lib/thumb/arm946e-s/libc.a(libc_stdio_dtox_engine.c.o)
                                 0x2c (size before relaxing)
 .comment       0x0000004d        0x0 /opt/wonderful/thirdparty/blocksds/core/libs/libnds/lib/libnds9.a(syscalls.c.o)
                                 0x23 (size before relaxing)
 .comment       0x0000004d        0x0 /opt/wonderful/toolchain/gcc-arm-none-eabi/lib/gcc/arm-none-eabi/16.2.0/thumb/arm946e-s/libgcc.a(_udivmoddi4.o)
                                 0x23 (size before relaxing)
 .comment       0x0000004d        0x0 /opt/wonderful/toolchain/gcc-arm-none-eabi/lib/gcc/arm-none-eabi/16.2.0/thumb/arm946e-s/crtend.o
                                 0x23 (size before relaxing)

.gnu.build.attributes
 *(.gnu.build.attributes .gnu.build.attributes.*)

.debug
 *(.debug)

.line
 *(.line)

.debug_srcinfo
 *(.debug_srcinfo)

.debug_sfnames
 *(.debug_sfnames)

.debug_aranges  0x00000000     0x1520
 *(.debug_aranges)
 .debug_aranges
                0x00000000       0x20 /opt/wonderful/thirdparty/blocksds/core/sys/crts/ds_arm9_crt0.o
 .debug_aranges
                0x00000020       0x50 /opt/wonderful/thirdparty/blocksds/core/libs/libnds/lib/libnds9.a(mpu_setup.s.o)
 .debug_aranges
                0x00000070      0x140 /opt/wonderful/thirdparty/blocksds/core/libs/libnds/lib/libnds9.a(cp15.s.o)
 .debug_aranges
                0x000001b0       0x20 /opt/wonderful/thirdparty/blocksds/core/libs/libnds/lib/libnds9.a(crt0_argv.c.o)
 .debug_aranges
                0x000001d0      0x1c0 /opt/wonderful/thirdparty/blocksds/core/libs/libnds/lib/libnds9.a(videoGL.c.o)
 .debug_aranges
                0x00000390       0x38 /opt/wonderful/thirdparty/blocksds/core/libs/libnds/lib/libnds9.a(video.c.o)
 .debug_aranges
                0x000003c8       0x60 /opt/wonderful/thirdparty/blocksds/core/libs/libnds/lib/libnds9.a(trig.c.o)
 .debug_aranges
                0x00000428      0x110 /opt/wonderful/thirdparty/blocksds/core/libs/libnds/lib/libnds9.a(dlmalloc.c.o)
 .debug_aranges
                0x00000538       0x20 /opt/wonderful/thirdparty/blocksds/core/libs/libnds/lib/libnds9.a(initSystem.c.o)
 .debug_aranges
                0x00000558       0x58 /opt/wonderful/thirdparty/blocksds/core/libs/libnds/lib/libnds9.a(exceptions.c.o)
 .debug_aranges
                0x000005b0       0x88 /opt/wonderful/thirdparty/blocksds/core/libs/libnds/lib/libnds9.a(system.c.o)
 .debug_aranges
                0x00000638       0x30 /opt/wonderful/thirdparty/blocksds/core/libs/libnds/lib/libnds9.a(cache.c.o)
 .debug_aranges
                0x00000668       0x60 /opt/wonderful/thirdparty/blocksds/core/libs/libnds/lib/libnds9.a(keys.c.o)
 .debug_aranges
                0x000006c8       0x18 /opt/wonderful/thirdparty/blocksds/core/libs/libnds/lib/libnds9.a(securearea.c.o)
 .debug_aranges
                0x000006e0       0xf0 /opt/wonderful/thirdparty/blocksds/core/libs/libnds/lib/libnds9.a(console.c.o)
 .debug_aranges
                0x000007d0       0x20 /opt/wonderful/thirdparty/blocksds/core/libs/libnds/lib/libnds9.a(sassert.c.o)
 .debug_aranges
                0x000007f0       0x38 /opt/wonderful/thirdparty/blocksds/core/libs/libnds/lib/libnds9.a(dynamicArray.c.o)
 .debug_aranges
                0x00000828       0x38 /opt/wonderful/thirdparty/blocksds/core/libs/libnds/lib/libnds9.a(exit.c.o)
 .debug_aranges
                0x00000860       0x38 /opt/wonderful/thirdparty/blocksds/core/libs/libnds/lib/libnds9.a(heapfuncs.c.o)
 .debug_aranges
                0x00000898       0x20 /opt/wonderful/thirdparty/blocksds/core/libs/libnds/lib/libnds9.a(sbrk.c.o)
 .debug_aranges
                0x000008b8       0x38 /opt/wonderful/thirdparty/blocksds/core/libs/libnds/lib/libnds9.a(exceptions.c.o)
 .debug_aranges
                0x000008f0       0x28 /opt/wonderful/thirdparty/blocksds/core/libs/libnds/lib/libnds9.a(swiIntrWait.c.o)
 .debug_aranges
                0x00000918       0x48 /opt/wonderful/thirdparty/blocksds/core/libs/libnds/lib/libnds9.a(interrupts.c.o)
 .debug_aranges
                0x00000960       0x90 /opt/wonderful/thirdparty/blocksds/core/libs/libnds/lib/libnds9.a(threads.c.o)
 .debug_aranges
                0x000009f0       0xd8 /opt/wonderful/thirdparty/blocksds/core/libs/libnds/lib/libnds9.a(fifosystem.c.o)
 .debug_aranges
                0x00000ac8       0x18 /opt/wonderful/thirdparty/blocksds/core/libs/libnds/lib/libnds9.a(default_font.png.o)
 .debug_aranges
                0x00000ae0       0x20 /opt/wonderful/thirdparty/blocksds/core/libs/libnds/lib/libnds9.a(cpu_clock.s.o)
 .debug_aranges
                0x00000b00       0x38 /opt/wonderful/thirdparty/blocksds/core/libs/libnds/lib/libnds9.a(coroutine.s.o)
 .debug_aranges
                0x00000b38       0x30 /opt/wonderful/thirdparty/blocksds/core/libs/libnds/lib/libnds9.a(memcpy.s.o)
 .debug_aranges
                0x00000b68       0x40 /opt/wonderful/thirdparty/blocksds/core/libs/libnds/lib/libnds9.a(memset.s.o)
 .debug_aranges
                0x00000ba8       0x20 /opt/wonderful/thirdparty/blocksds/core/libs/libnds/lib/libnds9.a(exceptionHandler.s.o)
 .debug_aranges
                0x00000bc8       0x28 /opt/wonderful/thirdparty/blocksds/core/libs/libnds/lib/libnds9.a(dma.s.o)
 .debug_aranges
                0x00000bf0       0x20 /opt/wonderful/thirdparty/blocksds/core/libs/libnds/lib/libnds9.a(interruptDispatcher.s.o)
 .debug_aranges
                0x00000c10       0x20 /opt/wonderful/thirdparty/blocksds/core/libs/libnds/lib/libnds9.a(aeabi_read_tp.s.o)
 .debug_aranges
                0x00000c30       0x28 /opt/wonderful/thirdparty/blocksds/core/libs/libnds/lib/libnds9.a(cpu.s.o)
 .debug_aranges
                0x00000c58       0x58 /opt/wonderful/thirdparty/blocksds/core/libs/libnds/lib/libnds9.a(std_streams.c.o)
 .debug_aranges
                0x00000cb0      0x158 /opt/wonderful/thirdparty/blocksds/core/libs/libnds/lib/libnds9.a(syscalls_filesystem.c.o)
 .debug_aranges
                0x00000e08       0xd8 /opt/wonderful/thirdparty/blocksds/core/libs/libnds/lib/libnds9.a(background.c.o)
 .debug_aranges
                0x00000ee0       0x68 /opt/wonderful/thirdparty/blocksds/core/libs/libnds/lib/libnds9.a(locks.c.o)
 .debug_aranges
                0x00000f48       0x28 /opt/wonderful/thirdparty/blocksds/core/libs/libnds/lib/libnds9.a(coroutine.c.o)
 .debug_aranges
                0x00000f70       0x20 /opt/wonderful/toolchain/gcc-arm-none-eabi/lib/gcc/arm-none-eabi/16.2.0/../../../../arm-none-eabi/lib/thumb/arm946e-s/libc.a(strlen.S.o)
 .debug_aranges
                0x00000f90       0x18 /opt/wonderful/toolchain/gcc-arm-none-eabi/lib/gcc/arm-none-eabi/16.2.0/../../../../arm-none-eabi/lib/thumb/arm946e-s/libc.a(libc_errno_errno.c.o)
 .debug_aranges
                0x00000fa8       0x20 /opt/wonderful/toolchain/gcc-arm-none-eabi/lib/gcc/arm-none-eabi/16.2.0/../../../../arm-none-eabi/lib/thumb/arm946e-s/libc.a(libc_misc_init.c.o)
 .debug_aranges
                0x00000fc8       0x60 /opt/wonderful/toolchain/gcc-arm-none-eabi/lib/gcc/arm-none-eabi/16.2.0/../../../../arm-none-eabi/lib/thumb/arm946e-s/libc.a(libc_stdio_bufio.c.o)
 .debug_aranges
                0x00001028       0x20 /opt/wonderful/toolchain/gcc-arm-none-eabi/lib/gcc/arm-none-eabi/16.2.0/../../../../arm-none-eabi/lib/thumb/arm946e-s/libc.a(libc_stdio_bufio_close_nf.c.o)
 .debug_aranges
                0x00001048       0x20 /opt/wonderful/toolchain/gcc-arm-none-eabi/lib/gcc/arm-none-eabi/16.2.0/../../../../arm-none-eabi/lib/thumb/arm946e-s/libc.a(libc_stdio_fflush.c.o)
 .debug_aranges
                0x00001068       0x20 /opt/wonderful/toolchain/gcc-arm-none-eabi/lib/gcc/arm-none-eabi/16.2.0/../../../../arm-none-eabi/lib/thumb/arm946e-s/libc.a(libc_stdio_printf.c.o)
 .debug_aranges
                0x00001088       0x20 /opt/wonderful/toolchain/gcc-arm-none-eabi/lib/gcc/arm-none-eabi/16.2.0/../../../../arm-none-eabi/lib/thumb/arm946e-s/libc.a(libc_stdio_puts.c.o)
 .debug_aranges
                0x000010a8       0x30 /opt/wonderful/toolchain/gcc-arm-none-eabi/lib/gcc/arm-none-eabi/16.2.0/../../../../arm-none-eabi/lib/thumb/arm946e-s/libc.a(libc_stdio_vfprintf.c.o)
 .debug_aranges
                0x000010d8       0x20 /opt/wonderful/toolchain/gcc-arm-none-eabi/lib/gcc/arm-none-eabi/16.2.0/../../../../arm-none-eabi/lib/thumb/arm946e-s/libc.a(libc_stdio_vprintf.c.o)
 .debug_aranges
                0x000010f8       0x30 /opt/wonderful/toolchain/gcc-arm-none-eabi/lib/gcc/arm-none-eabi/16.2.0/../../../../arm-none-eabi/lib/thumb/arm946e-s/libc.a(libc_stdio_dtoa_ryu.c.o)
 .debug_aranges
                0x00001128       0x28 /opt/wonderful/toolchain/gcc-arm-none-eabi/lib/gcc/arm-none-eabi/16.2.0/../../../../arm-none-eabi/lib/thumb/arm946e-s/libc.a(libc_stdio_ryu_log10.c.o)
 .debug_aranges
                0x00001150       0x20 /opt/wonderful/toolchain/gcc-arm-none-eabi/lib/gcc/arm-none-eabi/16.2.0/../../../../arm-none-eabi/lib/thumb/arm946e-s/libc.a(libc_stdio_ryu_pow5bits.c.o)
 .debug_aranges
                0x00001170       0x30 /opt/wonderful/toolchain/gcc-arm-none-eabi/lib/gcc/arm-none-eabi/16.2.0/../../../../arm-none-eabi/lib/thumb/arm946e-s/libc.a(libc_stdio_ryu_table.c.o)
 .debug_aranges
                0x000011a0       0x28 /opt/wonderful/toolchain/gcc-arm-none-eabi/lib/gcc/arm-none-eabi/16.2.0/../../../../arm-none-eabi/lib/thumb/arm946e-s/libc.a(libc_stdio_ryu_umul128.c.o)
 .debug_aranges
                0x000011c8       0x20 /opt/wonderful/toolchain/gcc-arm-none-eabi/lib/gcc/arm-none-eabi/16.2.0/../../../../arm-none-eabi/lib/thumb/arm946e-s/libc.a(libc_stdlib_exit.c.o)
 .debug_aranges
                0x000011e8       0x28 /opt/wonderful/toolchain/gcc-arm-none-eabi/lib/gcc/arm-none-eabi/16.2.0/../../../../arm-none-eabi/lib/thumb/arm946e-s/libc.a(libc_stdlib_wctomb_r.c.o)
 .debug_aranges
                0x00001210       0x20 /opt/wonderful/toolchain/gcc-arm-none-eabi/lib/gcc/arm-none-eabi/16.2.0/../../../../arm-none-eabi/lib/thumb/arm946e-s/libc.a(libc_string_strnlen.c.o)
 .debug_aranges
                0x00001230       0x20 /opt/wonderful/toolchain/gcc-arm-none-eabi/lib/gcc/arm-none-eabi/16.2.0/../../../../arm-none-eabi/lib/thumb/arm946e-s/libc.a(libc_time_time.c.o)
 .debug_aranges
                0x00001250       0x18 /opt/wonderful/toolchain/gcc-arm-none-eabi/lib/gcc/arm-none-eabi/16.2.0/../../../../arm-none-eabi/lib/thumb/arm946e-s/libc.a(libc_locale_localedata.c.o)
 .debug_aranges
                0x00001268       0x20 /opt/wonderful/toolchain/gcc-arm-none-eabi/lib/gcc/arm-none-eabi/16.2.0/../../../../arm-none-eabi/lib/thumb/arm946e-s/libc.a(libc_misc_fini.c.o)
 .debug_aranges
                0x00001288       0x20 /opt/wonderful/toolchain/gcc-arm-none-eabi/lib/gcc/arm-none-eabi/16.2.0/../../../../arm-none-eabi/lib/thumb/arm946e-s/libc.a(libc_stdio_atomic_store.c.o)
 .debug_aranges
                0x000012a8       0x20 /opt/wonderful/toolchain/gcc-arm-none-eabi/lib/gcc/arm-none-eabi/16.2.0/../../../../arm-none-eabi/lib/thumb/arm946e-s/libc.a(libc_stdio_dtox_engine.c.o)
 .debug_aranges
                0x000012c8       0xb8 /opt/wonderful/thirdparty/blocksds/core/libs/libnds/lib/libnds9.a(syscalls.c.o)
 .debug_aranges
                0x00001380       0x20 /opt/wonderful/toolchain/gcc-arm-none-eabi/lib/gcc/arm-none-eabi/16.2.0/thumb/arm946e-s/libgcc.a(_thumb1_case_uqi.o)
 .debug_aranges
                0x000013a0       0x20 /opt/wonderful/toolchain/gcc-arm-none-eabi/lib/gcc/arm-none-eabi/16.2.0/thumb/arm946e-s/libgcc.a(_thumb1_case_uhi.o)
 .debug_aranges
                0x000013c0       0x20 /opt/wonderful/toolchain/gcc-arm-none-eabi/lib/gcc/arm-none-eabi/16.2.0/thumb/arm946e-s/libgcc.a(_udivsi3.o)
 .debug_aranges
                0x000013e0       0x20 /opt/wonderful/toolchain/gcc-arm-none-eabi/lib/gcc/arm-none-eabi/16.2.0/thumb/arm946e-s/libgcc.a(_divsi3.o)
 .debug_aranges
                0x00001400       0x20 /opt/wonderful/toolchain/gcc-arm-none-eabi/lib/gcc/arm-none-eabi/16.2.0/thumb/arm946e-s/libgcc.a(_dvmd_tls.o)
 .debug_aranges
                0x00001420       0x20 /opt/wonderful/toolchain/gcc-arm-none-eabi/lib/gcc/arm-none-eabi/16.2.0/thumb/arm946e-s/libgcc.a(_lshrdi3.o)
 .debug_aranges
                0x00001440       0x20 /opt/wonderful/toolchain/gcc-arm-none-eabi/lib/gcc/arm-none-eabi/16.2.0/thumb/arm946e-s/libgcc.a(_ashrdi3.o)
 .debug_aranges
                0x00001460       0x20 /opt/wonderful/toolchain/gcc-arm-none-eabi/lib/gcc/arm-none-eabi/16.2.0/thumb/arm946e-s/libgcc.a(_ashldi3.o)
 .debug_aranges
                0x00001480       0x20 /opt/wonderful/toolchain/gcc-arm-none-eabi/lib/gcc/arm-none-eabi/16.2.0/thumb/arm946e-s/libgcc.a(_clzsi2.o)
 .debug_aranges
                0x000014a0       0x20 /opt/wonderful/toolchain/gcc-arm-none-eabi/lib/gcc/arm-none-eabi/16.2.0/thumb/arm946e-s/libgcc.a(_clzdi2.o)
 .debug_aranges
                0x000014c0       0x20 /opt/wonderful/toolchain/gcc-arm-none-eabi/lib/gcc/arm-none-eabi/16.2.0/thumb/arm946e-s/libgcc.a(_aeabi_uldivmod.o)
 .debug_aranges
                0x000014e0       0x20 /opt/wonderful/toolchain/gcc-arm-none-eabi/lib/gcc/arm-none-eabi/16.2.0/thumb/arm946e-s/libgcc.a(_udivmoddi4.o)
 .debug_aranges
                0x00001500       0x20 /opt/wonderful/toolchain/gcc-arm-none-eabi/lib/gcc/arm-none-eabi/16.2.0/thumb/arm946e-s/libgcc.a(muldi3.o)

.debug_pubnames
 *(.debug_pubnames)

.debug_info     0x00000000    0x23075
 *(.debug_info .gnu.linkonce.wi.*)
 .debug_info    0x00000000       0x25 /opt/wonderful/thirdparty/blocksds/core/sys/crts/ds_arm9_crt0.o
 .debug_info    0x00000025       0x23 /opt/wonderful/thirdparty/blocksds/core/libs/libnds/lib/libnds9.a(mpu_setup.s.o)
 .debug_info    0x00000048       0x23 /opt/wonderful/thirdparty/blocksds/core/libs/libnds/lib/libnds9.a(cp15.s.o)
 .debug_info    0x0000006b      0x1f8 /opt/wonderful/thirdparty/blocksds/core/libs/libnds/lib/libnds9.a(crt0_argv.c.o)
 .debug_info    0x00000263     0x5801 /opt/wonderful/thirdparty/blocksds/core/libs/libnds/lib/libnds9.a(videoGL.c.o)
 .debug_info    0x00005a64      0x96f /opt/wonderful/thirdparty/blocksds/core/libs/libnds/lib/libnds9.a(video.c.o)
 .debug_info    0x000063d3      0x905 /opt/wonderful/thirdparty/blocksds/core/libs/libnds/lib/libnds9.a(trig.c.o)
 .debug_info    0x00006cd8     0x5267 /opt/wonderful/thirdparty/blocksds/core/libs/libnds/lib/libnds9.a(dlmalloc.c.o)
 .debug_info    0x0000bf3f      0x849 /opt/wonderful/thirdparty/blocksds/core/libs/libnds/lib/libnds9.a(initSystem.c.o)
 .debug_info    0x0000c788     0x1454 /opt/wonderful/thirdparty/blocksds/core/libs/libnds/lib/libnds9.a(exceptions.c.o)
 .debug_info    0x0000dbdc     0x1103 /opt/wonderful/thirdparty/blocksds/core/libs/libnds/lib/libnds9.a(system.c.o)
 .debug_info    0x0000ecdf      0x367 /opt/wonderful/thirdparty/blocksds/core/libs/libnds/lib/libnds9.a(cache.c.o)
 .debug_info    0x0000f046      0x74b /opt/wonderful/thirdparty/blocksds/core/libs/libnds/lib/libnds9.a(keys.c.o)
 .debug_info    0x0000f791       0x5f /opt/wonderful/thirdparty/blocksds/core/libs/libnds/lib/libnds9.a(securearea.c.o)
 .debug_info    0x0000f7f0     0x2a13 /opt/wonderful/thirdparty/blocksds/core/libs/libnds/lib/libnds9.a(console.c.o)
 .debug_info    0x00012203      0x77b /opt/wonderful/thirdparty/blocksds/core/libs/libnds/lib/libnds9.a(sassert.c.o)
 .debug_info    0x0001297e      0x2a6 /opt/wonderful/thirdparty/blocksds/core/libs/libnds/lib/libnds9.a(dynamicArray.c.o)
 .debug_info    0x00012c24      0x65e /opt/wonderful/thirdparty/blocksds/core/libs/libnds/lib/libnds9.a(exit.c.o)
 .debug_info    0x00013282      0x1d4 /opt/wonderful/thirdparty/blocksds/core/libs/libnds/lib/libnds9.a(heapfuncs.c.o)
 .debug_info    0x00013456      0x121 /opt/wonderful/thirdparty/blocksds/core/libs/libnds/lib/libnds9.a(sbrk.c.o)
 .debug_info    0x00013577      0x3e6 /opt/wonderful/thirdparty/blocksds/core/libs/libnds/lib/libnds9.a(exceptions.c.o)
 .debug_info    0x0001395d      0x16f /opt/wonderful/thirdparty/blocksds/core/libs/libnds/lib/libnds9.a(swiIntrWait.c.o)
 .debug_info    0x00013acc      0x5ce /opt/wonderful/thirdparty/blocksds/core/libs/libnds/lib/libnds9.a(interrupts.c.o)
 .debug_info    0x0001409a     0x1404 /opt/wonderful/thirdparty/blocksds/core/libs/libnds/lib/libnds9.a(threads.c.o)
 .debug_info    0x0001549e     0x25ec /opt/wonderful/thirdparty/blocksds/core/libs/libnds/lib/libnds9.a(fifosystem.c.o)
 .debug_info    0x00017a8a       0x58 /opt/wonderful/thirdparty/blocksds/core/libs/libnds/lib/libnds9.a(default_font.png.o)
 .debug_info    0x00017ae2       0x24 /opt/wonderful/thirdparty/blocksds/core/libs/libnds/lib/libnds9.a(cpu_clock.s.o)
 .debug_info    0x00017b06       0x23 /opt/wonderful/thirdparty/blocksds/core/libs/libnds/lib/libnds9.a(coroutine.s.o)